02-17 17:13:31.773: D/Sensors(335): Smb380Sensor::~enable(0, 1)
02-17 17:13:31.773: D/Sensors(335): Smb380Sensor::~enable(0, 1) open /sys/class/input/event1/device/enable
02-17 17:13:31.773: D/Sensors(335): Smb380Sensor::~enable(0, 1) opened /sys/class/input/event1/device/enable
02-17 17:13:31.781: D/Sensors(335): Smb380Sensor::~setDelay(0, 200000000)
02-17 17:13:31.781: D/Sensors(335): Smb380Sensor::~setDelay(0, 66667000)
02-17 17:13:31.843: D/AccelerometerListener(604): enable(false)
02-17 17:13:31.898: I/WindowManager(335): Lock screen displayed!
02-17 17:13:31.957: D/SurfaceFlinger(139): Screen about to return, flinger = 0x2a008af0
02-17 17:13:32.562: D/PhoneStatusBar(542): disable: < expand icons alerts ticker system_info BACK HOME recent* CLOCK >
02-17 17:13:32.597: D/PhoneStatusBar(542): disable: < expand icons alerts ticker system_info back* home* recent clock* >
02-17 17:13:32.621: W/InputMethodManagerService(335): Window already focused, ignoring focus gain of: com.android.internal.view.IInputMethodClient$Stub$Proxy@41912050 attribute=android.view.inputmethod.EditorInfo@4119afc8
02-17 17:13:35.293: D/dalvikvm(6087): GC_EXPLICIT freed 1424K, 48% free 5725K/10887K, paused 1ms+4ms, total 33ms
02-17 17:13:35.722: D/dalvikvm(6087): GC_EXPLICIT freed 464K, 48% free 5701K/10887K, paused 2ms+3ms, total 31ms
02-17 17:13:35.750: D/dalvikvm(6087): GC_EXPLICIT freed 9K, 48% free 5692K/10887K, paused 2ms+3ms, total 29ms
02-17 17:13:35.773: D/dalvikvm(6087): GC_EXPLICIT freed <1K, 48% free 5691K/10887K, paused 2ms+2ms, total 24ms
02-17 17:13:40.789: D/AndroidRuntime(8800): >>>>>> AndroidRuntime START com.android.internal.os.RuntimeInit <<<<<<
02-17 17:13:40.789: D/AndroidRuntime(8800): CheckJNI is OFF
02-17 17:13:40.800: D/dalvikvm(8800): Trying to load lib libjavacore.so 0x0
02-17 17:13:40.804: D/dalvikvm(8800): Added shared lib libjavacore.so 0x0
02-17 17:13:40.812: D/dalvikvm(8800): Trying to load lib libnativehelper.so 0x0
02-17 17:13:40.812: D/dalvikvm(8800): Added shared lib libnativehelper.so 0x0
02-17 17:13:41.031: D/AndroidRuntime(8800): Calling main entry com.android.commands.pm.Pm
02-17 17:13:41.058: I/ActivityManager(335): Start proc com.android.defcontainer for service com.android.defcontainer/.DefaultContainerService: pid=8809 uid=10014 gids={1015, 2001, 1028}
02-17 17:13:41.113: W/ActivityManager(335): No content provider found for permission revoke: file:///data/local/tmp/LiveTV.apk
02-17 17:13:41.242: W/ActivityManager(335): No content provider found for permission revoke: file:///data/local/tmp/LiveTV.apk
02-17 17:13:41.496: D/dalvikvm(335): GC_CONCURRENT freed 2701K, 54% free 12983K/27719K, paused 4ms+10ms, total 89ms
02-17 17:13:42.203: I/PackageManager(335): Removing non-system package:com.hoperun.live
02-17 17:13:42.203: I/ActivityManager(335): Force stopping package com.hoperun.live uid=10048
02-17 17:13:43.250: I/PackageManager(335): Package com.hoperun.live codePath changed from /data/app/com.hoperun.live-2.apk to /data/app/com.hoperun.live-1.apk; Retaining data and using new
02-17 17:13:44.980: I/PackageManager(335): Running dexopt on: com.hoperun.live
02-17 17:13:45.046: D/dalvikvm(8824): DexOpt: 'Landroid/annotation/SuppressLint;' has an earlier definition; blocking out
02-17 17:13:45.046: D/dalvikvm(8824): DexOpt: 'Landroid/annotation/TargetApi;' has an earlier definition; blocking out
02-17 17:13:45.074: D/dalvikvm(8824): DexOpt: not verifying/optimizing 'Landroid/annotation/SuppressLint;': multiple definitions
02-17 17:13:45.078: D/dalvikvm(8824): DexOpt: not verifying/optimizing 'Landroid/annotation/TargetApi;': multiple definitions
02-17 17:13:45.316: D/dalvikvm(8824): DexOpt: load 31ms, verify+opt 240ms, 735852 bytes
02-17 17:13:46.406: I/ActivityManager(335): Force stopping package com.hoperun.live uid=10048
02-17 17:13:46.418: W/PackageManager(335): Code path for pkg : com.hoperun.live changing from /data/app/com.hoperun.live-2.apk to /data/app/com.hoperun.live-1.apk
02-17 17:13:46.418: W/PackageManager(335): Resource path for pkg : com.hoperun.live changing from /data/app/com.hoperun.live-2.apk to /data/app/com.hoperun.live-1.apk
02-17 17:13:46.593: D/PackageManager(335): New package installed in /data/app/com.hoperun.live-1.apk
02-17 17:13:46.593: W/PackageManager(335): Not granting permission android.permission.INSTALL_PACKAGES to package com.hoperun.live (protectionLevel=18 flags=0x8be46)
02-17 17:13:46.750: I/ActivityManager(335): Force stopping package com.hoperun.live uid=10048
02-17 17:13:46.765: D/PackageManager(335): generateServicesMap(android.accounts.AccountAuthenticator): 2 services unchanged
02-17 17:13:46.773: I/InputReader(335): Reconfiguring input devices.  changes=0x00000010
02-17 17:13:46.781: D/PackageManager(335): generateServicesMap(android.content.SyncAdapter): 4 services unchanged
02-17 17:13:46.785: D/BackupManagerService(335): Received broadcast Intent { act=android.intent.action.PACKAGE_REMOVED dat=package:com.hoperun.live flg=0x8000010 (has extras) }
02-17 17:13:46.828: I/ActivityManager(335): Start proc com.noshufou.android.su for broadcast com.noshufou.android.su/.UninstallReceiver: pid=8826 uid=10038 gids={3003, 1015, 1028}
02-17 17:13:46.839: I/dalvikvm(8826): Turning on JNI app bug workarounds for target SDK version 11...
02-17 17:13:46.863: D/PackageManager(335): generateServicesMap(android.accounts.AccountAuthenticator): 2 services unchanged
02-17 17:13:46.875: I/InputReader(335): Reconfiguring input devices.  changes=0x00000010
02-17 17:13:46.875: D/PackageManager(335): generateServicesMap(android.content.SyncAdapter): 4 services unchanged
02-17 17:13:46.878: D/BackupManagerService(335): Received broadcast Intent { act=android.intent.action.PACKAGE_ADDED dat=package:com.hoperun.live flg=0x8000010 (has extras) }
02-17 17:13:46.882: V/BackupManagerService(335): removePackageParticipantsLocked: uid=10048 #1
02-17 17:13:46.945: V/BackupManagerService(335): addPackageParticipantsLocked: #1
02-17 17:13:47.007: I/ActivityThread(8826): Pub com.noshufou.android.su.provider: com.noshufou.android.su.provider.PermissionsProvider
02-17 17:13:47.035: I/ActivityManager(335): Start proc com.tmobile.thememanager for broadcast com.tmobile.thememanager/.receiver.ThemePackageReceiver: pid=8840 uid=1300 gids={-1, 1028}
02-17 17:13:47.132: I/ActivityThread(8840): Pub com.tmobile.thememanager.themes: com.tmobile.thememanager.provider.ThemesProvider
02-17 17:13:47.140: I/ActivityThread(8840): Pub com.tmobile.thememanager.packageresources: com.tmobile.thememanager.provider.PackageResourcesProvider
02-17 17:13:47.296: I/ActivityManager(335): Start proc com.svox.pico for broadcast com.svox.pico/.VoiceDataInstallerReceiver: pid=8855 uid=10032 gids={1015, 1028}
02-17 17:13:47.355: I/ActivityThread(8855): Pub com.svox.pico.providers.SettingsProvider: com.svox.pico.providers.SettingsProvider
02-17 17:13:47.410: I/ThemeManager(8840): VerifyInstalledThemesThread took 143 ms.
02-17 17:13:47.425: W/RecognitionManagerService(335): no available voice recognition services found
02-17 17:13:47.511: I/ActivityManager(335): Start proc com.android.quicksearchbox for broadcast com.android.quicksearchbox/.CorporaUpdateReceiver: pid=8869 uid=10034 gids={3003, 1028}
02-17 17:13:47.570: I/ActivityThread(8869): Pub com.android.quicksearchbox.google: com.android.quicksearchbox.google.GoogleSuggestionProvider
02-17 17:13:47.578: I/ActivityThread(8869): Pub com.android.quicksearchbox.shortcuts: com.android.quicksearchbox.ShortcutsProvider
02-17 17:13:47.652: D/dalvikvm(335): GC_EXPLICIT freed 1678K, 54% free 12903K/27719K, paused 83ms+20ms, total 470ms
02-17 17:13:47.668: D/AndroidRuntime(8800): Shutting down VM
02-17 17:13:47.671: D/dalvikvm(8800): GC_CONCURRENT freed 102K, 82% free 468K/2560K, paused 1ms+1ms, total 4ms
02-17 17:13:47.671: D/jdwp(8800): Got wake-up signal, bailing out of select
02-17 17:13:47.671: D/dalvikvm(8800): Debugger has detached; object registry had 1 entries
02-17 17:13:48.117: D/AndroidRuntime(8888): >>>>>> AndroidRuntime START com.android.internal.os.RuntimeInit <<<<<<
02-17 17:13:48.117: D/AndroidRuntime(8888): CheckJNI is OFF
02-17 17:13:48.128: D/dalvikvm(8888): Trying to load lib libjavacore.so 0x0
02-17 17:13:48.132: D/dalvikvm(8888): Added shared lib libjavacore.so 0x0
02-17 17:13:48.140: D/dalvikvm(8888): Trying to load lib libnativehelper.so 0x0
02-17 17:13:48.140: D/dalvikvm(8888): Added shared lib libnativehelper.so 0x0
02-17 17:13:48.328: D/AndroidRuntime(8888): Calling main entry com.android.commands.am.Am
02-17 17:13:48.335: I/ActivityManager(335): START {act=android.intent.action.MAIN cat=[android.intent.category.LAUNCHER] flg=0x10000000 cmp=com.hoperun.live/.activity.PlayVideoActivity u=0} from pid 8888
02-17 17:13:48.382: D/AndroidRuntime(8888): Shutting down VM
02-17 17:13:48.386: D/dalvikvm(8888): GC_CONCURRENT freed 103K, 81% free 499K/2560K, paused 0ms+1ms, total 4ms
02-17 17:13:48.386: D/jdwp(8888): Got wake-up signal, bailing out of select
02-17 17:13:48.386: D/dalvikvm(8888): Debugger has detached; object registry had 1 entries
02-17 17:13:48.390: D/dalvikvm(8898): Late-enabling CheckJNI
02-17 17:13:48.402: I/ActivityManager(335): Start proc com.hoperun.live for activity com.hoperun.live/.activity.PlayVideoActivity: pid=8898 uid=10048 gids={3003, 1015, 1028}
02-17 17:13:48.484: I/ActivityThread(8898): Pub com.LiveTv.db.channeldataprovider: com.hoperun.live.util.db.ChannelDataProvider
02-17 17:13:48.488: D/LiveTvApplication(8898): onCreate---->
02-17 17:13:48.488: D/LiveTvApplication(8898): initDBConfig---->
02-17 17:13:48.488: D/DBTool(8898): hoperun--init------>com.hoperun.live.LiveTvApplication@40daa620
02-17 17:13:48.507: D/skia(8898): new locale zh_CN
02-17 17:13:48.539: D/PlayVideoActivity(8898): hoperun--onCreate------------>
02-17 17:13:48.687: D/VideoView(8898): hoperun--initVideoView-------------
02-17 17:13:48.703: D/dalvikvm(8898): Trying to load lib /data/data/com.hoperun.live/lib/libhlsjni.so 0x40d9d910
02-17 17:13:48.703: D/dalvikvm(8898): Added shared lib /data/data/com.hoperun.live/lib/libhlsjni.so 0x40d9d910
02-17 17:13:48.703: I/hlsjni(8898): JNI interface loaded.
02-17 17:13:48.703: V/LibActivate(8898): MediaProxy()...... 
02-17 17:13:48.703: I/hlsjni(8898): get into libhlsjni.so...
02-17 17:13:48.703: I/hlsjni(8898): hls create a new thread...
02-17 17:13:48.707: D/PlayVideoActivity(8898): hoperun--onCreate------------>end
02-17 17:13:48.707: D/PlayVideoActivity(8898): hoperun--onResume---->pathUri=null
02-17 17:13:48.710: E/hide.statusbar(8898): android.intent.hide.statusbar
02-17 17:13:48.710: D/HttpUtil(8898): checkNetWork------->connectivityManager != null
02-17 17:13:48.714: D/HttpUtil(8898): checkNetWork------->networkInfos != null
02-17 17:13:48.714: D/HttpUtil(8898): checkNetWork------->return true
02-17 17:13:48.714: D/PlayVideoActivity(8898): hoperun--showWaitProgress-----------------------
02-17 17:13:48.714: I/hlsjni(8898): get into hls_main_thread
02-17 17:13:48.714: D/hlsjni(8898): 
--------------------------------------------------------------
02-17 17:13:48.714: D/hlsjni(8898): 
HLS proxy version 0.5.0, libhls_jni built Feb 17 2013 17:13:15
02-17 17:13:48.714: D/hlsjni(8898): 
--------------------------------------------------------------
02-17 17:13:48.714: I/hlsjni(8898): hls create a new thread...
02-17 17:13:48.718: D/ChannelDataOperate(8898): hoperun--initDBDefaultDatas----->sLauncher--false
02-17 17:13:48.718: D/DBTool(8898): hoperun--query------>tableName= LastChannelTypeInfo
02-17 17:13:48.730: I/hlsjni(8898): get into hls_mongoose_thread
02-17 17:13:48.730: I/hlsjni(8898): >>>>>>>>>>>>>>>>>>>[libhlsjni has initialized]
02-17 17:13:48.730: I/hlsjni(8898): get into hls_event_callback method
02-17 17:13:48.730: I/hlsjni(8898): hls_event_callback: failed to get JNI environment, assuming native thread
02-17 17:13:48.730: D/EventManager(8898): callback----->event = 258  mEventHandler.size()=1
02-17 17:13:48.730: D/EventManager(8898): callback----->for   i= 0
02-17 17:13:48.734: I/hlsjni(8898): get out of hls_event_callback method
02-17 17:13:48.734: I/hlsjni(8898): Mongoose web server v. 3.5 started on port(s) 8080 with web root [/mnt/sdcard/]
02-17 17:13:48.738: D/PlayVideoActivity(8898): hoperun--BroadcastReceiver------->action=android.net.conn.CONNECTIVITY_CHANGE
02-17 17:13:48.738: D/HttpUtil(8898): checkNetWork------->connectivityManager != null
02-17 17:13:48.742: D/HttpUtil(8898): checkNetWork------->networkInfos != null
02-17 17:13:48.750: D/HttpUtil(8898): checkNetWork------->return true
02-17 17:13:48.750: D/dalvikvm(8898): Trying to load lib /data/data/com.hoperun.live/lib/libauth-mac.so 0x40d9d910
02-17 17:13:48.753: D/dalvikvm(8898): Added shared lib /data/data/com.hoperun.live/lib/libauth-mac.so 0x40d9d910
02-17 17:13:48.753: D/dalvikvm(8898): No JNI_OnLoad found in /data/data/com.hoperun.live/lib/libauth-mac.so 0x40d9d910, skipping init
02-17 17:13:48.753: V/LibActivate(8898): LibActivate()...... 
02-17 17:13:48.753: E/UpDateActivity(8898): packagename==com.hoperun.live
02-17 17:13:48.753: D/HttpUtil(8898): checkNetWork------->connectivityManager != null
02-17 17:13:48.757: D/HttpUtil(8898): checkNetWork------->networkInfos != null
02-17 17:13:48.761: D/HttpUtil(8898): checkNetWork------->return true
02-17 17:13:48.765: I/ActivateUtil(8898): packageNames==com.hoperun.live
02-17 17:13:48.769: E/getServerVer(8898): updatexmlurl--->http://feiying.hoperun.com:8081/hoperun/update/forGeneric/update_egreat/ver/LiveTV
02-17 17:13:48.812: D/DBTool(8898): hoperun--query------>tableName= collect
02-17 17:13:48.843: E/getServerVer(8898): 1.01
02-17 17:13:48.859: W/ChannelUtil(8898): no need update,lastUpdTime = 2013-2-6_12:57
02-17 17:13:48.859: D/PlayVideoActivity(8898): hoperun--getChannelTypeFailed---->1:need update 0:no need update  i=0
02-17 17:13:48.898: D/libEGL(8898): loaded /vendor/lib/egl/libEGL_POWERVR_SGX540_120.so
02-17 17:13:48.902: D/libEGL(8898): loaded /vendor/lib/egl/libGLESv1_CM_POWERVR_SGX540_120.so
02-17 17:13:48.918: D/libEGL(8898): loaded /vendor/lib/egl/libGLESv2_POWERVR_SGX540_120.so
02-17 17:13:49.007: D/OpenGLRenderer(8898): Enabling debug mode 0
02-17 17:13:49.023: D/VideoView(8898): hoperun--surfaceCreated------------------>
02-17 17:13:49.023: D/VideoView(8898): hoperun--surfaceChanged------------>
02-17 17:13:49.023: D/PlayVideoActivity(8898): hoperun--VideoPlayerEventHandler---->eventHandler=258
02-17 17:13:49.027: D/PlayVideoActivity(8898): hoperun--eventHandler------>MediaPlayerInit------------
02-17 17:13:49.027: I/hlsjni(8898): hls start preparing ===> 
02-17 17:13:49.027: I/hlsjni(8898): Playback ===> []
02-17 17:13:49.027: I/hlsjni(8898): hls create a new thread...
02-17 17:13:49.043: I/hlsjni(8898): get into hls_live_thread
02-17 17:13:49.046: I/hlsjni(8898): get into [hls_live_play] thread
02-17 17:13:49.046: D/hlsjni(8898): ======>pointer [hls_ctx] = 0x2a1fdfc8
02-17 17:13:49.046: D/hlsjni(8898): packet_queue_init
02-17 17:13:49.050: D/hlsjni(8898): first step...
02-17 17:13:49.050: W/hlsjni(8898): Empty variants(first step)
02-17 17:13:49.050: D/hlsjni(8898): free_variant_list success
02-17 17:13:49.050: D/hlsjni(8898): packet_queue_destroy
02-17 17:13:49.050: D/hlsjni(8898): destroy m3u8_download_q success
02-17 17:13:49.050: I/hlsjni(8898): >>>>>>>>>>>>>>>>>>>[hls_live_play thread] exit...
02-17 17:13:49.191: I/ActivityManager(335): Displayed com.hoperun.live/.activity.PlayVideoActivity: +818ms (total +15m49s813ms)
02-17 17:13:49.203: E/UpDateActivity(8898): /storage/sdcard0/OTT/LiveTV_1.0.apk
02-17 17:13:49.203: D/PlayVideoActivity(8898): hoperun--handleMessage---->GET CHANNEL SUCESS 
02-17 17:13:49.203: D/PlayVideoActivity(8898): hoperun--showWaitProgress-----------------------
02-17 17:13:49.214: D/ActivateUtil(8898): ------authStatus=1
02-17 17:13:49.214: D/ChannelDataOperate(8898): hoperun--queryChannelByType----->type = -1
02-17 17:13:49.218: D/DBTool(8898): hoperun--queryBySql-->sql=select * from channel a left join collect b on a.channelInfo_name=b.channel_name
02-17 17:13:49.285: D/ChannelDataOperate(8898): hoperun--getInfoByCursor----->isLaunch=false count = 207 isJoinTable=true
02-17 17:13:49.418: D/PlayVideoActivity(8898): hoperun--initData---->size=207
02-17 17:13:49.418: D/PlayVideoActivity(8898): hoperun--initData------>mUri = null
02-17 17:13:49.418: D/DBTool(8898): hoperun--query------>tableName= LastChannelTypeInfo
02-17 17:13:49.421: D/PlayVideoActivity(8898): hoperun--initData---->channelId=4
02-17 17:13:49.421: D/DBTool(8898): hoperun--query------>tableName= channel
02-17 17:13:49.433: D/ChannelDataOperate(8898): hoperun--getInfoByCursor----->isLaunch=false count = 1 isJoinTable=false
02-17 17:13:49.433: D/PlayVideoActivity(8898): hoperun--loadVideo--->isReload = false,isNeedInit=true,curInfo.id=4
02-17 17:13:49.433: D/PlayVideoActivity(8898): hoperun--loadVideo--->urlListIndex=0 urlListSize=4 curInfo.playUrl=http://live.gslb.letv.com/gslb?stream_id=cctv4&tag=live&ext=m3u8&sign=live_ipad,http://vdn.apps.cntv.cn/api/getLiveUrlCommonRedirectApi.do?channel=pa://cctv_p2p_hdcctv4&type=ipad,http://biz.vsdn.tv380.com/playlive.php?5B63686E5D445830303030303038307C333137347C317C313030307C6C6235302E636E7C687474707C74735B2F63686E5DVSDNSOOONERCOM00,http://liveipad.wasu.cn/cctv4_ipad/z.m3u8
02-17 17:13:49.437: D/PlayVideoActivity(8898): hoperun--handleMessage---->REFRESH_CHANNEL_ID
02-17 17:13:49.437: D/PlayVideoActivity(8898): hoperun--curInfo===ChannelInfo [id=4, name=CCTV-4, typeId=1, index=, isCollect=false, iconUrl=http://feiying.hoperun.com:8081/hoperun/icon/CCTV-4.png, playUrl=http://live.gslb.letv.com/gslb?stream_id=cctv4&tag=live&ext=m3u8&sign=live_ipad,http://vdn.apps.cntv.cn/api/getLiveUrlCommonRedirectApi.do?channel=pa://cctv_p2p_hdcctv4&type=ipad,http://biz.vsdn.tv380.com/playlive.php?5B63686E5D445830303030303038307C333137347C317C313030307C6C6235302E636E7C687474707C74735B2F63686E5DVSDNSOOONERCOM00,http://liveipad.wasu.cn/cctv4_ipad/z.m3u8]
02-17 17:13:49.437: D/HttpUtil(8898): checkNetWork------->connectivityManager != null
02-17 17:13:49.437: D/HttpUtil(8898): checkNetWork------->networkInfos != null
02-17 17:13:49.441: D/HttpUtil(8898): checkNetWork------->return true
02-17 17:13:49.500: D/PlayVideoActivity(8898): hoperun--handleMessage---->LOAD_CHANNEL_DATA
02-17 17:13:49.503: D/PlayVideoActivity(8898): hoperun--getListPosition--------->i===========3
02-17 17:13:49.503: D/DBTool(8898): hoperun--queryBySql-->sql=select iscollect from collect where channel_name='CCTV-4'
02-17 17:13:49.511: D/DBTool(8898): hoperun--query------>tableName= channel
02-17 17:13:49.519: D/ChannelDataOperate(8898): hoperun--queryChannelIcon-->columnIndex--->0
02-17 17:13:49.519: D/PlayVideoActivity(8898): hoperun--refreshChannelInfo--->  icon in db 
02-17 17:13:49.527: D/ProgramUtil(8898): getProgramById---->cId4
02-17 17:13:49.539: D/HttpUtil(8898): checkNetWork------->connectivityManager != null
02-17 17:13:49.550: D/HttpUtil(8898): checkNetWork------->networkInfos != null
02-17 17:13:49.554: D/HttpUtil(8898): checkNetWork------->return true
02-17 17:13:49.601: D/ProgramUtil(8898): getServerTime sucess: serverDate = 2013-02-17, serverTime = 17:15
02-17 17:13:49.660: E/AppsCustomizePagedView(740): Widget ComponentInfo{cn.etouch.ecalendar/cn.etouch.ecalendar.widget5.myWidget_weather_large} can not fit on this device (552, 219)
02-17 17:13:49.664: E/AppsCustomizePagedView(740): Widget ComponentInfo{cn.etouch.ecalendar/cn.etouch.ecalendar.widget5.myWidget_Month_large} can not fit on this device (552, 330)
02-17 17:13:49.664: E/AppsCustomizePagedView(740): Widget ComponentInfo{cn.etouch.ecalendar/cn.etouch.ecalendar.widget5.NewWidget_Month_large} can not fit on this device (552, 441)
02-17 17:13:49.664: E/AppsCustomizePagedView(740): Widget ComponentInfo{cn.etouch.ecalendar/cn.etouch.ecalendar.widget5.myWidget_large} can not fit on this device (552, 108)
02-17 17:13:49.863: D/dalvikvm(740): GC_CONCURRENT freed 3673K, 61% free 6044K/15175K, paused 3ms+16ms, total 72ms
02-17 17:13:49.941: D/PlayVideoActivity(8898): hoperun--handleMessage---->SET_VIDEO_PATH=http://live.gslb.letv.com/gslb?stream_id=cctv4&tag=live&ext=m3u8&sign=live_ipad
02-17 17:13:49.941: I/hlsjni(8898): hls start preparing ===> http://live.gslb.letv.com/gslb?stream_id=cctv4&tag=live&ext=m3u8&sign=live_ipad
02-17 17:13:49.941: I/hlsjni(8898): Playback ===> [http://live.gslb.letv.com/gslb?stream_id=cctv4&tag=live&ext=m3u8&sign=live_ipad]
02-17 17:13:49.945: I/hlsjni(8898): hls create a new thread...
02-17 17:13:49.945: I/hlsjni(8898): get into hls_live_thread
02-17 17:13:49.949: I/hlsjni(8898): get into [hls_live_play] thread
02-17 17:13:49.949: D/hlsjni(8898): ======>pointer [hls_ctx] = 0x2a301e68
02-17 17:13:49.949: D/hlsjni(8898): Live TV source is [channel => LETV]
02-17 17:13:49.953: D/hlsjni(8898): packet_queue_init
02-17 17:13:50.632: D/hlsjni(8898): redirect_url >>> http://61.155.163.40/m3u8/cctv4_bjdx1/desc.m3u8?tag=live&video_type=m3u8&useloc=1&clipsize=128&clipcount=10&f_ulrg=0&cmin=3&cmax=10&path=220.181.155.72,220.181.153.111&cipi=3396284708&tm=1361092432&pnl=813,820,201&stream_id=cctv4&sign=live_ipad
02-17 17:13:50.632: D/hlsjni(8898): new url >>> http://61.155.163.40/m3u8/cctv4_bjdx1/desc.m3u8?tag=live&video_type=m3u8&useloc=1&clipsize=128&clipcount=10&f_ulrg=0&cmin=3&cmax=10&path=220.181.155.72,220.181.153.111&cipi=3396284708&tm=1361092432&pnl=813,820,201&stream_id=cctv4&sign=live_ipad
02-17 17:13:50.632: D/ProgramUtil(8898): tempTime = 17:15, curMinute = 1035
02-17 17:13:50.644: D/ProgramUtil(8898): calcProgress----------->result=0
02-17 17:13:50.648: D/PlayVideoActivity(8898): hoperun--getProgramSucess----------->
02-17 17:13:50.648: D/PlayVideoActivity(8898): hoperun--handleMessage---->REFRESH_SUCESS_PROGRAM
02-17 17:13:51.293: D/hlsjni(8898): first step...
02-17 17:13:51.293: D/hlsjni(8898): http://61.155.163.40/m3u8/cctv4_bjdx1/desc.m3u8?tag=live&video_type=m3u8&useloc=1&clipsize=128&clipcount=10&f_ulrg=0&cmin=3&cmax=10&path=220.181.155.72,220.181.153.111&cipi=3396284708&tm=1361092432&pnl=813,820,201&stream_id=cctv4&sign=live_ipad
02-17 17:13:51.406: D/hlsjni(8898): >>>no variants, but segment is here, so create variant first	-- 1
02-17 17:13:51.406: D/hlsjni(8898): second step...
02-17 17:13:51.543: D/hlsjni(8898): http://61.155.163.40/m3u8/cctv4_bjdx1/desc.m3u8?tag=live&video_type=m3u8&useloc=1&clipsize=128&clipcount=10&f_ulrg=0&cmin=3&cmax=10&path=220.181.155.72,220.181.153.111&cipi=3396284708&tm=1361092432&pnl=813,820,201&stream_id=cctv4&sign=live_ipad
02-17 17:13:51.675: D/hlsjni(8898): packet_queue_init
02-17 17:13:51.679: I/hlsjni(8898): hls create a new thread...
02-17 17:13:51.699: D/hlsjni(8898): after first playlist : cur_seq_no = 745658
02-17 17:13:51.714: D/hlsjni(8898): get into playlist reloading loop...
02-17 17:13:51.730: I/InputReader(335): Reconfiguring input devices.  changes=0x00000004
02-17 17:13:51.730: I/InputReader(335): Device reconfigured: id=9, name='mxt224_ts_input', surface size is now 480x800, mode is 1
02-17 17:13:51.738: D/hlsjni(8898): hls download thread are working now...
02-17 17:13:51.753: I/ActivityManager(335): Config changed: {1.0 460mcc1mnc zh_CN sw320dp w533dp h294dp nrml long land finger -keyb/v/h -nav/h s.53 themeResource=null}
02-17 17:13:51.773: D/PlayVideoActivity(8898): hoperun--onConfigurationChanged---->
02-17 17:13:51.777: D/PlayVideoActivity(8898): hoperun--showWaitProgress-----------------------
02-17 17:13:51.949: D/hlsjni(8898): segments[0].id => 745655 <-> cur_seq_no => 745658 <-> n_segments => 3
02-17 17:13:51.953: D/SizeAdaptiveLayout(542): com.android.internal.widget.SizeAdaptiveLayout@40dae1f8child view android.widget.FrameLayout@4119cad0 measured out of bounds at 95px clamped to 96px
02-17 17:13:51.964: D/SizeAdaptiveLayout(542): com.android.internal.widget.SizeAdaptiveLayout@40de7ac8child view android.widget.FrameLayout@40f370e8 measured out of bounds at 95px clamped to 96px
02-17 17:13:52.082: D/VideoView(8898): hoperun--surfaceChanged------------>
02-17 17:13:52.281: D/PlayVideoActivity(8898): hoperun--handleMessage---->SET_VIDEO_PATH=http://live.gslb.letv.com/gslb?stream_id=cctv4&tag=live&ext=m3u8&sign=live_ipad
02-17 17:13:52.281: I/hlsjni(8898): hls start preparing ===> http://live.gslb.letv.com/gslb?stream_id=cctv4&tag=live&ext=m3u8&sign=live_ipad
02-17 17:13:52.281: I/hlsjni(8898): Playback ===> [http://live.gslb.letv.com/gslb?stream_id=cctv4&tag=live&ext=m3u8&sign=live_ipad]
02-17 17:13:52.281: I/hlsjni(8898): hls create a new thread...
02-17 17:13:52.281: I/hlsjni(8898): get into hls_live_thread
02-17 17:13:52.285: I/hlsjni(8898): get into [hls_live_play] thread
02-17 17:13:52.285: D/hlsjni(8898): ======>pointer [hls_ctx] = 0x2a1310a0
02-17 17:13:52.285: D/hlsjni(8898): Live TV source is [channel => LETV]
02-17 17:13:52.285: D/hlsjni(8898): packet_queue_init
02-17 17:13:52.363: D/hlsjni(8898): redirect_url >>> http://61.155.163.40/m3u8/cctv4_bjdx1/desc.m3u8?tag=live&video_type=m3u8&useloc=1&clipsize=128&clipcount=10&f_ulrg=0&cmin=3&cmax=10&path=220.181.155.72,220.181.153.111&cipi=3396284708&tm=1361092434&pnl=813,820,201&stream_id=cctv4&sign=live_ipad
02-17 17:13:52.363: D/hlsjni(8898): new url >>> http://61.155.163.40/m3u8/cctv4_bjdx1/desc.m3u8?tag=live&video_type=m3u8&useloc=1&clipsize=128&clipcount=10&f_ulrg=0&cmin=3&cmax=10&path=220.181.155.72,220.181.153.111&cipi=3396284708&tm=1361092434&pnl=813,820,201&stream_id=cctv4&sign=live_ipad
02-17 17:13:52.609: D/hlsjni(8898): first step...
02-17 17:13:52.609: D/hlsjni(8898): http://61.155.163.40/m3u8/cctv4_bjdx1/desc.m3u8?tag=live&video_type=m3u8&useloc=1&clipsize=128&clipcount=10&f_ulrg=0&cmin=3&cmax=10&path=220.181.155.72,220.181.153.111&cipi=3396284708&tm=1361092434&pnl=813,820,201&stream_id=cctv4&sign=live_ipad
02-17 17:13:52.750: D/hlsjni(8898): >>>no variants, but segment is here, so create variant first	-- 1
02-17 17:13:52.750: D/hlsjni(8898): second step...
02-17 17:13:53.460: D/hlsjni(8898): http://61.155.163.40/m3u8/cctv4_bjdx1/desc.m3u8?tag=live&video_type=m3u8&useloc=1&clipsize=128&clipcount=10&f_ulrg=0&cmin=3&cmax=10&path=220.181.155.72,220.181.153.111&cipi=3396284708&tm=1361092434&pnl=813,820,201&stream_id=cctv4&sign=live_ipad
02-17 17:13:53.714: D/PlayVideoActivity(8898): hoperun--handleMessage---->FADE_MZ_OUT
02-17 17:13:53.773: D/hlsjni(8898): packet_queue_init
02-17 17:13:53.773: I/hlsjni(8898): hls proxy buffing down, notice MediaPlayer start playing...
02-17 17:13:53.777: I/hlsjni(8898): >>>>>>>>>>>>>>>>>>>[stop the previous channel thread]
02-17 17:13:53.777: I/hlsjni(8898): get into hls_event_callback method
02-17 17:13:53.777: I/hlsjni(8898): hls_event_callback: failed to get JNI environment, assuming native thread
02-17 17:13:53.789: I/hlsjni(8898): hls create a new thread...
02-17 17:13:53.789: D/EventManager(8898): callback----->event = 260  mEventHandler.size()=1
02-17 17:13:53.789: D/hlsjni(8898): after first playlist : cur_seq_no = 745658
02-17 17:13:53.789: D/hlsjni(8898): get into playlist reloading loop...
02-17 17:13:53.793: D/EventManager(8898): callback----->for   i= 0
02-17 17:13:53.793: I/hlsjni(8898): get out of hls_event_callback method
02-17 17:13:53.793: D/hlsjni(8898): put ts data to queue...778508
02-17 17:13:53.796: D/hlsjni(8898): hls download thread are working now...
02-17 17:13:53.796: D/PlayVideoActivity(8898): hoperun--VideoPlayerEventHandler---->eventHandler=260
02-17 17:13:53.800: D/PlayVideoActivity(8898): hoperun--eventHandler------>MediaPlayerPlaying
02-17 17:13:53.804: D/PlayVideoActivity(8898): pathUri=http://localhost:8080/livetv.ts
02-17 17:13:53.808: V/VideoView(8898): reset duration to -1 in openVideo
02-17 17:13:53.808: D/MediaPlayer(8898): Couldn't open file on client side, trying server side
02-17 17:13:53.808: I/AwesomePlayer(142): setDataSource_l('http://localhost:8080/livetv.ts')
02-17 17:13:53.816: V/ChromiumHTTPDataSource(142): connect on behalf of uid 10048
02-17 17:13:53.816: I/ChromiumHTTPDataSource(142): connect to http://localhost:8080/livetv.ts @0
02-17 17:13:53.824: D/hlsjni(8898): mongoose callback to proxy_live
02-17 17:13:53.824: D/hlsjni(8898): mongoose callback to proxy_live
02-17 17:13:53.824: D/hlsjni(8898): mongoose callback to proxy_live
02-17 17:13:53.824: D/hlsjni(8898): mongoose callback to proxy_live
02-17 17:13:53.824: I/hlsjni(8898): mongoose proxy get queue from hls
02-17 17:13:53.824: D/hlsjni(8898): mongoose callback to proxy_live
02-17 17:13:53.824: D/hlsjni(8898): offset = 0, len = 4398046511104
02-17 17:13:53.824: I/hlsjni(8898): -------------------------------------->>>send live data to MediaPlayer
02-17 17:13:53.824: D/hlsjni(8898): ======>pointer [hls_ctx] = 0x2a301e68
02-17 17:13:53.824: D/hlsjni(8898): ready to send TV data to Android MediaPlayer...
02-17 17:13:53.824: D/hlsjni(8898): pop ts data from queue... 778508
02-17 17:13:54.113: W/WVMExtractor(142): Failed to open libwvm.so
02-17 17:13:54.316: I/ESQueue(142): found AAC codec config (32000 Hz, 2 channels)
02-17 17:13:54.320: I/avc_utils(142): found AVC codec config (640 x 480, Main-profile level 3.0)
02-17 17:13:54.324: I/MPEG2TSExtractor(142): haveAudio=1, haveVideo=1
02-17 17:13:54.328: I/OMXCodec(142): [OMX.SEC.AVC.Decoder] AVC profile = 77 (Main), level = 30
02-17 17:13:54.332: I/OMXCodec(142): [OMX.SEC.AVC.Decoder] video dimensions are 640 x 480
02-17 17:13:54.339: D/dalvikvm(335): GC_EXPLICIT freed 631K, 51% free 13738K/27719K, paused 3ms+10ms, total 165ms
02-17 17:13:54.433: D/hlsjni(8898): segments[0].id => 745655 <-> cur_seq_no => 745658 <-> n_segments => 3
02-17 17:13:54.437: D/PlayVideoActivity(8898): hoperun--handleMessage---->FADE_ID_OUT
02-17 17:13:55.363: D/PlayVideoActivity(8898): hoperun--onPreparedListener---->mp.weigth=640 mp.height = 480
02-17 17:13:55.363: D/VideoView(8898): hoperun------in the invoke-------mMediaPlayer:
02-17 17:13:55.367: E/Parcel(142): Reading a NULL string not supported here.
02-17 17:13:55.367: E/Parcel(142): Reading a NULL string not supported here.
02-17 17:13:55.367: E/TimedTextDriver(142): uri('') is not a file
02-17 17:13:55.371: W/System.err(8898): java.lang.reflect.InvocationTargetException
02-17 17:13:55.371: W/System.err(8898): 	at java.lang.reflect.Method.invokeNative(Native Method)
02-17 17:13:55.375: W/System.err(8898): 	at java.lang.reflect.Method.invoke(Method.java:511)
02-17 17:13:55.375: W/System.err(8898): 	at com.hoperun.live.widget.VideoView.invoke(VideoView.java:154)
02-17 17:13:55.375: W/System.err(8898): 	at com.hoperun.live.activity.PlayVideoActivity.setVideoScale(PlayVideoActivity.java:2463)
02-17 17:13:55.378: W/System.err(8898): 	at com.hoperun.live.activity.PlayVideoActivity.access$41(PlayVideoActivity.java:2449)
02-17 17:13:55.378: W/System.err(8898): 	at com.hoperun.live.activity.PlayVideoActivity$3.onPrepared(PlayVideoActivity.java:2240)
02-17 17:13:55.378: W/System.err(8898): 	at com.hoperun.live.widget.VideoView$2.onPrepared(VideoView.java:350)
02-17 17:13:55.378: W/System.err(8898): 	at android.media.MediaPlayer$EventHandler.handleMessage(MediaPlayer.java:1975)
02-17 17:13:55.382: W/System.err(8898): 	at android.os.Handler.dispatchMessage(Handler.java:99)
02-17 17:13:55.382: W/System.err(8898): 	at android.os.Looper.loop(Looper.java:137)
02-17 17:13:55.382: W/System.err(8898): 	at android.app.ActivityThread.main(ActivityThread.java:4931)
02-17 17:13:55.382: W/System.err(8898): 	at java.lang.reflect.Method.invokeNative(Native Method)
02-17 17:13:55.386: W/System.err(8898): 	at java.lang.reflect.Method.invoke(Method.java:511)
02-17 17:13:55.386: W/System.err(8898): 	at com.android.internal.os.ZygoteInit$MethodAndArgsCaller.run(ZygoteInit.java:791)
02-17 17:13:55.386: W/System.err(8898): 	at com.android.internal.os.ZygoteInit.main(ZygoteInit.java:558)
02-17 17:13:55.390: W/System.err(8898): 	at dalvik.system.NativeStart.main(Native Method)
02-17 17:13:55.390: W/System.err(8898): Caused by: java.lang.RuntimeException: failure code: -1010
02-17 17:13:55.394: W/System.err(8898): 	at android.media.MediaPlayer.invoke(MediaPlayer.java:644)
02-17 17:13:55.394: W/System.err(8898): 	... 16 more
02-17 17:13:55.394: D/VideoView(8898): hoperun--start----------mMediaPlayer  is true  mIsPrepared=true
02-17 17:13:55.398: D/PlayVideoActivity(8898): hoperun--mediaPlayerPrepared------>isReload=false
02-17 17:13:55.398: D/PlayVideoActivity(8898): hoperun--dismissWaitProgress-----------------------
02-17 17:13:55.398: D/PlayVideoActivity(8898): hoperun--updateLaseChannelTypeInfo--->lastUrihttp://live.gslb.letv.com/gslb?stream_id=cctv4&tag=live&ext=m3u8&sign=live_ipad,http://vdn.apps.cntv.cn/api/getLiveUrlCommonRedirectApi.do?channel=pa://cctv_p2p_hdcctv4&type=ipad,http://biz.vsdn.tv380.com/playlive.php?5B63686E5D445830303030303038307C333137347C317C313030307C6C6235302E636E7C687474707C74735B2F63686E5DVSDNSOOONERCOM00,http://liveipad.wasu.cn/cctv4_ipad/z.m3u8
02-17 17:13:55.402: D/ChannelDataOperate(8898): hoperun--==checkChannelType=
02-17 17:13:55.402: D/DBTool(8898): hoperun--query------>tableName= channel
02-17 17:13:55.410: D/PlayVideoActivity(8898): hoperun--updateLaseChannelTypeInfo--->channelid4 typeId =1
02-17 17:13:55.421: D/DBTool(8898): hoperun--updateRecord---->update last channel type ,rowID= 1
02-17 17:13:55.429: D/DBTool(8898): hoperun--updateRecord---->update last channel type ,rowID= 1
02-17 17:13:55.429: D/PlayVideoActivity(8898): hoperun--showBottomLayout--------------->
02-17 17:13:55.449: D/VideoView(8898): hoperun--surfaceChanged------------>
02-17 17:13:55.738: E/(142): SsbSipMfcDecExe: IOCTL_MFC_DEC_EXE failed(ret : -2005)
02-17 17:13:55.765: I/SoftAAC2(142): Reconfiguring decoder: 32000 Hz, 2 channels
02-17 17:13:55.789: D/AudioHardware(142): AudioHardware pcm playback is exiting standby.
02-17 17:13:55.789: V/AudioHardware(142): open pcm_out driver
02-17 17:13:55.789: D/AudioHardware(142): openPcmOut_l() mPcmOpenCnt: 0
02-17 17:13:55.851: V/AudioHardware(142): openMixer_l() mMixerOpenCnt: 0
02-17 17:13:55.851: V/AudioHardware(142): open playback normal
02-17 17:13:55.851: V/AudioHardware(142): write() wakeup setting route SPK
02-17 17:13:57.789: D/hlsjni(8898): segments[0].id => 745656 <-> cur_seq_no => 745658 <-> n_segments => 3
02-17 17:13:58.183: I/hlsjni(8898): hls proxy buffing down, notice MediaPlayer start playing...
02-17 17:13:58.183: I/hlsjni(8898): >>>>>>>>>>>>>>>>>>>[stop the previous channel thread]
02-17 17:13:58.187: I/hlsjni(8898): get into hls_event_callback method
02-17 17:13:58.187: I/hlsjni(8898): hls_event_callback: failed to get JNI environment, assuming native thread
02-17 17:13:58.199: D/EventManager(8898): callback----->event = 260  mEventHandler.size()=1
02-17 17:13:58.199: D/EventManager(8898): callback----->for   i= 0
02-17 17:13:58.207: D/PlayVideoActivity(8898): hoperun--VideoPlayerEventHandler---->eventHandler=260
02-17 17:13:58.207: D/PlayVideoActivity(8898): hoperun--eventHandler------>MediaPlayerPlaying
02-17 17:13:58.207: D/PlayVideoActivity(8898): pathUri=http://localhost:8080/livetv.ts
02-17 17:13:58.234: I/OMXCodec(142): [OMX.SEC.AVC.Decoder] AVC profile = 77 (Main), level = 30
02-17 17:13:58.234: I/OMXCodec(142): [OMX.SEC.AVC.Decoder] video dimensions are 640 x 480
02-17 17:13:58.234: I/hlsjni(8898): get out of hls_event_callback method
02-17 17:13:58.234: D/hlsjni(8898): put ts data to queue...778508
02-17 17:13:58.253: W/TimedEventQueue(142): Event 195 was not found in the queue, already cancelled?
02-17 17:13:58.265: W/AudioFlinger(142): session id 418 not found for pid 8898
02-17 17:13:58.265: V/VideoView(8898): reset duration to -1 in openVideo
02-17 17:13:58.265: D/MediaPlayer(8898): Couldn't open file on client side, trying server side
02-17 17:13:58.265: I/AwesomePlayer(142): setDataSource_l('http://localhost:8080/livetv.ts')
02-17 17:13:58.269: V/ChromiumHTTPDataSource(142): connect on behalf of uid 10048
02-17 17:13:58.269: I/ChromiumHTTPDataSource(142): connect to http://localhost:8080/livetv.ts @0
02-17 17:13:58.273: D/hlsjni(8898): mongoose callback to proxy_live
02-17 17:13:58.273: D/hlsjni(8898): mongoose callback to proxy_live
02-17 17:13:58.273: D/hlsjni(8898): mongoose callback to proxy_live
02-17 17:13:58.273: D/hlsjni(8898): mongoose callback to proxy_live
02-17 17:13:58.273: I/hlsjni(8898): mongoose proxy get queue from hls
02-17 17:13:58.273: D/hlsjni(8898): mongoose callback to proxy_live
02-17 17:13:58.277: D/hlsjni(8898): offset = 0, len = 4398046511104
02-17 17:13:58.277: I/hlsjni(8898): -------------------------------------->>>send live data to MediaPlayer
02-17 17:13:58.277: D/hlsjni(8898): ======>pointer [hls_ctx] = 0x2a1310a0
02-17 17:13:58.277: D/hlsjni(8898): ready to send TV data to Android MediaPlayer...
02-17 17:13:58.277: D/hlsjni(8898): pop ts data from queue... 778508
02-17 17:13:58.414: D/hlsjni(8898): put ts data to queue...597652
02-17 17:13:58.414: D/hlsjni(8898): pop ts data from queue... 597652
02-17 17:13:58.543: W/WVMExtractor(142): Failed to open libwvm.so
02-17 17:13:58.746: I/ESQueue(142): found AAC codec config (32000 Hz, 2 channels)
02-17 17:13:58.785: I/avc_utils(142): found AVC codec config (640 x 480, Main-profile level 3.0)
02-17 17:13:58.785: I/MPEG2TSExtractor(142): haveAudio=1, haveVideo=1
02-17 17:13:58.804: I/OMXCodec(142): [OMX.SEC.AVC.Decoder] AVC profile = 77 (Main), level = 30
02-17 17:13:58.804: I/OMXCodec(142): [OMX.SEC.AVC.Decoder] video dimensions are 640 x 480
02-17 17:13:59.585: D/hlsjni(8898): put ts data to queue...597652
02-17 17:13:59.585: D/hlsjni(8898): pop ts data from queue... 597652
02-17 17:13:59.718: D/hlsjni(8898): put ts data to queue...817048
02-17 17:13:59.718: D/hlsjni(8898): pop ts data from queue... 817048
02-17 17:13:59.718: I/hlsjni(8898): -------------------------------------->>>MediaPlayer break liveTV
02-17 17:13:59.722: D/hlsjni(8898): mongoose callback to proxy_live
02-17 17:13:59.722: I/hlsjni(8898): >>>>>>>>>>>>>>>>>>>[hls_download thread] exit...
02-17 17:13:59.843: D/hlsjni(8898): segments[0].id => 745656 <-> cur_seq_no => 745658 <-> n_segments => 3
02-17 17:13:59.843: D/PlayVideoActivity(8898): hoperun--onPreparedListener---->mp.weigth=640 mp.height = 480
02-17 17:13:59.847: D/VideoView(8898): hoperun------in the invoke-------mMediaPlayer:
02-17 17:13:59.847: E/Parcel(142): Reading a NULL string not supported here.
02-17 17:13:59.847: E/Parcel(142): Reading a NULL string not supported here.
02-17 17:13:59.851: E/TimedTextDriver(142): uri('') is not a file
02-17 17:13:59.851: W/System.err(8898): java.lang.reflect.InvocationTargetException
02-17 17:13:59.855: W/System.err(8898): 	at java.lang.reflect.Method.invokeNative(Native Method)
02-17 17:13:59.855: W/System.err(8898): 	at java.lang.reflect.Method.invoke(Method.java:511)
02-17 17:13:59.855: W/System.err(8898): 	at com.hoperun.live.widget.VideoView.invoke(VideoView.java:154)
02-17 17:13:59.855: W/System.err(8898): 	at com.hoperun.live.activity.PlayVideoActivity.setVideoScale(PlayVideoActivity.java:2463)
02-17 17:13:59.859: W/System.err(8898): 	at com.hoperun.live.activity.PlayVideoActivity.access$41(PlayVideoActivity.java:2449)
02-17 17:13:59.859: W/System.err(8898): 	at com.hoperun.live.activity.PlayVideoActivity$3.onPrepared(PlayVideoActivity.java:2240)
02-17 17:13:59.859: W/System.err(8898): 	at com.hoperun.live.widget.VideoView$2.onPrepared(VideoView.java:350)
02-17 17:13:59.863: W/System.err(8898): 	at android.media.MediaPlayer$EventHandler.handleMessage(MediaPlayer.java:1975)
02-17 17:13:59.863: W/System.err(8898): 	at android.os.Handler.dispatchMessage(Handler.java:99)
02-17 17:13:59.867: W/System.err(8898): 	at android.os.Looper.loop(Looper.java:137)
02-17 17:13:59.867: W/System.err(8898): 	at android.app.ActivityThread.main(ActivityThread.java:4931)
02-17 17:13:59.867: W/System.err(8898): 	at java.lang.reflect.Method.invokeNative(Native Method)
02-17 17:13:59.871: W/System.err(8898): 	at java.lang.reflect.Method.invoke(Method.java:511)
02-17 17:13:59.871: W/System.err(8898): 	at com.android.internal.os.ZygoteInit$MethodAndArgsCaller.run(ZygoteInit.java:791)
02-17 17:13:59.871: W/System.err(8898): 	at com.android.internal.os.ZygoteInit.main(ZygoteInit.java:558)
02-17 17:13:59.871: W/System.err(8898): 	at dalvik.system.NativeStart.main(Native Method)
02-17 17:13:59.875: W/System.err(8898): Caused by: java.lang.RuntimeException: failure code: -1010
02-17 17:13:59.878: W/System.err(8898): 	at android.media.MediaPlayer.invoke(MediaPlayer.java:644)
02-17 17:13:59.878: W/System.err(8898): 	... 16 more
02-17 17:13:59.878: D/VideoView(8898): hoperun--start----------mMediaPlayer  is true  mIsPrepared=true
02-17 17:13:59.882: D/PlayVideoActivity(8898): hoperun--mediaPlayerPrepared------>isReload=false
02-17 17:13:59.882: D/PlayVideoActivity(8898): hoperun--dismissWaitProgress-----------------------
02-17 17:13:59.886: D/PlayVideoActivity(8898): hoperun--updateLaseChannelTypeInfo--->lastUrihttp://live.gslb.letv.com/gslb?stream_id=cctv4&tag=live&ext=m3u8&sign=live_ipad,http://vdn.apps.cntv.cn/api/getLiveUrlCommonRedirectApi.do?channel=pa://cctv_p2p_hdcctv4&type=ipad,http://biz.vsdn.tv380.com/playlive.php?5B63686E5D445830303030303038307C333137347C317C313030307C6C6235302E636E7C687474707C74735B2F63686E5DVSDNSOOONERCOM00,http://liveipad.wasu.cn/cctv4_ipad/z.m3u8
02-17 17:13:59.886: D/ChannelDataOperate(8898): hoperun--==checkChannelType=
02-17 17:13:59.886: D/DBTool(8898): hoperun--query------>tableName= channel
02-17 17:13:59.910: D/PlayVideoActivity(8898): hoperun--updateLaseChannelTypeInfo--->channelid4 typeId =1
02-17 17:13:59.918: D/DBTool(8898): hoperun--updateRecord---->update last channel type ,rowID= 1
02-17 17:13:59.929: D/DBTool(8898): hoperun--updateRecord---->update last channel type ,rowID= 1
02-17 17:13:59.929: D/PlayVideoActivity(8898): hoperun--showBottomLayout--------------->
02-17 17:14:00.234: E/(142): SsbSipMfcDecExe: IOCTL_MFC_DEC_EXE failed(ret : -2005)
02-17 17:14:00.257: I/SoftAAC2(142): Reconfiguring decoder: 32000 Hz, 2 channels
02-17 17:14:00.675: D/hlsjni(8898): put ts data to queue...817048
02-17 17:14:00.675: D/hlsjni(8898): pop ts data from queue... 817048
02-17 17:14:01.714: I/hlsjni(8898): >>>>>>>>>>>>>>>>>>>[hls_reload_playlist thread] exit...
02-17 17:14:01.714: D/hlsjni(8898): packet_queue_destroy
02-17 17:14:01.714: D/hlsjni(8898): destroy m3u8_playlist_q success
02-17 17:14:01.718: D/hlsjni(8898): free_variant_list success
02-17 17:14:01.718: D/hlsjni(8898): packet_queue_destroy
02-17 17:14:01.718: D/hlsjni(8898): destroy m3u8_download_q success
02-17 17:14:01.718: I/hlsjni(8898): >>>>>>>>>>>>>>>>>>>[hls_live_play thread] exit...
02-17 17:14:01.996: D/hlsjni(8898): put ts data to queue...659128
02-17 17:14:01.996: D/hlsjni(8898): pop ts data from queue... 659128
02-17 17:14:04.933: D/PlayVideoActivity(8898): hoperun--handleMessage---->FADE_BOTTOM_OUT
02-17 17:14:04.933: D/PlayVideoActivity(8898): hoperun--hideBottomLayout--------------->
02-17 17:14:07.121: D/hlsjni(8898): segments[0].id => 745657 <-> cur_seq_no => 745659 <-> n_segments => 3
02-17 17:14:08.593: D/hlsjni(8898): put ts data to queue...475264
02-17 17:14:08.593: D/hlsjni(8898): pop ts data from queue... 475264
02-17 17:14:09.050: D/hlsjni(8898): segments[0].id => 745658 <-> cur_seq_no => 745660 <-> n_segments => 3
02-17 17:14:10.269: D/hlsjni(8898): put ts data to queue...787720
02-17 17:14:10.269: D/hlsjni(8898): pop ts data from queue... 787720
02-17 17:14:14.507: D/hlsjni(8898): segments[0].id => 745658 <-> cur_seq_no => 745661 <-> n_segments => 3
02-17 17:14:16.609: D/PlayVideoActivity(8898): hoperun--centerlayout-----------onclick
02-17 17:14:16.609: D/PlayVideoActivity(8898): hoperun--onKeyDown------>keyCode = 23
02-17 17:14:16.613: D/PlayVideoActivity(8898): hoperun--OnkeyDown--------->keycode_ok Visibility=0
02-17 17:14:16.613: D/PlayVideoActivity(8898): hoperun--showBottomLayout--------------->
02-17 17:14:16.613: D/PlayVideoActivity(8898): hoperun--showChannelLayout--------------->
02-17 17:14:16.613: D/ChannelDataOperate(8898): hoperun--queryChannelByType----->type = -1
02-17 17:14:16.613: D/DBTool(8898): hoperun--queryBySql-->sql=select * from channel a left join collect b on a.channelInfo_name=b.channel_name
02-17 17:14:16.625: D/ChannelDataOperate(8898): hoperun--getInfoByCursor----->isLaunch=false count = 207 isJoinTable=true
02-17 17:14:16.652: D/PlayVideoActivity(8898): hoperun--getListPosition--------->i===========3
02-17 17:14:16.652: D/PlayVideoActivity(8898): hoperun--loadData------------------>mPos=3  curChannelType=0
02-17 17:14:19.363: D/PlayVideoActivity(8898): hoperun--onClick-------->android.widget.ImageView@40f883c8
02-17 17:14:19.363: D/PlayVideoActivity(8898): hoperun--loadData------------------>index=1
02-17 17:14:19.363: D/ChannelDataOperate(8898): hoperun--queryChannelByType----->type = 1
02-17 17:14:19.363: D/DBTool(8898): hoperun--queryBySql-->sql=select * from channel a left join collect b on a.channelInfo_name=b.channel_name where channelInfo_typeId=1
02-17 17:14:19.371: D/ChannelDataOperate(8898): hoperun--getInfoByCursor----->isLaunch=false count = 19 isJoinTable=true
02-17 17:14:19.378: D/PlayVideoActivity(8898): hoperun--getListPosition--------->i===========3
02-17 17:14:19.378: D/PlayVideoActivity(8898): hoperun--loadData------------------>position=3
02-17 17:14:19.929: D/hlsjni(8898): segments[0].id => 745659 <-> cur_seq_no => 745661 <-> n_segments => 3
02-17 17:14:19.976: D/PlayVideoActivity(8898): hoperun--onClick-------->android.widget.ImageView@40f883c8
02-17 17:14:19.976: D/PlayVideoActivity(8898): hoperun--loadData------------------>index=2
02-17 17:14:19.976: D/ChannelDataOperate(8898): hoperun--queryChannelByType----->type = 2
02-17 17:14:19.976: D/DBTool(8898): hoperun--queryBySql-->sql=select * from channel a left join collect b on a.channelInfo_name=b.channel_name where channelInfo_typeId=2
02-17 17:14:19.984: D/ChannelDataOperate(8898): hoperun--getInfoByCursor----->isLaunch=false count = 43 isJoinTable=true
02-17 17:14:19.988: D/PlayVideoActivity(8898): hoperun--loadData------------------>position=-1
02-17 17:14:20.750: D/hlsjni(8898): put ts data to queue...833028
02-17 17:14:20.750: D/hlsjni(8898): pop ts data from queue... 833028
02-17 17:14:20.972: D/PlayVideoActivity(8898): hoperun--onItemClick------------>isShowChannel=true
02-17 17:14:20.972: D/PlayVideoActivity(8898): hoperun--onItemClick------------>curChannelType=2
02-17 17:14:20.972: D/PlayVideoActivity(8898): hoperun--showWaitProgress-----------------------
02-17 17:14:20.972: D/PlayVideoActivity(8898): hoperun--loadVideo--->isReload = false,isNeedInit=true,curInfo.id=21
02-17 17:14:20.972: D/PlayVideoActivity(8898): hoperun--loadVideo--->urlListIndex=0 urlListSize=6 curInfo.playUrl=http://zb.v.qq.com:1863/?progid=2674956498&ostype=ios,http://gslb.tv.sohu.com/live?cid=51&type=hls,http://zb.v.qq.com:1863/?progid=1258215255&ostype=ios,http://live.gslb.letv.com/gslb?stream_id=jiangsu&tag=live&ext=m3u8&sign=live_ipad,http://liveipad.wasu.cn/jsws_ipad/z.m3u8,http://web-play.pptv.com/web-m3u8-300163.m3u8
02-17 17:14:20.976: D/HttpUtil(8898): checkNetWork------->connectivityManager != null
02-17 17:14:20.976: D/HttpUtil(8898): checkNetWork------->networkInfos != null
02-17 17:14:20.976: D/HttpUtil(8898): checkNetWork------->return true
02-17 17:14:20.976: D/DBTool(8898): hoperun--queryBySql-->sql=select iscollect from collect where channel_name='江苏卫视'
02-17 17:14:20.980: D/DBTool(8898): hoperun--query------>tableName= channel
02-17 17:14:20.984: D/ChannelDataOperate(8898): hoperun--queryChannelIcon-->columnIndex--->0
02-17 17:14:20.988: D/PlayVideoActivity(8898): hoperun--refreshChannelInfo--->  icon in db 
02-17 17:14:20.992: D/ProgramUtil(8898): getProgramById---->cId21
02-17 17:14:20.992: D/HttpUtil(8898): checkNetWork------->connectivityManager != null
02-17 17:14:20.996: D/HttpUtil(8898): checkNetWork------->networkInfos != null
02-17 17:14:20.996: D/HttpUtil(8898): checkNetWork------->return true
02-17 17:14:21.031: D/ProgramUtil(8898): getServerTime sucess: serverDate = 2013-02-17, serverTime = 17:16
02-17 17:14:21.039: D/PlayVideoActivity(8898): hoperun--handleMessage---->REFRESH_CHANNEL_ID
02-17 17:14:21.039: D/PlayVideoActivity(8898): hoperun--curInfo===ChannelInfo [id=21, name=江苏卫视, typeId=2, index=, isCollect=true, iconUrl=http://feiying.hoperun.com:8081/hoperun/icon/jiangsu.png, playUrl=http://zb.v.qq.com:1863/?progid=2674956498&ostype=ios,http://gslb.tv.sohu.com/live?cid=51&type=hls,http://zb.v.qq.com:1863/?progid=1258215255&ostype=ios,http://live.gslb.letv.com/gslb?stream_id=jiangsu&tag=live&ext=m3u8&sign=live_ipad,http://liveipad.wasu.cn/jsws_ipad/z.m3u8,http://web-play.pptv.com/web-m3u8-300163.m3u8]
02-17 17:14:21.062: D/ProgramUtil(8898): tempTime = 17:16, curMinute = 1036
02-17 17:14:21.066: D/ProgramUtil(8898): calcProgress----------->result=56
02-17 17:14:21.070: D/PlayVideoActivity(8898): hoperun--getProgramSucess----------->
02-17 17:14:21.105: D/PlayVideoActivity(8898): hoperun--handleMessage---->REFRESH_SUCESS_PROGRAM
02-17 17:14:21.476: D/PlayVideoActivity(8898): hoperun--handleMessage---->SET_VIDEO_PATH=http://zb.v.qq.com:1863/?progid=2674956498&ostype=ios
02-17 17:14:21.480: I/hlsjni(8898): hls start preparing ===> http://zb.v.qq.com:1863/?progid=2674956498&ostype=ios
02-17 17:14:21.480: I/hlsjni(8898): Playback ===> [http://zb.v.qq.com:1863/?progid=2674956498&ostype=ios]
02-17 17:14:21.480: I/hlsjni(8898): hls create a new thread...
02-17 17:14:21.480: I/hlsjni(8898): get into hls_live_thread
02-17 17:14:21.500: I/hlsjni(8898): get into [hls_live_play] thread
02-17 17:14:21.500: D/hlsjni(8898): ======>pointer [hls_ctx] = 0x2a37e3d0
02-17 17:14:21.500: D/hlsjni(8898): packet_queue_init
02-17 17:14:21.636: D/hlsjni(8898): redirect_url >>> http://183.60.72.227:1863/2674956498.m3u8?apptype=unknow&pla=unknow&time=1361092463&cdn=zijian
02-17 17:14:21.636: D/hlsjni(8898): new url >>> http://183.60.72.227:1863/2674956498.m3u8?apptype=unknow&pla=unknow&time=1361092463&cdn=zijian
02-17 17:14:21.925: D/hlsjni(8898): first step...
