02-17 17:20:38.949: D/hlsjni(8898): mongoose callback to proxy_live
02-17 17:20:38.949: D/hlsjni(8898): offset = 0, len = 4398046511104
02-17 17:20:38.949: I/hlsjni(8898): -------------------------------------->>>send live data to MediaPlayer
02-17 17:20:38.949: D/hlsjni(8898): ======>pointer [hls_ctx] = 0x2a1d6500
02-17 17:20:38.953: D/hlsjni(8898): ready to send TV data to Android MediaPlayer...
02-17 17:20:38.953: D/hlsjni(8898): pop ts data from queue... 438416
02-17 17:20:39.171: D/hlsjni(8898): segments[0].id => 272218199 <-> cur_seq_no => 272218561 <-> n_segments => 363
02-17 17:20:39.183: W/WVMExtractor(142): Failed to open libwvm.so
02-17 17:20:39.386: I/ESQueue(142): found AAC codec config (22050 Hz, 1 channels)
02-17 17:20:39.386: I/avc_utils(142): found AVC codec config (320 x 240, Baseline-profile level 1.3)
02-17 17:20:39.390: I/MPEG2TSExtractor(142): haveAudio=1, haveVideo=1
02-17 17:20:39.394: I/OMXCodec(142): [OMX.SEC.AVC.Decoder] AVC profile = 66 (Baseline), level = 13
02-17 17:20:39.398: I/OMXCodec(142): [OMX.SEC.AVC.Decoder] video dimensions are 320 x 240
02-17 17:20:39.660: D/hlsjni(8898): put ts data to queue...208492
02-17 17:20:39.660: D/hlsjni(8898): pop ts data from queue... 208492
02-17 17:20:40.066: D/hlsjni(8898): put ts data to queue...218644
02-17 17:20:40.066: D/hlsjni(8898): pop ts data from queue... 218644
02-17 17:20:40.492: D/PlayVideoActivity(8898): hoperun--onPreparedListener---->mp.weigth=320 mp.height = 240
02-17 17:20:40.492: D/VideoView(8898): hoperun------in the invoke-------mMediaPlayer:
02-17 17:20:40.511: E/Parcel(142): Reading a NULL string not supported here.
02-17 17:20:40.511: E/Parcel(142): Reading a NULL string not supported here.
02-17 17:20:40.515: E/TimedTextDriver(142): uri('') is not a file
02-17 17:20:40.519: W/System.err(8898): java.lang.reflect.InvocationTargetException
02-17 17:20:40.523: W/System.err(8898): 	at java.lang.reflect.Method.invokeNative(Native Method)
02-17 17:20:40.527: W/System.err(8898): 	at java.lang.reflect.Method.invoke(Method.java:511)
02-17 17:20:40.527: W/System.err(8898): 	at com.hoperun.live.widget.VideoView.invoke(VideoView.java:154)
02-17 17:20:40.527: W/System.err(8898): 	at com.hoperun.live.activity.PlayVideoActivity.setVideoScale(PlayVideoActivity.java:2463)
02-17 17:20:40.531: W/System.err(8898): 	at com.hoperun.live.activity.PlayVideoActivity.access$41(PlayVideoActivity.java:2449)
02-17 17:20:40.531: W/System.err(8898): 	at com.hoperun.live.activity.PlayVideoActivity$3.onPrepared(PlayVideoActivity.java:2240)
02-17 17:20:40.531: W/System.err(8898): 	at com.hoperun.live.widget.VideoView$2.onPrepared(VideoView.java:350)
02-17 17:20:40.543: W/System.err(8898): 	at android.media.MediaPlayer$EventHandler.handleMessage(MediaPlayer.java:1975)
02-17 17:20:40.543: W/System.err(8898): 	at android.os.Handler.dispatchMessage(Handler.java:99)
02-17 17:20:40.543: W/System.err(8898): 	at android.os.Looper.loop(Looper.java:137)
02-17 17:20:40.543: W/System.err(8898): 	at android.app.ActivityThread.main(ActivityThread.java:4931)
02-17 17:20:40.543: W/System.err(8898): 	at java.lang.reflect.Method.invokeNative(Native Method)
02-17 17:20:40.546: W/System.err(8898): 	at java.lang.reflect.Method.invoke(Method.java:511)
02-17 17:20:40.546: W/System.err(8898): 	at com.android.internal.os.ZygoteInit$MethodAndArgsCaller.run(ZygoteInit.java:791)
02-17 17:20:40.546: W/System.err(8898): 	at com.android.internal.os.ZygoteInit.main(ZygoteInit.java:558)
02-17 17:20:40.546: W/System.err(8898): 	at dalvik.system.NativeStart.main(Native Method)
02-17 17:20:40.546: W/System.err(8898): Caused by: java.lang.RuntimeException: failure code: -1010
02-17 17:20:40.550: W/System.err(8898): 	at android.media.MediaPlayer.invoke(MediaPlayer.java:644)
02-17 17:20:40.550: W/System.err(8898): 	... 16 more
02-17 17:20:40.554: D/VideoView(8898): hoperun--start----------mMediaPlayer  is true  mIsPrepared=true
02-17 17:20:40.554: D/PlayVideoActivity(8898): hoperun--mediaPlayerPrepared------>isReload=false
02-17 17:20:40.554: D/PlayVideoActivity(8898): hoperun--dismissWaitProgress-----------------------
02-17 17:20:40.558: D/PlayVideoActivity(8898): hoperun--updateLaseChannelTypeInfo--->lastUrihttp://61.155.219.117:80/live/5/45/5312ed1ed9244534be970acdc75cf0a1.m3u
02-17 17:20:40.558: D/ChannelDataOperate(8898): hoperun--==checkChannelType=
02-17 17:20:40.558: D/DBTool(8898): hoperun--query------>tableName= channel
02-17 17:20:40.566: D/hlsjni(8898): segments[0].id => 272218199 <-> cur_seq_no => 272218562 <-> n_segments => 363
02-17 17:20:40.570: D/PlayVideoActivity(8898): hoperun--updateLaseChannelTypeInfo--->channelid206 typeId =4
02-17 17:20:40.582: D/DBTool(8898): hoperun--updateRecord---->update last channel type ,rowID= 1
02-17 17:20:40.601: D/DBTool(8898): hoperun--updateRecord---->update last channel type ,rowID= 1
02-17 17:20:40.601: D/PlayVideoActivity(8898): hoperun--showBottomLayout--------------->
02-17 17:20:40.894: E/(142): SsbSipMfcDecExe: IOCTL_MFC_DEC_EXE failed(ret : -2005)
02-17 17:20:40.902: I/SoftAAC2(142): Reconfiguring decoder: 22050 Hz, 1 channels
02-17 17:20:41.136: D/hlsjni(8898): put ts data to queue...303620
02-17 17:20:41.136: D/hlsjni(8898): pop ts data from queue... 303620
02-17 17:20:41.441: D/PlayVideoActivity(8898): hoperun--handleMessage---->FADE_CHANNEL_OUT
02-17 17:20:41.441: D/PlayVideoActivity(8898): hoperun--hideChannelLayout--------------->
02-17 17:20:41.445: D/PlayVideoActivity(8898): hoperun--tvRequestFocus--------------->centerlayout=true flag=true
02-17 17:20:41.507: D/PlayVideoActivity(8898): hoperun--handleMessage---->FADE_ID_OUT
02-17 17:20:41.699: D/hlsjni(8898): put ts data to queue...218644
02-17 17:20:41.699: D/hlsjni(8898): pop ts data from queue... 218644
02-17 17:20:42.418: D/PlayVideoActivity(8898): hoperun--centerlayout-----------onclick
02-17 17:20:42.418: D/PlayVideoActivity(8898): hoperun--onKeyDown------>keyCode = 23
02-17 17:20:42.418: D/PlayVideoActivity(8898): hoperun--OnkeyDown--------->keycode_ok Visibility=0
02-17 17:20:42.418: D/PlayVideoActivity(8898): hoperun--showBottomLayout--------------->
02-17 17:20:42.418: D/PlayVideoActivity(8898): hoperun--showChannelLayout--------------->
02-17 17:20:42.418: D/ChannelDataOperate(8898): hoperun--queryChannelByType----->type = 4
02-17 17:20:42.418: D/DBTool(8898): hoperun--queryBySql-->sql=select * from channel a left join collect b on a.channelInfo_name=b.channel_name where channelInfo_typeId=4
02-17 17:20:42.425: D/ChannelDataOperate(8898): hoperun--getInfoByCursor----->isLaunch=false count = 7 isJoinTable=true
02-17 17:20:42.425: D/PlayVideoActivity(8898): hoperun--getListPosition--------->i===========5
02-17 17:20:42.425: D/PlayVideoActivity(8898): hoperun--loadData------------------>mPos=5  curChannelType=4
02-17 17:20:42.632: D/hlsjni(8898): segments[0].id => 272218199 <-> cur_seq_no => 272218562 <-> n_segments => 363
02-17 17:20:43.257: D/hlsjni(8898): segments[0].id => 272218200 <-> cur_seq_no => 272218562 <-> n_segments => 363
02-17 17:20:43.679: D/hlsjni(8898): segments[0].id => 272218200 <-> cur_seq_no => 272218563 <-> n_segments => 363
02-17 17:20:43.918: D/hlsjni(8898): put ts data to queue...255304
02-17 17:20:43.921: D/hlsjni(8898): pop ts data from queue... 255304
02-17 17:20:44.164: D/PlayVideoActivity(8898): hoperun--onItemClick------------>isShowChannel=true
02-17 17:20:44.164: D/PlayVideoActivity(8898): hoperun--onItemClick------------>curChannelType=4
02-17 17:20:44.164: D/PlayVideoActivity(8898): hoperun--showWaitProgress-----------------------
02-17 17:20:44.164: D/PlayVideoActivity(8898): hoperun--loadVideo--->isReload = false,isNeedInit=true,curInfo.id=201
02-17 17:20:44.164: D/PlayVideoActivity(8898): hoperun--loadVideo--->urlListIndex=0 urlListSize=1 curInfo.playUrl=http://61.155.219.117:80/live/5/45/3bde7498f8b64e738f7e5b4938415b3d.m3u
02-17 17:20:44.164: D/HttpUtil(8898): checkNetWork------->connectivityManager != null
02-17 17:20:44.168: D/HttpUtil(8898): checkNetWork------->networkInfos != null
02-17 17:20:44.168: D/HttpUtil(8898): checkNetWork------->return true
02-17 17:20:44.168: D/DBTool(8898): hoperun--queryBySql-->sql=select iscollect from collect where channel_name='PPTV-灌篮CBA'
02-17 17:20:44.171: D/DBTool(8898): hoperun--query------>tableName= channel
02-17 17:20:44.175: D/ChannelDataOperate(8898): hoperun--queryChannelIcon-->columnIndex--->0
02-17 17:20:44.175: D/PlayVideoActivity(8898): hoperun--refreshChannelInfo---->msg.arg1=201
02-17 17:20:44.175: D/HttpUtil(8898): checkNetWork------->connectivityManager != null
02-17 17:20:44.179: D/HttpUtil(8898): checkNetWork------->networkInfos != null
02-17 17:20:44.183: D/HttpUtil(8898): checkNetWork------->return true
02-17 17:20:44.183: D/DownloadImagesThread(8898): downSingleChannelIcon--->no network
02-17 17:20:44.183: D/ProgramUtil(8898): getProgramById---->cId201
02-17 17:20:44.183: D/HttpUtil(8898): checkNetWork------->connectivityManager != null
02-17 17:20:44.187: D/HttpUtil(8898): checkNetWork------->networkInfos != null
02-17 17:20:44.187: D/HttpUtil(8898): checkNetWork------->return true
02-17 17:20:44.203: D/PlayVideoActivity(8898): hoperun--handleMessage---->REFRESH_CHANNEL_ID
02-17 17:20:44.203: D/PlayVideoActivity(8898): hoperun--curInfo===ChannelInfo [id=201, name=PPTV-灌篮CBA, typeId=4, index=, isCollect=false, iconUrl=http://feiying.hoperun.com:8081/hoperun/icon/baidu, playUrl=http://61.155.219.117:80/live/5/45/3bde7498f8b64e738f7e5b4938415b3d.m3u]
02-17 17:20:44.203: D/PlayVideoActivity(8898): hoperun--handleMessage---->REFRESH_CHANNEL_ICON
02-17 17:20:44.207: D/PlayVideoActivity(8898): hoperun--handleMessage---->REFRESH_CHANNEL_ICON  id=201
02-17 17:20:44.222: D/ProgramUtil(8898): getServerTime sucess: serverDate = 2013-02-17, serverTime = 17:22
02-17 17:20:44.226: D/PlayVideoActivity(8898): hoperun--getProgramFiled----------->channelId=201
02-17 17:20:44.261: D/PlayVideoActivity(8898): hoperun--handleMessage---->REFRESH_FAILED_PROGRAM
02-17 17:20:44.668: D/PlayVideoActivity(8898): hoperun--handleMessage---->SET_VIDEO_PATH=http://61.155.219.117:80/live/5/45/3bde7498f8b64e738f7e5b4938415b3d.m3u
02-17 17:20:44.668: I/hlsjni(8898): hls start preparing ===> http://61.155.219.117:80/live/5/45/3bde7498f8b64e738f7e5b4938415b3d.m3u
02-17 17:20:44.668: I/hlsjni(8898): Playback ===> [http://61.155.219.117:80/live/5/45/3bde7498f8b64e738f7e5b4938415b3d.m3u]
02-17 17:20:44.671: I/hlsjni(8898): hls create a new thread...
02-17 17:20:44.671: I/hlsjni(8898): get into hls_live_thread
02-17 17:20:44.671: I/hlsjni(8898): get into [hls_live_play] thread
02-17 17:20:44.671: D/hlsjni(8898): ======>pointer [hls_ctx] = 0x2a3c57a8
02-17 17:20:44.671: D/hlsjni(8898): packet_queue_init
02-17 17:20:44.933: D/hlsjni(8898): first step...
02-17 17:20:44.933: D/hlsjni(8898): http://61.155.219.117:80/live/5/45/3bde7498f8b64e738f7e5b4938415b3d.m3u
02-17 17:20:45.257: D/hlsjni(8898): >>>no variants, but segment is here, so create variant first	-- 1
02-17 17:20:45.261: D/hlsjni(8898): second step...
02-17 17:20:45.710: D/hlsjni(8898): http://61.155.219.117:80/live/5/45/3bde7498f8b64e738f7e5b4938415b3d.m3u
02-17 17:20:45.937: D/hlsjni(8898): ------------->>>start_seq_no => 272218200 <-> n_segments => 363
02-17 17:20:45.937: D/hlsjni(8898): segments[0].id => 272218200 <-> cur_seq_no => 272218563 <-> n_segments => 363
02-17 17:20:45.941: D/hlsjni(8898): ------------->>>cur_seq_no = 272218560
02-17 17:20:45.941: D/hlsjni(8898): first playlist more than 3 segment, srart at the third last segment
02-17 17:20:45.941: D/hlsjni(8898): packet_queue_init
02-17 17:20:45.941: I/hlsjni(8898): hls create a new thread...
02-17 17:20:45.941: D/hlsjni(8898): after first playlist : cur_seq_no = 272218563
02-17 17:20:45.941: D/hlsjni(8898): get into playlist reloading loop...
02-17 17:20:45.945: D/hlsjni(8898): hls download thread are working now...
02-17 17:20:46.535: D/hlsjni(8898): segments[0].id => 272218200 <-> cur_seq_no => 272218563 <-> n_segments => 363
02-17 17:20:46.996: I/hlsjni(8898): hls proxy buffing down, notice MediaPlayer start playing...
02-17 17:20:46.996: I/hlsjni(8898): >>>>>>>>>>>>>>>>>>>[stop the previous channel thread]
02-17 17:20:46.996: I/hlsjni(8898): get into hls_event_callback method
02-17 17:20:46.996: I/hlsjni(8898): hls_event_callback: failed to get JNI environment, assuming native thread
02-17 17:20:46.996: D/EventManager(8898): callback----->event = 260  mEventHandler.size()=1
02-17 17:20:47.000: D/EventManager(8898): callback----->for   i= 0
02-17 17:20:47.000: D/PlayVideoActivity(8898): hoperun--VideoPlayerEventHandler---->eventHandler=260
02-17 17:20:47.003: D/PlayVideoActivity(8898): hoperun--eventHandler------>MediaPlayerPlaying
02-17 17:20:47.003: D/PlayVideoActivity(8898): pathUri=http://localhost:8080/livetv.ts
02-17 17:20:47.007: I/hlsjni(8898): get out of hls_event_callback method
02-17 17:20:47.007: D/hlsjni(8898): put ts data to queue...303620
02-17 17:20:47.031: I/OMXCodec(142): [OMX.SEC.AVC.Decoder] AVC profile = 66 (Baseline), level = 13
02-17 17:20:47.035: I/OMXCodec(142): [OMX.SEC.AVC.Decoder] video dimensions are 320 x 240
02-17 17:20:47.050: W/TimedEventQueue(142): Event 471 was not found in the queue, already cancelled?
02-17 17:20:47.058: W/AudioFlinger(142): session id 433 not found for pid 8898
02-17 17:20:47.058: V/VideoView(8898): reset duration to -1 in openVideo
02-17 17:20:47.062: D/MediaPlayer(8898): Couldn't open file on client side, trying server side
02-17 17:20:47.062: I/AwesomePlayer(142): setDataSource_l('http://localhost:8080/livetv.ts')
02-17 17:20:47.070: V/ChromiumHTTPDataSource(142): connect on behalf of uid 10048
02-17 17:20:47.070: I/ChromiumHTTPDataSource(142): connect to http://localhost:8080/livetv.ts @0
02-17 17:20:47.074: D/hlsjni(8898): mongoose callback to proxy_live
02-17 17:20:47.074: D/hlsjni(8898): mongoose callback to proxy_live
02-17 17:20:47.074: D/hlsjni(8898): mongoose callback to proxy_live
02-17 17:20:47.074: D/hlsjni(8898): mongoose callback to proxy_live
02-17 17:20:47.074: I/hlsjni(8898): mongoose proxy get queue from hls
02-17 17:20:47.074: D/hlsjni(8898): mongoose callback to proxy_live
02-17 17:20:47.074: D/hlsjni(8898): offset = 0, len = 4398046511104
02-17 17:20:47.074: I/hlsjni(8898): -------------------------------------->>>send live data to MediaPlayer
02-17 17:20:47.074: D/hlsjni(8898): ======>pointer [hls_ctx] = 0x2a3c57a8
02-17 17:20:47.078: D/hlsjni(8898): ready to send TV data to Android MediaPlayer...
02-17 17:20:47.078: D/hlsjni(8898): pop ts data from queue... 303620
02-17 17:20:47.335: W/WVMExtractor(142): Failed to open libwvm.so
02-17 17:20:47.543: I/ESQueue(142): found AAC codec config (22050 Hz, 1 channels)
02-17 17:20:47.543: I/avc_utils(142): found AVC codec config (320 x 240, Baseline-profile level 1.3)
02-17 17:20:47.578: I/MPEG2TSExtractor(142): haveAudio=1, haveVideo=1
02-17 17:20:47.578: I/OMXCodec(142): [OMX.SEC.AVC.Decoder] AVC profile = 66 (Baseline), level = 13
02-17 17:20:47.578: I/OMXCodec(142): [OMX.SEC.AVC.Decoder] video dimensions are 320 x 240
02-17 17:20:47.683: D/hlsjni(8898): segments[0].id => 272218200 <-> cur_seq_no => 272218562 <-> n_segments => 363
02-17 17:20:47.750: D/hlsjni(8898): put ts data to queue...218644
02-17 17:20:47.750: D/hlsjni(8898): pop ts data from queue... 218644
02-17 17:20:48.359: D/hlsjni(8898): put ts data to queue...255304
02-17 17:20:48.359: D/hlsjni(8898): pop ts data from queue... 255304
02-17 17:20:48.398: D/hlsjni(8898): segments[0].id => 272218201 <-> cur_seq_no => 272218563 <-> n_segments => 363
02-17 17:20:48.539: D/hlsjni(8898): put ts data to queue...255304
02-17 17:20:48.539: D/hlsjni(8898): pop ts data from queue... 255304
02-17 17:20:48.539: I/hlsjni(8898): -------------------------------------->>>MediaPlayer break liveTV
02-17 17:20:48.539: D/hlsjni(8898): mongoose callback to proxy_live
02-17 17:20:48.543: I/hlsjni(8898): >>>>>>>>>>>>>>>>>>>[hls_download thread] exit...
02-17 17:20:48.609: D/PlayVideoActivity(8898): hoperun--onPreparedListener---->mp.weigth=320 mp.height = 240
02-17 17:20:48.609: D/VideoView(8898): hoperun------in the invoke-------mMediaPlayer:
02-17 17:20:48.609: E/Parcel(142): Reading a NULL string not supported here.
02-17 17:20:48.609: E/Parcel(142): Reading a NULL string not supported here.
02-17 17:20:48.613: E/TimedTextDriver(142): uri('') is not a file
02-17 17:20:48.613: W/System.err(8898): java.lang.reflect.InvocationTargetException
02-17 17:20:48.613: W/System.err(8898): 	at java.lang.reflect.Method.invokeNative(Native Method)
02-17 17:20:48.617: W/System.err(8898): 	at java.lang.reflect.Method.invoke(Method.java:511)
02-17 17:20:48.617: W/System.err(8898): 	at com.hoperun.live.widget.VideoView.invoke(VideoView.java:154)
02-17 17:20:48.617: W/System.err(8898): 	at com.hoperun.live.activity.PlayVideoActivity.setVideoScale(PlayVideoActivity.java:2463)
02-17 17:20:48.617: W/System.err(8898): 	at com.hoperun.live.activity.PlayVideoActivity.access$41(PlayVideoActivity.java:2449)
02-17 17:20:48.621: W/System.err(8898): 	at com.hoperun.live.activity.PlayVideoActivity$3.onPrepared(PlayVideoActivity.java:2240)
02-17 17:20:48.621: W/System.err(8898): 	at com.hoperun.live.widget.VideoView$2.onPrepared(VideoView.java:350)
02-17 17:20:48.621: W/System.err(8898): 	at android.media.MediaPlayer$EventHandler.handleMessage(MediaPlayer.java:1975)
02-17 17:20:48.621: W/System.err(8898): 	at android.os.Handler.dispatchMessage(Handler.java:99)
02-17 17:20:48.621: W/System.err(8898): 	at android.os.Looper.loop(Looper.java:137)
02-17 17:20:48.625: W/System.err(8898): 	at android.app.ActivityThread.main(ActivityThread.java:4931)
02-17 17:20:48.625: W/System.err(8898): 	at java.lang.reflect.Method.invokeNative(Native Method)
02-17 17:20:48.625: W/System.err(8898): 	at java.lang.reflect.Method.invoke(Method.java:511)
02-17 17:20:48.628: W/System.err(8898): 	at com.android.internal.os.ZygoteInit$MethodAndArgsCaller.run(ZygoteInit.java:791)
02-17 17:20:48.628: W/System.err(8898): 	at com.android.internal.os.ZygoteInit.main(ZygoteInit.java:558)
02-17 17:20:48.628: W/System.err(8898): 	at dalvik.system.NativeStart.main(Native Method)
02-17 17:20:48.628: W/System.err(8898): Caused by: java.lang.RuntimeException: failure code: -1010
02-17 17:20:48.632: W/System.err(8898): 	at android.media.MediaPlayer.invoke(MediaPlayer.java:644)
02-17 17:20:48.632: W/System.err(8898): 	... 16 more
02-17 17:20:48.632: D/VideoView(8898): hoperun--start----------mMediaPlayer  is true  mIsPrepared=true
02-17 17:20:48.644: D/PlayVideoActivity(8898): hoperun--mediaPlayerPrepared------>isReload=false
02-17 17:20:48.644: D/PlayVideoActivity(8898): hoperun--dismissWaitProgress-----------------------
02-17 17:20:48.644: D/PlayVideoActivity(8898): hoperun--updateLaseChannelTypeInfo--->lastUrihttp://61.155.219.117:80/live/5/45/3bde7498f8b64e738f7e5b4938415b3d.m3u
02-17 17:20:48.648: D/ChannelDataOperate(8898): hoperun--==checkChannelType=
02-17 17:20:48.648: D/DBTool(8898): hoperun--query------>tableName= channel
02-17 17:20:48.660: D/PlayVideoActivity(8898): hoperun--updateLaseChannelTypeInfo--->channelid201 typeId =4
02-17 17:20:48.671: D/DBTool(8898): hoperun--updateRecord---->update last channel type ,rowID= 1
02-17 17:20:48.679: D/DBTool(8898): hoperun--updateRecord---->update last channel type ,rowID= 1
02-17 17:20:48.679: D/PlayVideoActivity(8898): hoperun--showBottomLayout--------------->
02-17 17:20:48.992: E/(142): SsbSipMfcDecExe: IOCTL_MFC_DEC_EXE failed(ret : -2005)
02-17 17:20:49.003: I/SoftAAC2(142): Reconfiguring decoder: 22050 Hz, 1 channels
02-17 17:20:49.136: D/hlsjni(8898): put ts data to queue...422060
02-17 17:20:49.136: D/hlsjni(8898): pop ts data from queue... 422060
02-17 17:20:49.195: D/PlayVideoActivity(8898): hoperun--handleMessage---->FADE_CHANNEL_OUT
02-17 17:20:49.195: D/PlayVideoActivity(8898): hoperun--hideChannelLayout--------------->
02-17 17:20:49.195: D/PlayVideoActivity(8898): hoperun--tvRequestFocus--------------->centerlayout=true flag=true
02-17 17:20:49.218: I/hlsjni(8898): >>>>>>>>>>>>>>>>>>>[hls_reload_playlist thread] exit...
02-17 17:20:49.218: D/hlsjni(8898): packet_queue_destroy
02-17 17:20:49.218: D/hlsjni(8898): destroy m3u8_playlist_q success
02-17 17:20:49.222: D/hlsjni(8898): free_variant_list success
02-17 17:20:49.222: D/hlsjni(8898): packet_queue_destroy
02-17 17:20:49.222: D/hlsjni(8898): destroy m3u8_download_q success
02-17 17:20:49.222: I/hlsjni(8898): >>>>>>>>>>>>>>>>>>>[hls_live_play thread] exit...
02-17 17:20:49.226: D/PlayVideoActivity(8898): hoperun--handleMessage---->FADE_ID_OUT
02-17 17:20:50.777: D/PlayVideoActivity(8898): hoperun--centerlayout-----------onclick
02-17 17:20:50.777: D/PlayVideoActivity(8898): hoperun--onKeyDown------>keyCode = 23
02-17 17:20:50.777: D/PlayVideoActivity(8898): hoperun--OnkeyDown--------->keycode_ok Visibility=0
02-17 17:20:50.777: D/PlayVideoActivity(8898): hoperun--showBottomLayout--------------->
02-17 17:20:50.777: D/PlayVideoActivity(8898): hoperun--showChannelLayout--------------->
02-17 17:20:50.777: D/ChannelDataOperate(8898): hoperun--queryChannelByType----->type = 4
02-17 17:20:50.777: D/DBTool(8898): hoperun--queryBySql-->sql=select * from channel a left join collect b on a.channelInfo_name=b.channel_name where channelInfo_typeId=4
02-17 17:20:50.781: D/ChannelDataOperate(8898): hoperun--getInfoByCursor----->isLaunch=false count = 7 isJoinTable=true
02-17 17:20:50.785: D/PlayVideoActivity(8898): hoperun--getListPosition--------->i===========0
02-17 17:20:50.785: D/PlayVideoActivity(8898): hoperun--loadData------------------>mPos=0  curChannelType=4
02-17 17:20:51.011: D/hlsjni(8898): segments[0].id => 272218201 <-> cur_seq_no => 272218564 <-> n_segments => 363
02-17 17:20:51.078: D/hlsjni(8898): segments[0].id => 272218201 <-> cur_seq_no => 272218563 <-> n_segments => 363
02-17 17:20:51.640: D/PlayVideoActivity(8898): hoperun--onItemClick------------>isShowChannel=true
02-17 17:20:51.640: D/PlayVideoActivity(8898): hoperun--onItemClick------------>curChannelType=4
02-17 17:20:51.644: D/PlayVideoActivity(8898): hoperun--showWaitProgress-----------------------
02-17 17:20:51.644: D/PlayVideoActivity(8898): hoperun--loadVideo--->isReload = false,isNeedInit=true,curInfo.id=202
02-17 17:20:51.644: D/PlayVideoActivity(8898): hoperun--loadVideo--->urlListIndex=0 urlListSize=1 curInfo.playUrl=http://61.155.219.117:80/live/5/45/52cfa2080859463e865e7c0056fba461.m3u
02-17 17:20:51.644: D/HttpUtil(8898): checkNetWork------->connectivityManager != null
02-17 17:20:51.644: D/HttpUtil(8898): checkNetWork------->networkInfos != null
02-17 17:20:51.648: D/HttpUtil(8898): checkNetWork------->return true
02-17 17:20:51.648: D/DBTool(8898): hoperun--queryBySql-->sql=select iscollect from collect where channel_name='PPTV-申花'
02-17 17:20:51.656: D/DBTool(8898): hoperun--query------>tableName= channel
02-17 17:20:51.660: D/ChannelDataOperate(8898): hoperun--queryChannelIcon-->columnIndex--->0
02-17 17:20:51.660: D/PlayVideoActivity(8898): hoperun--refreshChannelInfo---->msg.arg1=202
02-17 17:20:51.660: D/HttpUtil(8898): checkNetWork------->connectivityManager != null
02-17 17:20:51.664: D/HttpUtil(8898): checkNetWork------->networkInfos != null
02-17 17:20:51.664: D/HttpUtil(8898): checkNetWork------->return true
02-17 17:20:51.664: D/DownloadImagesThread(8898): downSingleChannelIcon--->no network
02-17 17:20:51.664: D/ProgramUtil(8898): getProgramById---->cId202
02-17 17:20:51.664: D/HttpUtil(8898): checkNetWork------->connectivityManager != null
02-17 17:20:51.668: D/HttpUtil(8898): checkNetWork------->networkInfos != null
02-17 17:20:51.668: D/HttpUtil(8898): checkNetWork------->return true
02-17 17:20:51.695: D/PlayVideoActivity(8898): hoperun--handleMessage---->REFRESH_CHANNEL_ID
02-17 17:20:51.695: D/PlayVideoActivity(8898): hoperun--curInfo===ChannelInfo [id=202, name=PPTV-申花, typeId=4, index=, isCollect=false, iconUrl=http://feiying.hoperun.com:8081/hoperun/icon/baidu, playUrl=http://61.155.219.117:80/live/5/45/52cfa2080859463e865e7c0056fba461.m3u]
02-17 17:20:51.703: D/ProgramUtil(8898): getServerTime sucess: serverDate = 2013-02-17, serverTime = 17:22
02-17 17:20:51.703: D/PlayVideoActivity(8898): hoperun--handleMessage---->REFRESH_CHANNEL_ICON
02-17 17:20:51.707: D/PlayVideoActivity(8898): hoperun--handleMessage---->REFRESH_CHANNEL_ICON  id=202
02-17 17:20:51.710: D/PlayVideoActivity(8898): hoperun--getProgramFiled----------->channelId=202
02-17 17:20:51.750: D/PlayVideoActivity(8898): hoperun--handleMessage---->REFRESH_FAILED_PROGRAM
02-17 17:20:51.855: D/hlsjni(8898): put ts data to queue...422060
02-17 17:20:51.855: D/hlsjni(8898): pop ts data from queue... 422060
02-17 17:20:51.863: I/hlsjni(8898): -------------------------------------->>>MediaPlayer break liveTV
02-17 17:20:51.863: D/hlsjni(8898): mongoose callback to proxy_live
02-17 17:20:51.863: I/hlsjni(8898): >>>>>>>>>>>>>>>>>>>[hls_download thread] exit...
02-17 17:20:52.160: D/PlayVideoActivity(8898): hoperun--handleMessage---->SET_VIDEO_PATH=http://61.155.219.117:80/live/5/45/52cfa2080859463e865e7c0056fba461.m3u
02-17 17:20:52.160: I/hlsjni(8898): hls start preparing ===> http://61.155.219.117:80/live/5/45/52cfa2080859463e865e7c0056fba461.m3u
02-17 17:20:52.164: I/hlsjni(8898): Playback ===> [http://61.155.219.117:80/live/5/45/52cfa2080859463e865e7c0056fba461.m3u]
02-17 17:20:52.164: I/hlsjni(8898): hls create a new thread...
02-17 17:20:52.164: I/hlsjni(8898): get into hls_live_thread
02-17 17:20:52.164: I/hlsjni(8898): get into [hls_live_play] thread
02-17 17:20:52.164: D/hlsjni(8898): ======>pointer [hls_ctx] = 0x2a381f48
02-17 17:20:52.164: D/hlsjni(8898): packet_queue_init
02-17 17:20:52.226: D/hlsjni(8898): segments[0].id => 272218201 <-> cur_seq_no => 272218564 <-> n_segments => 363
02-17 17:20:52.261: I/hlsjni(8898): >>>>>>>>>>>>>>>>>>>[hls_reload_playlist thread] exit...
02-17 17:20:52.261: D/hlsjni(8898): packet_queue_destroy
02-17 17:20:52.261: D/hlsjni(8898): destroy m3u8_playlist_q success
02-17 17:20:52.261: D/hlsjni(8898): free_variant_list success
02-17 17:20:52.261: D/hlsjni(8898): packet_queue_destroy
02-17 17:20:52.261: D/hlsjni(8898): destroy m3u8_download_q success
02-17 17:20:52.261: I/hlsjni(8898): >>>>>>>>>>>>>>>>>>>[hls_live_play thread] exit...
02-17 17:20:52.375: D/hlsjni(8898): first step...
02-17 17:20:52.378: D/hlsjni(8898): http://61.155.219.117:80/live/5/45/52cfa2080859463e865e7c0056fba461.m3u
02-17 17:20:52.585: D/hlsjni(8898): >>>no variants, but segment is here, so create variant first	-- 1
02-17 17:20:52.597: D/hlsjni(8898): second step...
02-17 17:20:52.812: D/hlsjni(8898): http://61.155.219.117:80/live/5/45/52cfa2080859463e865e7c0056fba461.m3u
02-17 17:20:53.156: D/hlsjni(8898): ------------->>>start_seq_no => 272218202 <-> n_segments => 363
02-17 17:20:53.156: D/hlsjni(8898): ------------->>>cur_seq_no = 272218562
02-17 17:20:53.156: D/hlsjni(8898): first playlist more than 3 segment, srart at the third last segment
02-17 17:20:53.160: D/hlsjni(8898): packet_queue_init
02-17 17:20:53.160: I/hlsjni(8898): hls create a new thread...
02-17 17:20:53.160: D/hlsjni(8898): after first playlist : cur_seq_no = 272218565
02-17 17:20:53.160: D/hlsjni(8898): get into playlist reloading loop...
02-17 17:20:53.164: D/hlsjni(8898): hls download thread are working now...
02-17 17:20:54.867: I/hlsjni(8898): hls proxy buffing down, notice MediaPlayer start playing...
02-17 17:20:54.867: I/hlsjni(8898): >>>>>>>>>>>>>>>>>>>[stop the previous channel thread]
02-17 17:20:54.867: I/hlsjni(8898): get into hls_event_callback method
02-17 17:20:54.871: I/hlsjni(8898): hls_event_callback: failed to get JNI environment, assuming native thread
02-17 17:20:54.871: D/EventManager(8898): callback----->event = 260  mEventHandler.size()=1
02-17 17:20:54.875: D/EventManager(8898): callback----->for   i= 0
02-17 17:20:54.875: I/hlsjni(8898): get out of hls_event_callback method
02-17 17:20:54.875: D/hlsjni(8898): put ts data to queue...249476
02-17 17:20:54.878: D/PlayVideoActivity(8898): hoperun--VideoPlayerEventHandler---->eventHandler=260
02-17 17:20:54.878: D/PlayVideoActivity(8898): hoperun--eventHandler------>MediaPlayerPlaying
02-17 17:20:54.882: D/PlayVideoActivity(8898): pathUri=http://localhost:8080/livetv.ts
02-17 17:20:54.902: I/OMXCodec(142): [OMX.SEC.AVC.Decoder] AVC profile = 66 (Baseline), level = 13
02-17 17:20:54.902: I/OMXCodec(142): [OMX.SEC.AVC.Decoder] video dimensions are 320 x 240
02-17 17:20:54.921: W/TimedEventQueue(142): Event 454 was not found in the queue, already cancelled?
02-17 17:20:54.929: W/AudioFlinger(142): session id 434 not found for pid 8898
02-17 17:20:54.929: V/VideoView(8898): reset duration to -1 in openVideo
02-17 17:20:54.929: D/MediaPlayer(8898): Couldn't open file on client side, trying server side
02-17 17:20:54.929: I/AwesomePlayer(142): setDataSource_l('http://localhost:8080/livetv.ts')
02-17 17:20:54.933: V/ChromiumHTTPDataSource(142): connect on behalf of uid 10048
02-17 17:20:54.933: I/ChromiumHTTPDataSource(142): connect to http://localhost:8080/livetv.ts @0
02-17 17:20:54.941: D/hlsjni(8898): mongoose callback to proxy_live
02-17 17:20:54.941: D/hlsjni(8898): mongoose callback to proxy_live
02-17 17:20:54.941: D/hlsjni(8898): mongoose callback to proxy_live
02-17 17:20:54.941: D/hlsjni(8898): mongoose callback to proxy_live
02-17 17:20:54.941: I/hlsjni(8898): mongoose proxy get queue from hls
02-17 17:20:54.941: D/hlsjni(8898): mongoose callback to proxy_live
02-17 17:20:54.941: D/hlsjni(8898): offset = 0, len = 4398046511104
02-17 17:20:54.941: I/hlsjni(8898): -------------------------------------->>>send live data to MediaPlayer
02-17 17:20:54.941: D/hlsjni(8898): ======>pointer [hls_ctx] = 0x2a381f48
02-17 17:20:54.941: D/hlsjni(8898): ready to send TV data to Android MediaPlayer...
02-17 17:20:54.941: D/hlsjni(8898): pop ts data from queue... 249476
02-17 17:20:55.207: W/WVMExtractor(142): Failed to open libwvm.so
02-17 17:20:55.972: D/hlsjni(8898): put ts data to queue...319224
02-17 17:20:55.972: D/hlsjni(8898): pop ts data from queue... 319224
02-17 17:20:56.007: I/avc_utils(142): found AVC codec config (320 x 240, Baseline-profile level 1.3)
02-17 17:20:56.007: I/ESQueue(142): found AAC codec config (22050 Hz, 1 channels)
02-17 17:20:56.011: I/MPEG2TSExtractor(142): haveAudio=1, haveVideo=1
02-17 17:20:56.011: I/OMXCodec(142): [OMX.SEC.AVC.Decoder] AVC profile = 66 (Baseline), level = 13
02-17 17:20:56.011: I/OMXCodec(142): [OMX.SEC.AVC.Decoder] video dimensions are 320 x 240
02-17 17:20:56.683: D/PlayVideoActivity(8898): hoperun--handleMessage---->FADE_CHANNEL_OUT
02-17 17:20:56.683: D/PlayVideoActivity(8898): hoperun--hideChannelLayout--------------->
02-17 17:20:56.687: D/PlayVideoActivity(8898): hoperun--tvRequestFocus--------------->centerlayout=true flag=true
02-17 17:20:56.691: D/PlayVideoActivity(8898): hoperun--handleMessage---->FADE_BOTTOM_OUT
02-17 17:20:56.691: D/PlayVideoActivity(8898): hoperun--hideBottomLayout--------------->
02-17 17:20:56.753: D/hlsjni(8898): put ts data to queue...128592
02-17 17:20:56.753: D/hlsjni(8898): pop ts data from queue... 128592
02-17 17:20:56.777: D/PlayVideoActivity(8898): hoperun--handleMessage---->FADE_ID_OUT
02-17 17:20:56.847: D/hlsjni(8898): segments[0].id => 272218202 <-> cur_seq_no => 272218565 <-> n_segments => 363
02-17 17:20:57.046: D/PlayVideoActivity(8898): hoperun--onPreparedListener---->mp.weigth=320 mp.height = 240
02-17 17:20:57.046: D/VideoView(8898): hoperun------in the invoke-------mMediaPlayer:
02-17 17:20:57.050: E/Parcel(142): Reading a NULL string not supported here.
02-17 17:20:57.050: E/Parcel(142): Reading a NULL string not supported here.
02-17 17:20:57.050: E/TimedTextDriver(142): uri('') is not a file
02-17 17:20:57.050: W/System.err(8898): java.lang.reflect.InvocationTargetException
02-17 17:20:57.054: W/System.err(8898): 	at java.lang.reflect.Method.invokeNative(Native Method)
02-17 17:20:57.054: W/System.err(8898): 	at java.lang.reflect.Method.invoke(Method.java:511)
02-17 17:20:57.054: W/System.err(8898): 	at com.hoperun.live.widget.VideoView.invoke(VideoView.java:154)
02-17 17:20:57.054: W/System.err(8898): 	at com.hoperun.live.activity.PlayVideoActivity.setVideoScale(PlayVideoActivity.java:2463)
02-17 17:20:57.058: W/System.err(8898): 	at com.hoperun.live.activity.PlayVideoActivity.access$41(PlayVideoActivity.java:2449)
02-17 17:20:57.058: W/System.err(8898): 	at com.hoperun.live.activity.PlayVideoActivity$3.onPrepared(PlayVideoActivity.java:2240)
02-17 17:20:57.058: W/System.err(8898): 	at com.hoperun.live.widget.VideoView$2.onPrepared(VideoView.java:350)
02-17 17:20:57.062: W/System.err(8898): 	at android.media.MediaPlayer$EventHandler.handleMessage(MediaPlayer.java:1975)
02-17 17:20:57.062: W/System.err(8898): 	at android.os.Handler.dispatchMessage(Handler.java:99)
02-17 17:20:57.062: W/System.err(8898): 	at android.os.Looper.loop(Looper.java:137)
02-17 17:20:57.066: W/System.err(8898): 	at android.app.ActivityThread.main(ActivityThread.java:4931)
02-17 17:20:57.066: W/System.err(8898): 	at java.lang.reflect.Method.invokeNative(Native Method)
02-17 17:20:57.066: W/System.err(8898): 	at java.lang.reflect.Method.invoke(Method.java:511)
02-17 17:20:57.066: W/System.err(8898): 	at com.android.internal.os.ZygoteInit$MethodAndArgsCaller.run(ZygoteInit.java:791)
02-17 17:20:57.070: W/System.err(8898): 	at com.android.internal.os.ZygoteInit.main(ZygoteInit.java:558)
02-17 17:20:57.070: W/System.err(8898): 	at dalvik.system.NativeStart.main(Native Method)
02-17 17:20:57.070: W/System.err(8898): Caused by: java.lang.RuntimeException: failure code: -1010
02-17 17:20:57.074: W/System.err(8898): 	at android.media.MediaPlayer.invoke(MediaPlayer.java:644)
02-17 17:20:57.074: W/System.err(8898): 	... 16 more
02-17 17:20:57.074: D/VideoView(8898): hoperun--start----------mMediaPlayer  is true  mIsPrepared=true
02-17 17:20:57.078: D/PlayVideoActivity(8898): hoperun--mediaPlayerPrepared------>isReload=false
02-17 17:20:57.082: D/PlayVideoActivity(8898): hoperun--dismissWaitProgress-----------------------
02-17 17:20:57.085: D/PlayVideoActivity(8898): hoperun--updateLaseChannelTypeInfo--->lastUrihttp://61.155.219.117:80/live/5/45/52cfa2080859463e865e7c0056fba461.m3u
02-17 17:20:57.085: D/ChannelDataOperate(8898): hoperun--==checkChannelType=
02-17 17:20:57.085: D/DBTool(8898): hoperun--query------>tableName= channel
02-17 17:20:57.101: D/PlayVideoActivity(8898): hoperun--updateLaseChannelTypeInfo--->channelid202 typeId =4
02-17 17:20:57.113: D/DBTool(8898): hoperun--updateRecord---->update last channel type ,rowID= 1
02-17 17:20:57.125: D/DBTool(8898): hoperun--updateRecord---->update last channel type ,rowID= 1
02-17 17:20:57.125: D/PlayVideoActivity(8898): hoperun--showBottomLayout--------------->
02-17 17:20:57.421: E/(142): SsbSipMfcDecExe: IOCTL_MFC_DEC_EXE failed(ret : -2005)
02-17 17:20:57.425: I/SoftAAC2(142): Reconfiguring decoder: 22050 Hz, 1 channels
02-17 17:20:57.972: D/hlsjni(8898): segments[0].id => 272218202 <-> cur_seq_no => 272218565 <-> n_segments => 363
02-17 17:20:57.972: D/hlsjni(8898): segments[0].id => 272218202 <-> cur_seq_no => 272218564 <-> n_segments => 363
02-17 17:20:58.671: D/hlsjni(8898): put ts data to queue...274856
02-17 17:20:58.671: D/hlsjni(8898): pop ts data from queue... 274856
02-17 17:20:58.753: D/PlayVideoActivity(8898): hoperun--centerlayout-----------onclick
02-17 17:20:58.753: D/PlayVideoActivity(8898): hoperun--onKeyDown------>keyCode = 23
02-17 17:20:58.753: D/PlayVideoActivity(8898): hoperun--OnkeyDown--------->keycode_ok Visibility=0
02-17 17:20:58.753: D/PlayVideoActivity(8898): hoperun--showBottomLayout--------------->
02-17 17:20:58.757: D/PlayVideoActivity(8898): hoperun--showChannelLayout--------------->
02-17 17:20:58.757: D/ChannelDataOperate(8898): hoperun--queryChannelByType----->type = 4
02-17 17:20:58.757: D/DBTool(8898): hoperun--queryBySql-->sql=select * from channel a left join collect b on a.channelInfo_name=b.channel_name where channelInfo_typeId=4
02-17 17:20:58.761: D/ChannelDataOperate(8898): hoperun--getInfoByCursor----->isLaunch=false count = 7 isJoinTable=true
02-17 17:20:58.761: D/PlayVideoActivity(8898): hoperun--getListPosition--------->i===========1
02-17 17:20:58.761: D/PlayVideoActivity(8898): hoperun--loadData------------------>mPos=1  curChannelType=4
02-17 17:20:59.746: D/hlsjni(8898): segments[0].id => 272218203 <-> cur_seq_no => 272218565 <-> n_segments => 363
02-17 17:21:00.777: D/PlayVideoActivity(8898): hoperun--onItemClick------------>isShowChannel=true
02-17 17:21:00.777: D/PlayVideoActivity(8898): hoperun--onItemClick------------>curChannelType=4
02-17 17:21:00.777: D/PlayVideoActivity(8898): hoperun--showWaitProgress-----------------------
02-17 17:21:00.777: D/PlayVideoActivity(8898): hoperun--loadVideo--->isReload = false,isNeedInit=true,curInfo.id=205
02-17 17:21:00.777: D/PlayVideoActivity(8898): hoperun--loadVideo--->urlListIndex=0 urlListSize=1 curInfo.playUrl=http://61.155.219.117:80/live/5/45/cc535b8712c347ceb850ddd27ea60045.m3u
02-17 17:21:00.777: D/HttpUtil(8898): checkNetWork------->connectivityManager != null
02-17 17:21:00.781: D/HttpUtil(8898): checkNetWork------->networkInfos != null
02-17 17:21:00.781: D/HttpUtil(8898): checkNetWork------->return true
02-17 17:21:00.781: D/DBTool(8898): hoperun--queryBySql-->sql=select iscollect from collect where channel_name='精英体育'
02-17 17:21:00.785: D/DBTool(8898): hoperun--query------>tableName= channel
02-17 17:21:00.785: D/ChannelDataOperate(8898): hoperun--queryChannelIcon-->columnIndex--->0
02-17 17:21:00.785: D/PlayVideoActivity(8898): hoperun--refreshChannelInfo---->msg.arg1=205
02-17 17:21:00.789: D/HttpUtil(8898): checkNetWork------->connectivityManager != null
02-17 17:21:00.789: D/HttpUtil(8898): checkNetWork------->networkInfos != null
02-17 17:21:00.793: D/HttpUtil(8898): checkNetWork------->return true
02-17 17:21:00.793: D/DownloadImagesThread(8898): downSingleChannelIcon--->no network
02-17 17:21:00.793: D/ProgramUtil(8898): getProgramById---->cId205
02-17 17:21:00.793: D/HttpUtil(8898): checkNetWork------->connectivityManager != null
02-17 17:21:00.796: D/HttpUtil(8898): checkNetWork------->networkInfos != null
02-17 17:21:00.796: D/HttpUtil(8898): checkNetWork------->return true
02-17 17:21:00.816: D/PlayVideoActivity(8898): hoperun--handleMessage---->REFRESH_CHANNEL_ID
02-17 17:21:00.816: D/PlayVideoActivity(8898): hoperun--curInfo===ChannelInfo [id=205, name=精英体育, typeId=4, index=, isCollect=false, iconUrl=http://feiying.hoperun.com:8081/hoperun/icon/baidu, playUrl=http://61.155.219.117:80/live/5/45/cc535b8712c347ceb850ddd27ea60045.m3u]
02-17 17:21:00.816: D/PlayVideoActivity(8898): hoperun--handleMessage---->REFRESH_CHANNEL_ICON
02-17 17:21:00.816: D/PlayVideoActivity(8898): hoperun--handleMessage---->REFRESH_CHANNEL_ICON  id=205
02-17 17:21:01.203: D/ProgramUtil(8898): getServerTime sucess: serverDate = 2013-02-17, serverTime = 17:22
02-17 17:21:01.226: D/PlayVideoActivity(8898): hoperun--getProgramFiled----------->channelId=205
02-17 17:21:01.226: D/PlayVideoActivity(8898): hoperun--handleMessage---->REFRESH_FAILED_PROGRAM
02-17 17:21:01.281: D/PlayVideoActivity(8898): hoperun--handleMessage---->SET_VIDEO_PATH=http://61.155.219.117:80/live/5/45/cc535b8712c347ceb850ddd27ea60045.m3u
02-17 17:21:01.281: I/hlsjni(8898): hls start preparing ===> http://61.155.219.117:80/live/5/45/cc535b8712c347ceb850ddd27ea60045.m3u
02-17 17:21:01.281: I/hlsjni(8898): Playback ===> [http://61.155.219.117:80/live/5/45/cc535b8712c347ceb850ddd27ea60045.m3u]
02-17 17:21:01.281: I/hlsjni(8898): hls create a new thread...
02-17 17:21:01.285: I/hlsjni(8898): get into hls_live_thread
02-17 17:21:01.289: I/hlsjni(8898): get into [hls_live_play] thread
02-17 17:21:01.289: D/hlsjni(8898): ======>pointer [hls_ctx] = 0x2a45ad38
02-17 17:21:01.289: D/hlsjni(8898): packet_queue_init
02-17 17:21:01.980: D/hlsjni(8898): first step...
02-17 17:21:01.980: D/hlsjni(8898): http://61.155.219.117:80/live/5/45/cc535b8712c347ceb850ddd27ea60045.m3u
02-17 17:21:02.582: D/hlsjni(8898): >>>no variants, but segment is here, so create variant first	-- 1
02-17 17:21:02.589: D/hlsjni(8898): segments[0].id => 272218203 <-> cur_seq_no => 272218566 <-> n_segments => 363
02-17 17:21:02.593: D/hlsjni(8898): second step...
02-17 17:21:02.644: D/hlsjni(8898): put ts data to queue...274104
02-17 17:21:02.644: D/hlsjni(8898): pop ts data from queue... 274104
02-17 17:21:02.644: I/hlsjni(8898): -------------------------------------->>>MediaPlayer break liveTV
02-17 17:21:02.644: D/hlsjni(8898): mongoose callback to proxy_live
02-17 17:21:02.976: D/hlsjni(8898): http://61.155.219.117:80/live/5/45/cc535b8712c347ceb850ddd27ea60045.m3u
02-17 17:21:03.125: D/hlsjni(8898): segments[0].id => 272218203 <-> cur_seq_no => 272218565 <-> n_segments => 363
02-17 17:21:03.546: D/hlsjni(8898): ------------->>>start_seq_no => 272218204 <-> n_segments => 363
02-17 17:21:03.546: D/hlsjni(8898): segments[0].id => 272218204 <-> cur_seq_no => 272218566 <-> n_segments => 363
02-17 17:21:03.550: D/hlsjni(8898): ------------->>>cur_seq_no = 272218564
02-17 17:21:03.550: D/hlsjni(8898): first playlist more than 3 segment, srart at the third last segment
02-17 17:21:03.550: D/hlsjni(8898): packet_queue_init
02-17 17:21:03.554: I/hlsjni(8898): hls create a new thread...
02-17 17:21:03.554: D/hlsjni(8898): after first playlist : cur_seq_no = 272218567
02-17 17:21:03.554: D/hlsjni(8898): get into playlist reloading loop...
02-17 17:21:03.554: D/hlsjni(8898): hls download thread are working now...
02-17 17:21:04.710: D/hlsjni(8898): segments[0].id => 272218204 <-> cur_seq_no => 272218567 <-> n_segments => 363
02-17 17:21:05.707: I/hlsjni(8898): hls proxy buffing down, notice MediaPlayer start playing...
02-17 17:21:05.707: I/hlsjni(8898): >>>>>>>>>>>>>>>>>>>[stop the previous channel thread]
02-17 17:21:05.707: I/hlsjni(8898): get into hls_event_callback method
02-17 17:21:05.710: I/hlsjni(8898): hls_event_callback: failed to get JNI environment, assuming native thread
02-17 17:21:05.710: D/EventManager(8898): callback----->event = 260  mEventHandler.size()=1
02-17 17:21:05.714: D/EventManager(8898): callback----->for   i= 0
02-17 17:21:05.726: I/hlsjni(8898): get out of hls_event_callback method
02-17 17:21:05.726: D/hlsjni(8898): put ts data to queue...319224
02-17 17:21:05.742: D/hlsjni(8898): put ts data to queue...301928
02-17 17:21:05.742: I/hlsjni(8898): >>>>>>>>>>>>>>>>>>>[hls_download thread] exit...
02-17 17:21:05.742: D/PlayVideoActivity(8898): hoperun--VideoPlayerEventHandler---->eventHandler=260
02-17 17:21:05.742: D/PlayVideoActivity(8898): hoperun--eventHandler------>MediaPlayerPlaying
02-17 17:21:05.742: D/PlayVideoActivity(8898): pathUri=http://localhost:8080/livetv.ts
02-17 17:21:05.757: I/OMXCodec(142): [OMX.SEC.AVC.Decoder] AVC profile = 66 (Baseline), level = 13
02-17 17:21:05.757: I/OMXCodec(142): [OMX.SEC.AVC.Decoder] video dimensions are 320 x 240
02-17 17:21:05.777: W/TimedEventQueue(142): Event 625 was not found in the queue, already cancelled?
02-17 17:21:05.785: W/AudioFlinger(142): session id 435 not found for pid 8898
02-17 17:21:05.785: V/VideoView(8898): reset duration to -1 in openVideo
02-17 17:21:05.789: D/MediaPlayer(8898): Couldn't open file on client side, trying server side
02-17 17:21:05.789: I/AwesomePlayer(142): setDataSource_l('http://localhost:8080/livetv.ts')
02-17 17:21:05.800: V/ChromiumHTTPDataSource(142): connect on behalf of uid 10048
02-17 17:21:05.800: I/ChromiumHTTPDataSource(142): connect to http://localhost:8080/livetv.ts @0
02-17 17:21:05.804: D/hlsjni(8898): mongoose callback to proxy_live
02-17 17:21:05.804: D/hlsjni(8898): mongoose callback to proxy_live
02-17 17:21:05.804: D/hlsjni(8898): mongoose callback to proxy_live
02-17 17:21:05.804: D/hlsjni(8898): mongoose callback to proxy_live
02-17 17:21:05.804: I/hlsjni(8898): mongoose proxy get queue from hls
02-17 17:21:05.804: D/hlsjni(8898): mongoose callback to proxy_live
02-17 17:21:05.808: D/hlsjni(8898): offset = 0, len = 4398046511104
02-17 17:21:05.808: I/hlsjni(8898): -------------------------------------->>>send live data to MediaPlayer
02-17 17:21:05.808: D/hlsjni(8898): ======>pointer [hls_ctx] = 0x2a45ad38
02-17 17:21:05.808: D/hlsjni(8898): ready to send TV data to Android MediaPlayer...
02-17 17:21:05.808: D/hlsjni(8898): pop ts data from queue... 319224
02-17 17:21:05.816: D/PlayVideoActivity(8898): hoperun--handleMessage---->FADE_CHANNEL_OUT
02-17 17:21:05.816: D/PlayVideoActivity(8898): hoperun--hideChannelLayout--------------->
02-17 17:21:05.820: D/PlayVideoActivity(8898): hoperun--tvRequestFocus--------------->centerlayout=true flag=true
02-17 17:21:05.820: D/PlayVideoActivity(8898): hoperun--handleMessage---->FADE_BOTTOM_OUT
02-17 17:21:05.820: D/PlayVideoActivity(8898): hoperun--hideBottomLayout--------------->
02-17 17:21:05.820: D/PlayVideoActivity(8898): hoperun--handleMessage---->FADE_ID_OUT
02-17 17:21:05.828: D/hlsjni(8898): put ts data to queue...274104
02-17 17:21:05.828: D/hlsjni(8898): pop ts data from queue... 274104
02-17 17:21:05.851: D/hlsjni(8898): segments[0].id => 272218204 <-> cur_seq_no => 272218567 <-> n_segments => 363
02-17 17:21:05.925: D/hlsjni(8898): segments[0].id => 272218204 <-> cur_seq_no => 272218567 <-> n_segments => 363
02-17 17:21:06.101: W/WVMExtractor(142): Failed to open libwvm.so
02-17 17:21:06.312: I/ESQueue(142): found AAC codec config (22050 Hz, 1 channels)
02-17 17:21:06.316: I/avc_utils(142): found AVC codec config (320 x 240, Baseline-profile level 1.3)
02-17 17:21:06.328: I/MPEG2TSExtractor(142): haveAudio=1, haveVideo=1
02-17 17:21:06.335: I/OMXCodec(142): [OMX.SEC.AVC.Decoder] AVC profile = 66 (Baseline), level = 13
02-17 17:21:06.339: I/OMXCodec(142): [OMX.SEC.AVC.Decoder] video dimensions are 320 x 240
02-17 17:21:06.648: D/hlsjni(8898): put ts data to queue...402320
02-17 17:21:06.648: D/hlsjni(8898): pop ts data from queue... 402320
02-17 17:21:06.949: I/hlsjni(8898): >>>>>>>>>>>>>>>>>>>[hls_reload_playlist thread] exit...
02-17 17:21:06.949: D/hlsjni(8898): packet_queue_destroy
02-17 17:21:06.949: D/hlsjni(8898): destroy m3u8_playlist_q success
02-17 17:21:06.949: D/hlsjni(8898): free_variant_list success
02-17 17:21:06.949: D/hlsjni(8898): packet_queue_destroy
02-17 17:21:06.949: D/hlsjni(8898): destroy m3u8_download_q success
02-17 17:21:06.953: I/hlsjni(8898): >>>>>>>>>>>>>>>>>>>[hls_live_play thread] exit...
02-17 17:21:07.363: D/hlsjni(8898): put ts data to queue...301928
02-17 17:21:07.363: D/hlsjni(8898): pop ts data from queue... 301928
02-17 17:21:07.382: D/PlayVideoActivity(8898): hoperun--onPreparedListener---->mp.weigth=320 mp.height = 240
02-17 17:21:07.382: D/VideoView(8898): hoperun------in the invoke-------mMediaPlayer:
02-17 17:21:07.382: E/Parcel(142): Reading a NULL string not supported here.
02-17 17:21:07.386: E/Parcel(142): Reading a NULL string not supported here.
02-17 17:21:07.386: E/TimedTextDriver(142): uri('') is not a file
02-17 17:21:07.386: W/System.err(8898): java.lang.reflect.InvocationTargetException
02-17 17:21:07.386: W/System.err(8898): 	at java.lang.reflect.Method.invokeNative(Native Method)
02-17 17:21:07.390: W/System.err(8898): 	at java.lang.reflect.Method.invoke(Method.java:511)
02-17 17:21:07.390: W/System.err(8898): 	at com.hoperun.live.widget.VideoView.invoke(VideoView.java:154)
02-17 17:21:07.390: W/System.err(8898): 	at com.hoperun.live.activity.PlayVideoActivity.setVideoScale(PlayVideoActivity.java:2463)
02-17 17:21:07.394: W/System.err(8898): 	at com.hoperun.live.activity.PlayVideoActivity.access$41(PlayVideoActivity.java:2449)
02-17 17:21:07.394: W/System.err(8898): 	at com.hoperun.live.activity.PlayVideoActivity$3.onPrepared(PlayVideoActivity.java:2240)
02-17 17:21:07.394: W/System.err(8898): 	at com.hoperun.live.widget.VideoView$2.onPrepared(VideoView.java:350)
02-17 17:21:07.394: W/System.err(8898): 	at android.media.MediaPlayer$EventHandler.handleMessage(MediaPlayer.java:1975)
02-17 17:21:07.394: W/System.err(8898): 	at android.os.Handler.dispatchMessage(Handler.java:99)
02-17 17:21:07.398: W/System.err(8898): 	at android.os.Looper.loop(Looper.java:137)
02-17 17:21:07.398: W/System.err(8898): 	at android.app.ActivityThread.main(ActivityThread.java:4931)
02-17 17:21:07.398: W/System.err(8898): 	at java.lang.reflect.Method.invokeNative(Native Method)
02-17 17:21:07.402: W/System.err(8898): 	at java.lang.reflect.Method.invoke(Method.java:511)
02-17 17:21:07.402: W/System.err(8898): 	at com.android.internal.os.ZygoteInit$MethodAndArgsCaller.run(ZygoteInit.java:791)
02-17 17:21:07.402: W/System.err(8898): 	at com.android.internal.os.ZygoteInit.main(ZygoteInit.java:558)
02-17 17:21:07.406: W/System.err(8898): 	at dalvik.system.NativeStart.main(Native Method)
02-17 17:21:07.406: W/System.err(8898): Caused by: java.lang.RuntimeException: failure code: -1010
02-17 17:21:07.410: W/System.err(8898): 	at android.media.MediaPlayer.invoke(MediaPlayer.java:644)
02-17 17:21:07.410: W/System.err(8898): 	... 16 more
02-17 17:21:07.414: D/VideoView(8898): hoperun--start----------mMediaPlayer  is true  mIsPrepared=true
02-17 17:21:07.418: D/PlayVideoActivity(8898): hoperun--mediaPlayerPrepared------>isReload=false
02-17 17:21:07.418: D/PlayVideoActivity(8898): hoperun--dismissWaitProgress-----------------------
02-17 17:21:07.421: D/PlayVideoActivity(8898): hoperun--updateLaseChannelTypeInfo--->lastUrihttp://61.155.219.117:80/live/5/45/cc535b8712c347ceb850ddd27ea60045.m3u
02-17 17:21:07.421: D/ChannelDataOperate(8898): hoperun--==checkChannelType=
02-17 17:21:07.421: D/DBTool(8898): hoperun--query------>tableName= channel
02-17 17:21:07.433: D/PlayVideoActivity(8898): hoperun--updateLaseChannelTypeInfo--->channelid205 typeId =4
02-17 17:21:07.449: D/DBTool(8898): hoperun--updateRecord---->update last channel type ,rowID= 1
