02-17 17:25:18.656: D/PlayVideoActivity(8898): hoperun--updateLaseChannelTypeInfo--->lastUrihttp://vdn.apps.cntv.cn/api/getLiveUrlCommonRedirectApi.do?channel=pa://cctv_p2p_hdcctv13&type=ipad,http://biz.vsdn.tv380.com/playlive.php?5B63686E5D445830303030303038307C333234377C317C313030307C6C6235302E636E7C687474707C74735B2F63686E5DVSDNSOOONERCOM00,http://liveipad.wasu.cn/zyxw_ipad/z.m3u8
02-17 17:25:18.656: D/ChannelDataOperate(8898): hoperun--==checkChannelType=
02-17 17:25:18.660: D/DBTool(8898): hoperun--query------>tableName= channel
02-17 17:25:18.671: D/PlayVideoActivity(8898): hoperun--updateLaseChannelTypeInfo--->channelid13 typeId =1
02-17 17:25:18.683: D/DBTool(8898): hoperun--updateRecord---->update last channel type ,rowID= 1
02-17 17:25:18.699: D/DBTool(8898): hoperun--updateRecord---->update last channel type ,rowID= 1
02-17 17:25:18.699: D/PlayVideoActivity(8898): hoperun--showBottomLayout--------------->
02-17 17:25:19.000: E/(142): SsbSipMfcDecExe: IOCTL_MFC_DEC_EXE failed(ret : -2005)
02-17 17:25:19.011: I/SoftAAC2(142): Reconfiguring decoder: 44100 Hz, 2 channels
02-17 17:25:19.046: D/AudioHardware(142): AudioHardware pcm playback is exiting standby.
02-17 17:25:19.046: V/AudioHardware(142): open pcm_out driver
02-17 17:25:19.046: D/AudioHardware(142): openPcmOut_l() mPcmOpenCnt: 0
02-17 17:25:19.109: V/AudioHardware(142): openMixer_l() mMixerOpenCnt: 0
02-17 17:25:19.109: V/AudioHardware(142): open playback normal
02-17 17:25:19.109: V/AudioHardware(142): write() wakeup setting route SPK
02-17 17:25:19.601: D/PlayVideoActivity(8898): hoperun--handleMessage---->FADE_CHANNEL_OUT
02-17 17:25:19.601: D/PlayVideoActivity(8898): hoperun--hideChannelLayout--------------->
02-17 17:25:19.601: D/PlayVideoActivity(8898): hoperun--tvRequestFocus--------------->centerlayout=true flag=true
02-17 17:25:19.648: D/PlayVideoActivity(8898): hoperun--handleMessage---->FADE_ID_OUT
02-17 17:25:19.664: D/hlsjni(8898): put ts data to queue...436912
02-17 17:25:19.664: D/hlsjni(8898): pop ts data from queue... 436912
02-17 17:25:20.367: D/hlsjni(8898): put ts data to queue...683568
02-17 17:25:20.367: D/hlsjni(8898): pop ts data from queue... 683568
02-17 17:25:20.843: D/hlsjni(8898): segments[0].id => 7005147 <-> cur_seq_no => 7005149 <-> n_segments => 3
02-17 17:25:21.699: D/hlsjni(8898): put ts data to queue...595584
02-17 17:25:21.699: D/hlsjni(8898): pop ts data from queue... 595584
02-17 17:25:23.699: D/PlayVideoActivity(8898): hoperun--handleMessage---->FADE_BOTTOM_OUT
02-17 17:25:23.703: D/PlayVideoActivity(8898): hoperun--hideBottomLayout--------------->
02-17 17:25:25.867: D/hlsjni(8898): segments[0].id => 7005147 <-> cur_seq_no => 7005150 <-> n_segments => 3
02-17 17:25:30.878: D/hlsjni(8898): segments[0].id => 7005148 <-> cur_seq_no => 7005150 <-> n_segments => 3
02-17 17:25:32.519: D/hlsjni(8898): put ts data to queue...600284
02-17 17:25:32.523: D/hlsjni(8898): pop ts data from queue... 600284
02-17 17:25:37.937: D/PlayVideoActivity(8898): hoperun--onKeyDown------>keyCode = 25
02-17 17:25:38.714: D/PlayVideoActivity(8898): hoperun--onKeyDown------>keyCode = 25
02-17 17:25:39.226: D/PlayVideoActivity(8898): hoperun--onKeyDown------>keyCode = 25
02-17 17:25:39.246: D/hlsjni(8898): segments[0].id => 7005148 <-> cur_seq_no => 7005151 <-> n_segments => 3
02-17 17:25:40.773: D/hlsjni(8898): segments[0].id => 7005149 <-> cur_seq_no => 7005151 <-> n_segments => 3
02-17 17:25:41.246: D/hlsjni(8898): put ts data to queue...416420
02-17 17:25:41.246: D/hlsjni(8898): pop ts data from queue... 416420
02-17 17:25:45.773: D/hlsjni(8898): segments[0].id => 7005149 <-> cur_seq_no => 7005152 <-> n_segments => 3
02-17 17:25:50.765: D/hlsjni(8898): segments[0].id => 7005150 <-> cur_seq_no => 7005152 <-> n_segments => 3
02-17 17:25:51.640: D/hlsjni(8898): put ts data to queue...658000
02-17 17:25:51.640: D/hlsjni(8898): pop ts data from queue... 658000
02-17 17:25:55.964: D/hlsjni(8898): segments[0].id => 7005150 <-> cur_seq_no => 7005153 <-> n_segments => 3
02-17 17:26:00.753: D/hlsjni(8898): segments[0].id => 7005150 <-> cur_seq_no => 7005153 <-> n_segments => 3
02-17 17:26:10.789: D/hlsjni(8898): segments[0].id => 7005152 <-> cur_seq_no => 7005153 <-> n_segments => 3
02-17 17:26:11.367: D/hlsjni(8898): put ts data to queue...503652
02-17 17:26:11.367: D/hlsjni(8898): pop ts data from queue... 503652
02-17 17:26:13.378: A/libc(8898): Fatal signal 11 (SIGSEGV) at 0xdeadbaad (code=1), thread 8898 (om.hoperun.live)
02-17 17:26:13.503: I/DEBUG(138): *** *** *** *** *** *** *** *** *** *** *** *** *** *** *** ***
02-17 17:26:13.503: I/DEBUG(138): Build fingerprint: 'Samsung/SGH-T959/SGH-T959/SGH-T959:2.2/FROYO/UVKB5:user/release-keys'
02-17 17:26:13.507: I/DEBUG(138): pid: 8898, tid: 8898, name: om.hoperun.live  >>> com.hoperun.live <<<
02-17 17:26:13.507: I/DEBUG(138): signal 11 (SIGSEGV), code 1 (SEGV_MAPERR), fault addr deadbaad
02-17 17:26:13.824: I/DEBUG(138):     r0 00000027  r1 deadbaad  r2 00000ef8  r3 00000000
02-17 17:26:13.824: I/DEBUG(138):     r4 00000000  r5 54cfeb74  r6 0000001c  r7 000493e0
02-17 17:26:13.824: I/DEBUG(138):     r8 54cfee76  r9 00000000  sl 00000000  fp 00000000
02-17 17:26:13.824: I/DEBUG(138):     ip fffd2c1c  sp 54cfeb70  lr 400459c1  pc 40042086  cpsr 60010030
02-17 17:26:13.828: I/DEBUG(138):     d0  5f65766c6f736573  d1  3d207972746e6565
02-17 17:26:13.828: I/DEBUG(138):     d2  0069006400650072  d3  00410049002e0076
02-17 17:26:13.828: I/DEBUG(138):     d4  000003210000006e  d5  0000000200000001
02-17 17:26:13.828: I/DEBUG(138):     d6  0000010100000000  d7  0000001900000001
02-17 17:26:13.828: I/DEBUG(138):     d8  0000000000000000  d9  4448000000000000
02-17 17:26:13.828: I/DEBUG(138):     d10 3f80000043f00000  d11 42a8000000000000
02-17 17:26:13.828: I/DEBUG(138):     d12 42aa000044044000  d13 0000000000000000
02-17 17:26:13.828: I/DEBUG(138):     d14 0000000000000000  d15 0000000000000000
02-17 17:26:13.828: I/DEBUG(138):     d16 7fffffffffffffff  d17 7fffffffffffffff
02-17 17:26:13.828: I/DEBUG(138):     d18 0000000000000000  d19 3febb67ae46c0827
02-17 17:26:13.828: I/DEBUG(138):     d20 3fc25fc4748856e9  d21 3fe0000006c61d99
02-17 17:26:13.828: I/DEBUG(138):     d22 bfc50a7877e32e28  d23 bf29e7f85171d4e7
02-17 17:26:13.828: I/DEBUG(138):     d24 bf56a47c07dc3459  d25 3fa55553e1053a42
02-17 17:26:13.828: I/DEBUG(138):     d26 3fa55553e1053a42  d27 3ef99342e0ee5069
02-17 17:26:13.828: I/DEBUG(138):     d28 3fa55553e1053a42  d29 bfdffffffd0c5e81
02-17 17:26:13.828: I/DEBUG(138):     d30 3ec6cd878c3b46a7  d31 3f811110896efbb2
02-17 17:26:13.828: I/DEBUG(138):     scr 20000013
02-17 17:26:13.832: I/DEBUG(138): backtrace:
02-17 17:26:13.832: I/DEBUG(138):     #00  pc 00018086  /system/lib/libc.so
02-17 17:26:13.832: I/DEBUG(138):     #01  pc 0000dc04  /system/lib/libc.so (abort+4)
02-17 17:26:13.832: I/DEBUG(138):     #02  pc 0001ee27  /system/lib/libc.so (__assert2+30)
02-17 17:26:13.832: I/DEBUG(138):     #03  pc 000230ec  /datadata/com.hoperun.live/lib/libhlsjni.so
02-17 17:26:13.832: I/DEBUG(138): stack:
02-17 17:26:13.832: I/DEBUG(138):          54cfeb30  00000001  
02-17 17:26:13.832: I/DEBUG(138):          54cfeb34  268961d7  
02-17 17:26:13.835: I/DEBUG(138):          54cfeb38  4006e6c4  /system/lib/libc.so
02-17 17:26:13.835: I/DEBUG(138):          54cfeb3c  2a0352e0  [heap]
02-17 17:26:13.835: I/DEBUG(138):          54cfeb40  4006e6c4  /system/lib/libc.so
02-17 17:26:13.835: I/DEBUG(138):          54cfeb44  00000001  
02-17 17:26:13.835: I/DEBUG(138):          54cfeb48  4006e774  /system/lib/libc.so
02-17 17:26:13.835: I/DEBUG(138):          54cfeb4c  40073e10  
02-17 17:26:13.835: I/DEBUG(138):          54cfeb50  00000000  
02-17 17:26:13.835: I/DEBUG(138):          54cfeb54  400459c1  /system/lib/libc.so (_fwalk+32)
02-17 17:26:13.835: I/DEBUG(138):          54cfeb58  00000001  
02-17 17:26:13.835: I/DEBUG(138):          54cfeb5c  54cfeb74  
02-17 17:26:13.835: I/DEBUG(138):          54cfeb60  0000001c  
02-17 17:26:13.835: I/DEBUG(138):          54cfeb64  000493e0  
02-17 17:26:13.835: I/DEBUG(138):          54cfeb68  df0027ad  
02-17 17:26:13.835: I/DEBUG(138):          54cfeb6c  00000000  
02-17 17:26:13.835: I/DEBUG(138):     #00  54cfeb70  51339e94  /datadata/com.hoperun.live/lib/libhlsjni.so
02-17 17:26:13.835: I/DEBUG(138):          54cfeb74  fffffbdf  
02-17 17:26:13.835: I/DEBUG(138):          54cfeb78  40064b7e  /system/lib/libc.so
02-17 17:26:13.835: I/DEBUG(138):          54cfeb7c  0000001c  
02-17 17:26:13.839: I/DEBUG(138):          54cfeb80  000493e0  
02-17 17:26:13.839: I/DEBUG(138):          54cfeb84  40044f2d  /system/lib/libc.so (fprintf+16)
02-17 17:26:13.839: I/DEBUG(138):          54cfeb88  4006e718  /system/lib/libc.so
02-17 17:26:13.839: I/DEBUG(138):          54cfeb8c  51339e94  /datadata/com.hoperun.live/lib/libhlsjni.so
02-17 17:26:13.839: I/DEBUG(138):          54cfeb90  40064b7e  /system/lib/libc.so
02-17 17:26:13.839: I/DEBUG(138):          54cfeb94  40037c08  /system/lib/libc.so (__pthread_clone)
02-17 17:26:13.839: I/DEBUG(138):     #01  54cfeb98  54cfeb98  
02-17 17:26:13.839: I/DEBUG(138):          54cfeb9c  40048e2b  /system/lib/libc.so (__assert2+34)
02-17 17:26:13.839: I/DEBUG(138):     #02  54cfeba0  00001294  
02-17 17:26:13.839: I/DEBUG(138):          54cfeba4  51339e4c  /datadata/com.hoperun.live/lib/libhlsjni.so
02-17 17:26:13.839: I/DEBUG(138):          54cfeba8  51339e4c  /datadata/com.hoperun.live/lib/libhlsjni.so
02-17 17:26:13.839: I/DEBUG(138):          54cfebac  513220f0  /datadata/com.hoperun.live/lib/libhlsjni.so
02-17 17:26:13.839: I/DEBUG(138): memory near r5:
02-17 17:26:13.839: I/DEBUG(138):     54cfeb54 400459c1 00000001 54cfeb74 0000001c  .Y.@....t..T....
02-17 17:26:13.839: I/DEBUG(138):     54cfeb64 000493e0 df0027ad 00000000 51339e94  .....'........3Q
02-17 17:26:13.839: I/DEBUG(138):     54cfeb74 fffffbdf 40064b7e 0000001c 000493e0  ....~K.@........
02-17 17:26:13.843: I/DEBUG(138):     54cfeb84 40044f2d 4006e718 51339e94 40064b7e  -O.@...@..3Q~K.@
02-17 17:26:13.843: I/DEBUG(138):     54cfeb94 40037c08 54cfeb98 40048e2b 00001294  .|.@...T+..@....
02-17 17:26:13.843: I/DEBUG(138): memory near r7:
02-17 17:26:13.843: I/DEBUG(138):     000493c0 ffffffff ffffffff ffffffff ffffffff  ................
02-17 17:26:13.843: I/DEBUG(138):     000493d0 ffffffff ffffffff ffffffff ffffffff  ................
02-17 17:26:13.843: I/DEBUG(138):     000493e0 ffffffff ffffffff ffffffff ffffffff  ................
02-17 17:26:13.843: I/DEBUG(138):     000493f0 ffffffff ffffffff ffffffff ffffffff  ................
02-17 17:26:13.843: I/DEBUG(138):     00049400 ffffffff ffffffff ffffffff ffffffff  ................
02-17 17:26:13.843: I/DEBUG(138): memory near r8:
02-17 17:26:13.843: I/DEBUG(138):     54cfee54 51339e94 00000231 00000000 2a3fb088  ..3Q1.........?*
02-17 17:26:13.843: I/DEBUG(138):     54cfee64 00000000 5133a760 5133a760 2a285bc0  ....`.3Q`.3Q.[(*
02-17 17:26:13.843: I/DEBUG(138):     54cfee74 00010005 2a214098 00000000 00000000  .....@!*........
02-17 17:26:13.843: I/DEBUG(138):     54cfee84 2a3fb088 00002700 54cfeec8 00000000  ..?*.'.....T....
02-17 17:26:13.843: I/DEBUG(138):     54cfee94 2a4b3500 513344c8 00000000 00100000  .5K*.D3Q........
02-17 17:26:13.843: I/DEBUG(138): memory near sp:
02-17 17:26:13.843: I/DEBUG(138):     54cfeb50 00000000 400459c1 00000001 54cfeb74  .....Y.@....t..T
02-17 17:26:13.843: I/DEBUG(138):     54cfeb60 0000001c 000493e0 df0027ad 00000000  .........'......
02-17 17:26:13.843: I/DEBUG(138):     54cfeb70 51339e94 fffffbdf 40064b7e 0000001c  ..3Q....~K.@....
02-17 17:26:13.843: I/DEBUG(138):     54cfeb80 000493e0 40044f2d 4006e718 51339e94  ....-O.@...@..3Q
02-17 17:26:13.843: I/DEBUG(138):     54cfeb90 40064b7e 40037c08 54cfeb98 40048e2b  ~K.@.|.@...T+..@
02-17 17:26:13.847: I/DEBUG(138): code around pc:
02-17 17:26:13.847: I/DEBUG(138):     40042064 e000b164 6823461c d1fb2b00 68e3e026  d....F#h.+..&..h
02-17 17:26:13.847: I/DEBUG(138):     40042074 4a17b123 447a2401 47986014 20274911  #..J.$zD.`.G.I' 
02-17 17:26:13.847: I/DEBUG(138):     40042084 70082400 eceef7f4 f7f52106 a902ee2a  .$.p.....!..*...
02-17 17:26:13.847: I/DEBUG(138):     40042094 f04f2006 460a5380 94029304 f7f59403  . O..S.F........
02-17 17:26:13.847: I/DEBUG(138):     400420a4 4629ea0c 20024622 ea14f7f5 ecdaf7f4  ..)F"F. ........
02-17 17:26:13.847: I/DEBUG(138): code around lr:
02-17 17:26:13.847: I/DEBUG(138):     400459a0 41f0e92d 4c0b2600 447c4680 68a56824  -..A.&.L.F|D$h.h
02-17 17:26:13.847: I/DEBUG(138):     400459b0 e0076867 300cf9b5 dd022b00 47c04628  gh.....0.+..(F.G
02-17 17:26:13.847: I/DEBUG(138):     400459c0 35544306 d5f53f01 2c006824 4630d1ef  .CT5.?..$h.,..0F
02-17 17:26:13.847: I/DEBUG(138):     400459d0 81f0e8bd 00028b56 43f0e92d fb01461f  ....V...-..C.F..
02-17 17:26:13.847: I/DEBUG(138):     400459e0 f8dff602 b0878058 44f8460c 8000f8d8  ....X....F.D....
02-17 17:26:13.847: I/DEBUG(138): memory map around fault addr deadbaad:
02-17 17:26:13.847: I/DEBUG(138):     befdf000-bf000000 [stack]
02-17 17:26:13.847: I/DEBUG(138):     (no map for address)
02-17 17:26:13.847: I/DEBUG(138):     ffff0000-ffff1000 [vectors]
02-17 17:26:14.386: I/ActivityManager(335): Process com.hoperun.live (pid 8898) has died.
02-17 17:26:14.386: I/WindowState(335): WIN DEATH: Window{40e3cc70 com.hoperun.live/com.hoperun.live.activity.PlayVideoActivity paused=false}
02-17 17:26:14.390: W/TimedEventQueue(142): Event 4206 was not found in the queue, already cancelled?
02-17 17:26:14.390: W/ActivityManager(335): Force removing ActivityRecord{40d97838 com.hoperun.live/.activity.PlayVideoActivity}: app died, no saved state
02-17 17:26:14.394: W/WindowManager(335): Force-removing child win Window{40f17ba0 SurfaceView paused=false} from container Window{40e3cc70 com.hoperun.live/com.hoperun.live.activity.PlayVideoActivity paused=false}
02-17 17:26:14.418: I/ChromiumHTTPDataSourceSupport(142): OnReadCompleted, read failed, status 4
02-17 17:26:14.418: E/NuCachedSource2(142): source returned error -1004, 10 retries left
02-17 17:26:14.429: W/WindowManager(335): Failed looking up window
02-17 17:26:14.429: W/WindowManager(335): java.lang.IllegalArgumentException: Requested window android.os.BinderProxy@4108d660 does not exist
02-17 17:26:14.429: W/WindowManager(335): 	at com.android.server.wm.WindowManagerService.windowForClientLocked(WindowManagerService.java:7675)
02-17 17:26:14.429: W/WindowManager(335): 	at com.android.server.wm.WindowManagerService.windowForClientLocked(WindowManagerService.java:7666)
02-17 17:26:14.429: W/WindowManager(335): 	at com.android.server.wm.WindowState$DeathRecipient.binderDied(WindowState.java:854)
02-17 17:26:14.429: W/WindowManager(335): 	at android.os.BinderProxy.sendDeathNotice(Binder.java:449)
02-17 17:26:14.429: W/WindowManager(335): 	at dalvik.system.NativeStart.run(Native Method)
02-17 17:26:14.429: I/WindowState(335): WIN DEATH: null
02-17 17:26:14.437: I/InputReader(335): Reconfiguring input devices.  changes=0x00000004
02-17 17:26:14.437: I/InputReader(335): Device reconfigured: id=9, name='mxt224_ts_input', surface size is now 480x800, mode is 1
02-17 17:26:14.464: I/ChromiumHTTPDataSourceSupport(142): OnReadCompleted, read failed, status 4
02-17 17:26:14.468: E/NuCachedSource2(142): source returned error -1004, 10 retries left
02-17 17:26:14.484: D/Zygote(140): Process 8898 terminated by signal (11)
02-17 17:26:14.496: I/ActivityManager(335): Config changed: {1.0 460mcc1mnc zh_CN sw320dp w320dp h508dp nrml long port finger -keyb/v/h -nav/h s.54 themeResource=null}
02-17 17:26:14.722: D/SizeAdaptiveLayout(542): com.android.internal.widget.SizeAdaptiveLayout@40dae1f8child view android.widget.FrameLayout@4119cad0 measured out of bounds at 95px clamped to 96px
02-17 17:26:14.726: D/SizeAdaptiveLayout(542): com.android.internal.widget.SizeAdaptiveLayout@40de7ac8child view android.widget.FrameLayout@40f370e8 measured out of bounds at 95px clamped to 96px
02-17 17:26:14.742: D/dalvikvm(6087): GC_CONCURRENT freed 1871K, 49% free 5660K/10887K, paused 3ms+19ms, total 137ms
02-17 17:26:14.742: D/dalvikvm(6087): WAIT_FOR_CONCURRENT_GC blocked 99ms
02-17 17:26:14.847: W/InputMethodManagerService(335): Got RemoteException sending setActive(false) notification to pid 8898 uid 10048
02-17 17:26:16.746: D/dalvikvm(335): GC_EXPLICIT freed 1357K, 55% free 12516K/27719K, paused 32ms+8ms, total 125ms
02-17 17:26:17.410: D/AudioHardware(142): AudioHardware pcm playback is going to standby.
02-17 17:26:17.410: V/AudioHardware(142): closeMixer_l() mMixerOpenCnt: 1
02-17 17:26:17.410: D/AudioHardware(142): closePcmOut_l() mPcmOpenCnt: 1
02-17 17:27:14.515: D/SurfaceFlinger(139): About to give-up screen, flinger = 0x2a008af0
02-17 17:27:14.574: D/Sensors(335): Smb380Sensor::~enable(0, 0)
02-17 17:27:14.574: D/Sensors(335): Smb380Sensor::~enable(0, 0) open /sys/class/input/event1/device/enable
02-17 17:27:14.574: D/Sensors(335): Smb380Sensor::~enable(0, 0) opened /sys/class/input/event1/device/enable
02-17 17:27:14.574: D/Sensors(335): Smb380Sensor::~setDelay(0, 66667000)
02-17 17:27:15.132: D/AccelerometerListener(604): enable(false)
02-17 17:27:15.179: E/PowerManagerService(335): Excessive delay setting brightness: 148ms, mask=2
02-17 17:27:19.640: V/LockPatternKeyguardView(335): Set visibility on com.android.internal.policy.impl.LockPatternKeyguardView$5@40f1aaa8 to 8388608
02-17 17:27:19.703: V/TransportControlView(335): Create TCV com.android.internal.widget.TransportControlView@41148b78
02-17 17:27:19.738: V/KeyguardViewManager(335): KGVM: Set visibility on com.android.internal.policy.impl.KeyguardViewManager$KeyguardViewHost@40efcd60 to 6291456
02-17 17:27:19.753: D/PhoneStatusBar(542): disable: < expand icons alerts ticker system_info back home RECENT* clock >
02-17 17:27:19.804: V/LockPatternKeyguardView(335): Set visibility on com.android.internal.policy.impl.LockPatternKeyguardView$5@40f1aaa8 to 8388608
02-17 17:27:19.808: D/PhoneStatusBar(542): disable: < expand icons alerts ticker system_info BACK* HOME* RECENT CLOCK* >
02-17 17:27:19.933: D/dalvikvm(335): GC_CONCURRENT freed 1448K, 51% free 13663K/27719K, paused 3ms+6ms, total 79ms
02-17 17:27:19.933: D/dalvikvm(335): WAIT_FOR_CONCURRENT_GC blocked 55ms
02-17 17:27:19.941: V/LockPatternKeyguardView(335): Set visibility on com.android.internal.policy.impl.LockPatternKeyguardView$5@40f1aaa8 to 8388608
02-17 17:30:00.168: W/ThrottleService(335): unable to find stats for iface pdp0

