02-17 17:14:21.925: D/hlsjni(8898): http://183.60.72.227:1863/2674956498.m3u8?apptype=unknow&pla=unknow&time=1361092463&cdn=zijian
02-17 17:14:22.527: D/hlsjni(8898): >>>no variants, but segment is here, so create variant first	--2
02-17 17:14:22.558: D/hlsjni(8898): second step...
02-17 17:14:22.863: D/hlsjni(8898): http://183.60.72.227:1863/2674956498.m3u8?apptype=unknow&pla=unknow&time=1361092463&cdn=zijian
02-17 17:14:23.160: D/hlsjni(8898): ------------->>>start_seq_no => 63131 <-> n_segments => 1080
02-17 17:14:23.160: D/hlsjni(8898): ------------->>>cur_seq_no = 64208
02-17 17:14:23.160: D/hlsjni(8898): first playlist more than 3 segment, srart at the third last segment
02-17 17:14:23.160: D/hlsjni(8898): packet_queue_init
02-17 17:14:23.160: I/hlsjni(8898): hls create a new thread...
02-17 17:14:23.164: D/hlsjni(8898): after first playlist : cur_seq_no = 64211
02-17 17:14:23.164: D/hlsjni(8898): get into playlist reloading loop...
02-17 17:14:23.168: D/hlsjni(8898): hls download thread are working now...
02-17 17:14:23.902: D/hlsjni(8898): segments[0].id => 63131 <-> cur_seq_no => 64211 <-> n_segments => 1080
02-17 17:14:24.246: D/hlsjni(8898): segments[0].id => 745660 <-> cur_seq_no => 745662 <-> n_segments => 3
02-17 17:14:24.347: I/hlsjni(8898): hls proxy buffing down, notice MediaPlayer start playing...
02-17 17:14:24.347: I/hlsjni(8898): >>>>>>>>>>>>>>>>>>>[stop the previous channel thread]
02-17 17:14:24.351: I/hlsjni(8898): get into hls_event_callback method
02-17 17:14:24.351: I/hlsjni(8898): hls_event_callback: failed to get JNI environment, assuming native thread
02-17 17:14:24.351: D/EventManager(8898): callback----->event = 260  mEventHandler.size()=1
02-17 17:14:24.351: D/EventManager(8898): callback----->for   i= 0
02-17 17:14:24.355: I/hlsjni(8898): get out of hls_event_callback method
02-17 17:14:24.355: D/PlayVideoActivity(8898): hoperun--VideoPlayerEventHandler---->eventHandler=260
02-17 17:14:24.355: D/PlayVideoActivity(8898): hoperun--eventHandler------>MediaPlayerPlaying
02-17 17:14:24.355: D/PlayVideoActivity(8898): pathUri=http://localhost:8080/livetv.ts
02-17 17:14:24.359: D/hlsjni(8898): put ts data to queue...830960
02-17 17:14:24.390: I/OMXCodec(142): [OMX.SEC.AVC.Decoder] AVC profile = 77 (Main), level = 30
02-17 17:14:24.390: I/OMXCodec(142): [OMX.SEC.AVC.Decoder] video dimensions are 640 x 480
02-17 17:14:24.410: W/TimedEventQueue(142): Event 1837 was not found in the queue, already cancelled?
02-17 17:14:24.425: W/AudioFlinger(142): session id 419 not found for pid 8898
02-17 17:14:24.425: V/VideoView(8898): reset duration to -1 in openVideo
02-17 17:14:24.429: D/MediaPlayer(8898): Couldn't open file on client side, trying server side
02-17 17:14:24.429: I/AwesomePlayer(142): setDataSource_l('http://localhost:8080/livetv.ts')
02-17 17:14:24.429: V/ChromiumHTTPDataSource(142): connect on behalf of uid 10048
02-17 17:14:24.429: I/ChromiumHTTPDataSource(142): connect to http://localhost:8080/livetv.ts @0
02-17 17:14:24.433: D/hlsjni(8898): mongoose callback to proxy_live
02-17 17:14:24.433: D/hlsjni(8898): mongoose callback to proxy_live
02-17 17:14:24.433: D/hlsjni(8898): mongoose callback to proxy_live
02-17 17:14:24.433: D/hlsjni(8898): mongoose callback to proxy_live
02-17 17:14:24.433: I/hlsjni(8898): mongoose proxy get queue from hls
02-17 17:14:24.433: D/hlsjni(8898): mongoose callback to proxy_live
02-17 17:14:24.437: D/hlsjni(8898): offset = 0, len = 4398046511104
02-17 17:14:24.437: I/hlsjni(8898): -------------------------------------->>>send live data to MediaPlayer
02-17 17:14:24.437: D/hlsjni(8898): ======>pointer [hls_ctx] = 0x2a37e3d0
02-17 17:14:24.437: D/hlsjni(8898): ready to send TV data to Android MediaPlayer...
02-17 17:14:24.437: D/hlsjni(8898): pop ts data from queue... 830960
02-17 17:14:24.722: W/WVMExtractor(142): Failed to open libwvm.so
02-17 17:14:24.929: I/avc_utils(142): found AVC codec config (640 x 360, High-profile level 3.0)
02-17 17:14:25.015: I/ESQueue(142): found AAC codec config (44100 Hz, 2 channels)
02-17 17:14:25.015: I/MPEG2TSExtractor(142): haveAudio=1, haveVideo=1
02-17 17:14:25.015: I/OMXCodec(142): [OMX.SEC.AVC.Decoder] AVC profile = 100 (High), level = 30
02-17 17:14:25.015: I/OMXCodec(142): [OMX.SEC.AVC.Decoder] video dimensions are 640 x 360
02-17 17:14:25.562: D/hlsjni(8898): put ts data to queue...734516
02-17 17:14:25.562: D/hlsjni(8898): pop ts data from queue... 734516
02-17 17:14:25.582: I/hlsjni(8898): -------------------------------------->>>MediaPlayer break liveTV
02-17 17:14:25.582: D/hlsjni(8898): mongoose callback to proxy_live
02-17 17:14:25.582: I/hlsjni(8898): >>>>>>>>>>>>>>>>>>>[hls_download thread] exit...
02-17 17:14:26.019: D/PlayVideoActivity(8898): hoperun--handleMessage---->FADE_CHANNEL_OUT
02-17 17:14:26.023: D/PlayVideoActivity(8898): hoperun--hideChannelLayout--------------->
02-17 17:14:26.027: D/PlayVideoActivity(8898): hoperun--tvRequestFocus--------------->centerlayout=true flag=true
02-17 17:14:26.027: D/PlayVideoActivity(8898): hoperun--handleMessage---->FADE_BOTTOM_OUT
02-17 17:14:26.027: D/PlayVideoActivity(8898): hoperun--hideBottomLayout--------------->
02-17 17:14:26.070: D/PlayVideoActivity(8898): hoperun--handleMessage---->FADE_ID_OUT
02-17 17:14:26.074: D/PlayVideoActivity(8898): hoperun--onPreparedListener---->mp.weigth=640 mp.height = 360
02-17 17:14:26.078: D/VideoView(8898): hoperun------in the invoke-------mMediaPlayer:
02-17 17:14:26.078: E/Parcel(142): Reading a NULL string not supported here.
02-17 17:14:26.078: E/Parcel(142): Reading a NULL string not supported here.
02-17 17:14:26.082: E/TimedTextDriver(142): uri('') is not a file
02-17 17:14:26.082: W/System.err(8898): java.lang.reflect.InvocationTargetException
02-17 17:14:26.082: W/System.err(8898): 	at java.lang.reflect.Method.invokeNative(Native Method)
02-17 17:14:26.085: W/System.err(8898): 	at java.lang.reflect.Method.invoke(Method.java:511)
02-17 17:14:26.085: W/System.err(8898): 	at com.hoperun.live.widget.VideoView.invoke(VideoView.java:154)
02-17 17:14:26.089: W/System.err(8898): 	at com.hoperun.live.activity.PlayVideoActivity.setVideoScale(PlayVideoActivity.java:2463)
02-17 17:14:26.089: W/System.err(8898): 	at com.hoperun.live.activity.PlayVideoActivity.access$41(PlayVideoActivity.java:2449)
02-17 17:14:26.093: W/System.err(8898): 	at com.hoperun.live.activity.PlayVideoActivity$3.onPrepared(PlayVideoActivity.java:2240)
02-17 17:14:26.093: W/System.err(8898): 	at com.hoperun.live.widget.VideoView$2.onPrepared(VideoView.java:350)
02-17 17:14:26.093: W/System.err(8898): 	at android.media.MediaPlayer$EventHandler.handleMessage(MediaPlayer.java:1975)
02-17 17:14:26.093: W/System.err(8898): 	at android.os.Handler.dispatchMessage(Handler.java:99)
02-17 17:14:26.097: W/System.err(8898): 	at android.os.Looper.loop(Looper.java:137)
02-17 17:14:26.097: W/System.err(8898): 	at android.app.ActivityThread.main(ActivityThread.java:4931)
02-17 17:14:26.097: W/System.err(8898): 	at java.lang.reflect.Method.invokeNative(Native Method)
02-17 17:14:26.101: W/System.err(8898): 	at java.lang.reflect.Method.invoke(Method.java:511)
02-17 17:14:26.101: W/System.err(8898): 	at com.android.internal.os.ZygoteInit$MethodAndArgsCaller.run(ZygoteInit.java:791)
02-17 17:14:26.101: W/System.err(8898): 	at com.android.internal.os.ZygoteInit.main(ZygoteInit.java:558)
02-17 17:14:26.105: W/System.err(8898): 	at dalvik.system.NativeStart.main(Native Method)
02-17 17:14:26.105: W/System.err(8898): Caused by: java.lang.RuntimeException: failure code: -1010
02-17 17:14:26.109: W/System.err(8898): 	at android.media.MediaPlayer.invoke(MediaPlayer.java:644)
02-17 17:14:26.109: W/System.err(8898): 	... 16 more
02-17 17:14:26.109: D/VideoView(8898): hoperun--start----------mMediaPlayer  is true  mIsPrepared=true
02-17 17:14:26.109: D/PlayVideoActivity(8898): hoperun--mediaPlayerPrepared------>isReload=false
02-17 17:14:26.109: D/PlayVideoActivity(8898): hoperun--dismissWaitProgress-----------------------
02-17 17:14:26.109: D/PlayVideoActivity(8898): hoperun--updateLaseChannelTypeInfo--->lastUrihttp://zb.v.qq.com:1863/?progid=2674956498&ostype=ios,http://gslb.tv.sohu.com/live?cid=51&type=hls,http://zb.v.qq.com:1863/?progid=1258215255&ostype=ios,http://live.gslb.letv.com/gslb?stream_id=jiangsu&tag=live&ext=m3u8&sign=live_ipad,http://liveipad.wasu.cn/jsws_ipad/z.m3u8,http://web-play.pptv.com/web-m3u8-300163.m3u8
02-17 17:14:26.109: D/ChannelDataOperate(8898): hoperun--==checkChannelType=
02-17 17:14:26.113: D/DBTool(8898): hoperun--query------>tableName= channel
02-17 17:14:26.113: D/PlayVideoActivity(8898): hoperun--updateLaseChannelTypeInfo--->channelid21 typeId =2
02-17 17:14:26.125: D/DBTool(8898): hoperun--updateRecord---->update last channel type ,rowID= 1
02-17 17:14:26.136: D/DBTool(8898): hoperun--updateRecord---->update last channel type ,rowID= 1
02-17 17:14:26.136: D/PlayVideoActivity(8898): hoperun--showBottomLayout--------------->
02-17 17:14:26.152: D/VideoView(8898): hoperun--surfaceChanged------------>
02-17 17:14:26.421: I/OMXCodec(142): [OMX.SEC.AVC.Decoder] video dimensions are 640 x 368
02-17 17:14:26.421: I/OMXCodec(142): [OMX.SEC.AVC.Decoder] Crop rect is 640 x 360 @ (0, 0)
02-17 17:14:26.453: E/(142): SsbSipMfcDecExe: IOCTL_MFC_DEC_EXE failed(ret : -2005)
02-17 17:14:26.492: I/SoftAAC2(142): Reconfiguring decoder: 44100 Hz, 2 channels
02-17 17:14:27.863: D/hlsjni(8898): put ts data to queue...982488
02-17 17:14:27.863: D/hlsjni(8898): pop ts data from queue... 982488
02-17 17:14:28.773: D/hlsjni(8898): segments[0].id => 63132 <-> cur_seq_no => 64211 <-> n_segments => 1080
02-17 17:14:28.793: I/hlsjni(8898): >>>>>>>>>>>>>>>>>>>[hls_reload_playlist thread] exit...
02-17 17:14:28.793: D/hlsjni(8898): packet_queue_destroy
02-17 17:14:28.793: D/hlsjni(8898): destroy m3u8_playlist_q success
02-17 17:14:28.793: D/hlsjni(8898): free_variant_list success
02-17 17:14:28.793: D/hlsjni(8898): packet_queue_destroy
02-17 17:14:28.793: D/hlsjni(8898): destroy m3u8_download_q success
02-17 17:14:28.793: I/hlsjni(8898): >>>>>>>>>>>>>>>>>>>[hls_live_play thread] exit...
02-17 17:14:29.902: D/hlsjni(8898): put ts data to queue...999784
02-17 17:14:29.906: D/hlsjni(8898): pop ts data from queue... 999784
02-17 17:14:31.140: D/PlayVideoActivity(8898): hoperun--handleMessage---->FADE_BOTTOM_OUT
02-17 17:14:31.140: D/PlayVideoActivity(8898): hoperun--hideBottomLayout--------------->
02-17 17:14:31.484: D/PlayVideoActivity(8898): hoperun--centerlayout-----------onclick
02-17 17:14:31.484: D/PlayVideoActivity(8898): hoperun--onKeyDown------>keyCode = 23
02-17 17:14:31.484: D/PlayVideoActivity(8898): hoperun--OnkeyDown--------->keycode_ok Visibility=0
02-17 17:14:31.484: D/PlayVideoActivity(8898): hoperun--showBottomLayout--------------->
02-17 17:14:31.484: D/PlayVideoActivity(8898): hoperun--showChannelLayout--------------->
02-17 17:14:31.484: D/ChannelDataOperate(8898): hoperun--queryChannelByType----->type = 2
02-17 17:14:31.484: D/DBTool(8898): hoperun--queryBySql-->sql=select * from channel a left join collect b on a.channelInfo_name=b.channel_name where channelInfo_typeId=2
02-17 17:14:31.488: D/ChannelDataOperate(8898): hoperun--getInfoByCursor----->isLaunch=false count = 43 isJoinTable=true
02-17 17:14:31.507: D/PlayVideoActivity(8898): hoperun--getListPosition--------->i===========1
02-17 17:14:31.507: D/PlayVideoActivity(8898): hoperun--loadData------------------>mPos=1  curChannelType=2
02-17 17:14:31.562: D/dalvikvm(8898): GC_CONCURRENT freed 1507K, 32% free 5649K/8195K, paused 3ms+14ms, total 68ms
02-17 17:14:32.441: D/hlsjni(8898): put ts data to queue...1081000
02-17 17:14:32.441: D/hlsjni(8898): pop ts data from queue... 1081000
02-17 17:14:33.882: D/hlsjni(8898): segments[0].id => 63132 <-> cur_seq_no => 64212 <-> n_segments => 1080
02-17 17:14:36.578: D/PlayVideoActivity(8898): hoperun--handleMessage---->FADE_CHANNEL_OUT
02-17 17:14:36.578: D/PlayVideoActivity(8898): hoperun--hideChannelLayout--------------->
02-17 17:14:36.589: D/PlayVideoActivity(8898): hoperun--tvRequestFocus--------------->centerlayout=true flag=true
02-17 17:14:36.589: D/PlayVideoActivity(8898): hoperun--handleMessage---->FADE_BOTTOM_OUT
02-17 17:14:36.593: D/PlayVideoActivity(8898): hoperun--hideBottomLayout--------------->
02-17 17:14:39.054: D/hlsjni(8898): segments[0].id => 63132 <-> cur_seq_no => 64212 <-> n_segments => 1080
02-17 17:14:40.722: D/PlayVideoActivity(8898): hoperun--centerlayout-----------onclick
02-17 17:14:40.722: D/PlayVideoActivity(8898): hoperun--onKeyDown------>keyCode = 23
02-17 17:14:40.722: D/PlayVideoActivity(8898): hoperun--OnkeyDown--------->keycode_ok Visibility=0
02-17 17:14:40.722: D/PlayVideoActivity(8898): hoperun--showBottomLayout--------------->
02-17 17:14:40.722: D/PlayVideoActivity(8898): hoperun--showChannelLayout--------------->
02-17 17:14:40.722: D/ChannelDataOperate(8898): hoperun--queryChannelByType----->type = 2
02-17 17:14:40.722: D/DBTool(8898): hoperun--queryBySql-->sql=select * from channel a left join collect b on a.channelInfo_name=b.channel_name where channelInfo_typeId=2
02-17 17:14:40.726: D/ChannelDataOperate(8898): hoperun--getInfoByCursor----->isLaunch=false count = 43 isJoinTable=true
02-17 17:14:40.730: D/PlayVideoActivity(8898): hoperun--getListPosition--------->i===========1
02-17 17:14:40.730: D/PlayVideoActivity(8898): hoperun--loadData------------------>mPos=1  curChannelType=2
02-17 17:14:48.136: D/PlayVideoActivity(8898): hoperun--handleMessage---->FADE_CHANNEL_OUT
02-17 17:14:48.136: D/PlayVideoActivity(8898): hoperun--hideChannelLayout--------------->
02-17 17:14:48.136: D/PlayVideoActivity(8898): hoperun--tvRequestFocus--------------->centerlayout=true flag=true
02-17 17:14:48.136: D/PlayVideoActivity(8898): hoperun--handleMessage---->FADE_BOTTOM_OUT
02-17 17:14:48.136: D/PlayVideoActivity(8898): hoperun--hideBottomLayout--------------->
02-17 17:14:49.035: D/hlsjni(8898): segments[0].id => 63133 <-> cur_seq_no => 64212 <-> n_segments => 1080
02-17 17:14:52.136: D/hlsjni(8898): put ts data to queue...1364692
02-17 17:14:52.136: D/hlsjni(8898): pop ts data from queue... 1364692
02-17 17:14:53.929: D/hlsjni(8898): segments[0].id => 63133 <-> cur_seq_no => 64213 <-> n_segments => 1080
02-17 17:14:55.011: D/PlayVideoActivity(8898): hoperun--onKeyDown------>keyCode = 24
02-17 17:14:56.062: I/AwesomePlayer(142): we're much too late (14.77 secs), video skipping ahead
02-17 17:14:56.101: D/PlayVideoActivity(8898): hoperun--onKeyDown------>keyCode = 24
02-17 17:14:56.113: I/AwesomePlayer(142): XXX mSeekTimeUs = 14907872 us, timeUs = 400000 us
02-17 17:14:56.113: I/AwesomePlayer(142): after SEEK_VIDEO_ONLY we're late by 14.42 secs
02-17 17:14:56.128: D/VideoView(8898): hoperun--OnInfoListener----> what=700  extra=14577 mp.height=360 mp.width=640
02-17 17:14:56.136: I/AwesomePlayer(142): we're much too late (14.36 secs), video skipping ahead
02-17 17:14:56.168: I/AwesomePlayer(142): XXX mSeekTimeUs = 14977532 us, timeUs = 920000 us
02-17 17:14:56.168: I/AwesomePlayer(142): after SEEK_VIDEO_ONLY we're late by 13.95 secs
02-17 17:14:56.191: I/AwesomePlayer(142): we're much too late (13.89 secs), video skipping ahead
02-17 17:14:56.222: I/AwesomePlayer(142): XXX mSeekTimeUs = 15047192 us, timeUs = 1480000 us
02-17 17:14:56.222: I/AwesomePlayer(142): after SEEK_VIDEO_ONLY we're late by 13.45 secs
02-17 17:14:56.246: I/AwesomePlayer(142): we're much too late (13.39 secs), video skipping ahead
02-17 17:14:56.277: I/AwesomePlayer(142): XXX mSeekTimeUs = 15093311 us, timeUs = 2000000 us
02-17 17:14:56.277: I/AwesomePlayer(142): after SEEK_VIDEO_ONLY we're late by 12.98 secs
02-17 17:14:56.296: I/AwesomePlayer(142): we're much too late (12.92 secs), video skipping ahead
02-17 17:14:56.335: I/AwesomePlayer(142): XXX mSeekTimeUs = 15139750 us, timeUs = 2640000 us
02-17 17:14:56.335: I/AwesomePlayer(142): after SEEK_VIDEO_ONLY we're late by 12.40 secs
02-17 17:14:56.355: I/AwesomePlayer(142): we're much too late (12.38 secs), video skipping ahead
02-17 17:14:56.382: I/AwesomePlayer(142): XXX mSeekTimeUs = 15232630 us, timeUs = 3120000 us
02-17 17:14:56.382: I/AwesomePlayer(142): after SEEK_VIDEO_ONLY we're late by 11.96 secs
02-17 17:14:56.406: I/AwesomePlayer(142): we're much too late (11.87 secs), video skipping ahead
02-17 17:14:56.433: I/AwesomePlayer(142): XXX mSeekTimeUs = 15279070 us, timeUs = 3680000 us
02-17 17:14:56.433: I/AwesomePlayer(142): after SEEK_VIDEO_ONLY we're late by 11.46 secs
02-17 17:14:56.460: I/AwesomePlayer(142): we're much too late (11.40 secs), video skipping ahead
02-17 17:14:56.488: I/AwesomePlayer(142): XXX mSeekTimeUs = 15325510 us, timeUs = 4160000 us
02-17 17:14:56.488: I/AwesomePlayer(142): after SEEK_VIDEO_ONLY we're late by 11.03 secs
02-17 17:14:56.515: I/AwesomePlayer(142): we're much too late (10.97 secs), video skipping ahead
02-17 17:14:56.543: I/AwesomePlayer(142): XXX mSeekTimeUs = 15371950 us, timeUs = 4680000 us
02-17 17:14:56.543: I/AwesomePlayer(142): after SEEK_VIDEO_ONLY we're late by 10.56 secs
02-17 17:14:56.570: I/AwesomePlayer(142): we're much too late (10.51 secs), video skipping ahead
02-17 17:14:56.609: I/AwesomePlayer(142): XXX mSeekTimeUs = 15418390 us, timeUs = 5360000 us
02-17 17:14:56.609: I/AwesomePlayer(142): after SEEK_VIDEO_ONLY we're late by 9.95 secs
02-17 17:14:56.636: I/AwesomePlayer(142): we're much too late (9.94 secs), video skipping ahead
02-17 17:14:56.699: E/(142): SsbSipMfcDecExe: IOCTL_MFC_DEC_EXE failed(ret : -2005)
02-17 17:14:56.707: I/AwesomePlayer(142): XXX mSeekTimeUs = 15488050 us, timeUs = 5920000 us
02-17 17:14:56.707: I/AwesomePlayer(142): after SEEK_VIDEO_ONLY we're late by 9.49 secs
02-17 17:14:58.953: D/hlsjni(8898): segments[0].id => 63134 <-> cur_seq_no => 64213 <-> n_segments => 1080
02-17 17:15:01.484: D/hlsjni(8898): put ts data to queue...830208
02-17 17:15:01.484: D/hlsjni(8898): pop ts data from queue... 830208
02-17 17:15:04.242: D/hlsjni(8898): segments[0].id => 63134 <-> cur_seq_no => 64214 <-> n_segments => 1080
02-17 17:15:06.312: D/PlayVideoActivity(8898): hoperun--centerlayout-----------onclick
02-17 17:15:06.312: D/PlayVideoActivity(8898): hoperun--onKeyDown------>keyCode = 23
02-17 17:15:06.312: D/PlayVideoActivity(8898): hoperun--OnkeyDown--------->keycode_ok Visibility=0
02-17 17:15:06.312: D/PlayVideoActivity(8898): hoperun--showBottomLayout--------------->
02-17 17:15:06.312: D/PlayVideoActivity(8898): hoperun--showChannelLayout--------------->
02-17 17:15:06.312: D/ChannelDataOperate(8898): hoperun--queryChannelByType----->type = 2
02-17 17:15:06.312: D/DBTool(8898): hoperun--queryBySql-->sql=select * from channel a left join collect b on a.channelInfo_name=b.channel_name where channelInfo_typeId=2
02-17 17:15:06.316: D/ChannelDataOperate(8898): hoperun--getInfoByCursor----->isLaunch=false count = 43 isJoinTable=true
02-17 17:15:06.324: D/PlayVideoActivity(8898): hoperun--getListPosition--------->i===========1
02-17 17:15:06.324: D/PlayVideoActivity(8898): hoperun--loadData------------------>mPos=1  curChannelType=2
02-17 17:15:10.335: D/hlsjni(8898): segments[0].id => 63134 <-> cur_seq_no => 64214 <-> n_segments => 1080
02-17 17:15:14.613: D/PlayVideoActivity(8898): hoperun--onItemClick------------>isShowChannel=true
02-17 17:15:14.613: D/PlayVideoActivity(8898): hoperun--onItemClick------------>curChannelType=2
02-17 17:15:14.613: D/PlayVideoActivity(8898): hoperun--showWaitProgress-----------------------
02-17 17:15:14.613: D/PlayVideoActivity(8898): hoperun--loadVideo--->isReload = false,isNeedInit=true,curInfo.id=23
02-17 17:15:14.613: D/PlayVideoActivity(8898): hoperun--loadVideo--->urlListIndex=0 urlListSize=5 curInfo.playUrl=http://gslb.tv.sohu.com/live?cid=60&type=hls,http://zb.v.qq.com:1863/?progid=857894899&ostype=ios,http://zb.v.qq.com:1863/?progid=2084914015&ostype=ios,http://live.gslb.letv.com/gslb?stream_id=guangdong&tag=live&ext=m3u8&sign=live_ipad,http://web-play.pptv.com/web-m3u8-300179.m3u8
02-17 17:15:14.613: D/HttpUtil(8898): checkNetWork------->connectivityManager != null
02-17 17:15:14.617: D/HttpUtil(8898): checkNetWork------->networkInfos != null
02-17 17:15:14.617: D/HttpUtil(8898): checkNetWork------->return true
02-17 17:15:14.617: D/DBTool(8898): hoperun--queryBySql-->sql=select iscollect from collect where channel_name='广东卫视'
02-17 17:15:14.621: D/DBTool(8898): hoperun--query------>tableName= channel
02-17 17:15:14.625: D/ChannelDataOperate(8898): hoperun--queryChannelIcon-->columnIndex--->0
02-17 17:15:14.625: D/PlayVideoActivity(8898): hoperun--refreshChannelInfo---->msg.arg1=23
02-17 17:15:14.625: D/HttpUtil(8898): checkNetWork------->connectivityManager != null
02-17 17:15:14.628: D/HttpUtil(8898): checkNetWork------->networkInfos != null
02-17 17:15:14.628: D/HttpUtil(8898): checkNetWork------->return true
02-17 17:15:14.632: D/ProgramUtil(8898): getProgramById---->cId23
02-17 17:15:14.632: D/HttpUtil(8898): checkNetWork------->connectivityManager != null
02-17 17:15:14.636: D/HttpUtil(8898): checkNetWork------->networkInfos != null
02-17 17:15:14.636: D/HttpUtil(8898): checkNetWork------->return true
02-17 17:15:14.656: D/PlayVideoActivity(8898): hoperun--handleMessage---->REFRESH_CHANNEL_ID
02-17 17:15:14.656: D/PlayVideoActivity(8898): hoperun--curInfo===ChannelInfo [id=23, name=广东卫视, typeId=2, index=, isCollect=true, iconUrl=http://feiying.hoperun.com:8081/hoperun/icon/guangdong.png, playUrl=http://gslb.tv.sohu.com/live?cid=60&type=hls,http://zb.v.qq.com:1863/?progid=857894899&ostype=ios,http://zb.v.qq.com:1863/?progid=2084914015&ostype=ios,http://live.gslb.letv.com/gslb?stream_id=guangdong&tag=live&ext=m3u8&sign=live_ipad,http://web-play.pptv.com/web-m3u8-300179.m3u8]
02-17 17:15:14.699: D/ProgramUtil(8898): getServerTime sucess: serverDate = 2013-02-17, serverTime = 17:17
02-17 17:15:14.707: D/DownloadImagesThread(8898): downSingleChannelIcon---->inputStream != null
02-17 17:15:14.734: D/ProgramUtil(8898): tempTime = 17:17, curMinute = 1037
02-17 17:15:14.738: D/ProgramUtil(8898): calcProgress----------->result=17
02-17 17:15:14.738: D/PlayVideoActivity(8898): hoperun--getProgramSucess----------->
02-17 17:15:14.738: D/PlayVideoActivity(8898): hoperun--handleMessage---->REFRESH_SUCESS_PROGRAM
02-17 17:15:14.777: D/DBTool(8898): hoperun--updateRecord---->update last channel type ,rowID= 1
02-17 17:15:14.777: D/ChannelDataOperate(8898): hoperun--updateChannelIcon--->true
02-17 17:15:14.777: D/PlayVideoActivity(8898): hoperun--handleMessage---->REFRESH_CHANNEL_ICON
02-17 17:15:14.777: D/PlayVideoActivity(8898): hoperun--handleMessage---->REFRESH_CHANNEL_ICON  id=23
02-17 17:15:15.117: D/PlayVideoActivity(8898): hoperun--handleMessage---->SET_VIDEO_PATH=http://gslb.tv.sohu.com/live?cid=60&type=hls
02-17 17:15:15.121: I/hlsjni(8898): hls start preparing ===> http://gslb.tv.sohu.com/live?cid=60&type=hls
02-17 17:15:15.121: I/hlsjni(8898): Playback ===> [http://gslb.tv.sohu.com/live?cid=60&type=hls]
02-17 17:15:15.121: I/hlsjni(8898): hls create a new thread...
02-17 17:15:15.121: I/hlsjni(8898): get into hls_live_thread
02-17 17:15:15.148: I/hlsjni(8898): get into [hls_live_play] thread
02-17 17:15:15.148: D/hlsjni(8898): ======>pointer [hls_ctx] = 0x2a1f57f8
02-17 17:15:15.148: D/hlsjni(8898): packet_queue_init
02-17 17:15:15.246: D/hlsjni(8898): redirect_url >>> http://61.160.228.32:80/playlist/60.m3u8?key=69jOu_xYZ-GXLEIl_rbpaFFaVtLR1WFxRsHuXA..&ver=segment&n=vPAve5G3cV4.
02-17 17:15:15.246: D/hlsjni(8898): new url >>> http://61.160.228.32:80/playlist/60.m3u8?key=69jOu_xYZ-GXLEIl_rbpaFFaVtLR1WFxRsHuXA..&ver=segment&n=vPAve5G3cV4.
02-17 17:15:15.277: D/hlsjni(8898): first step...
02-17 17:15:15.277: D/hlsjni(8898): http://61.160.228.32:80/playlist/60.m3u8?key=69jOu_xYZ-GXLEIl_rbpaFFaVtLR1WFxRsHuXA..&ver=segment&n=vPAve5G3cV4.
02-17 17:15:15.316: D/hlsjni(8898): >>>no variants, but segment is here, so create variant first	-- 1
02-17 17:15:15.316: D/hlsjni(8898): second step...
02-17 17:15:15.339: D/hlsjni(8898): http://61.160.228.32:80/playlist/60.m3u8?key=69jOu_xYZ-GXLEIl_rbpaFFaVtLR1WFxRsHuXA..&ver=segment&n=vPAve5G3cV4.
02-17 17:15:15.386: D/hlsjni(8898): packet_queue_init
02-17 17:15:15.386: I/hlsjni(8898): hls create a new thread...
02-17 17:15:15.386: D/hlsjni(8898): after first playlist : cur_seq_no = 5066
02-17 17:15:15.386: D/hlsjni(8898): get into playlist reloading loop...
02-17 17:15:15.390: D/hlsjni(8898): hls download thread are working now...
02-17 17:15:15.488: D/hlsjni(8898): segments[0].id => 5063 <-> cur_seq_no => 5066 <-> n_segments => 3
02-17 17:15:15.679: I/hlsjni(8898): hls proxy buffing down, notice MediaPlayer start playing...
02-17 17:15:15.679: I/hlsjni(8898): >>>>>>>>>>>>>>>>>>>[stop the previous channel thread]
02-17 17:15:15.679: I/hlsjni(8898): get into hls_event_callback method
02-17 17:15:15.679: I/hlsjni(8898): hls_event_callback: failed to get JNI environment, assuming native thread
02-17 17:15:15.687: D/EventManager(8898): callback----->event = 260  mEventHandler.size()=1
02-17 17:15:15.695: D/EventManager(8898): callback----->for   i= 0
02-17 17:15:15.695: D/PlayVideoActivity(8898): hoperun--VideoPlayerEventHandler---->eventHandler=260
02-17 17:15:15.695: D/PlayVideoActivity(8898): hoperun--eventHandler------>MediaPlayerPlaying
02-17 17:15:15.695: D/PlayVideoActivity(8898): pathUri=http://localhost:8080/livetv.ts
02-17 17:15:15.699: I/hlsjni(8898): get out of hls_event_callback method
02-17 17:15:15.714: I/OMXCodec(142): [OMX.SEC.AVC.Decoder] AVC profile = 100 (High), level = 30
02-17 17:15:15.714: I/OMXCodec(142): [OMX.SEC.AVC.Decoder] video dimensions are 640 x 360
02-17 17:15:15.718: D/hlsjni(8898): put ts data to queue...195520
02-17 17:15:15.738: W/TimedEventQueue(142): Event 4347 was not found in the queue, already cancelled?
02-17 17:15:15.746: V/VideoView(8898): reset duration to -1 in openVideo
02-17 17:15:15.746: D/MediaPlayer(8898): Couldn't open file on client side, trying server side
02-17 17:15:15.750: I/AwesomePlayer(142): setDataSource_l('http://localhost:8080/livetv.ts')
02-17 17:15:15.753: W/AudioFlinger(142): session id 420 not found for pid 8898
02-17 17:15:15.761: V/ChromiumHTTPDataSource(142): connect on behalf of uid 10048
02-17 17:15:15.761: I/ChromiumHTTPDataSource(142): connect to http://localhost:8080/livetv.ts @0
02-17 17:15:15.765: D/hlsjni(8898): mongoose callback to proxy_live
02-17 17:15:15.765: D/hlsjni(8898): mongoose callback to proxy_live
02-17 17:15:15.765: D/hlsjni(8898): mongoose callback to proxy_live
02-17 17:15:15.765: D/hlsjni(8898): mongoose callback to proxy_live
02-17 17:15:15.765: I/hlsjni(8898): mongoose proxy get queue from hls
02-17 17:15:15.765: D/hlsjni(8898): mongoose callback to proxy_live
02-17 17:15:15.765: D/hlsjni(8898): offset = 0, len = 4398046511104
02-17 17:15:15.765: I/hlsjni(8898): -------------------------------------->>>send live data to MediaPlayer
02-17 17:15:15.765: D/hlsjni(8898): ======>pointer [hls_ctx] = 0x2a1f57f8
02-17 17:15:15.765: D/hlsjni(8898): ready to send TV data to Android MediaPlayer...
02-17 17:15:15.765: D/hlsjni(8898): pop ts data from queue... 195520
02-17 17:15:15.964: D/hlsjni(8898): put ts data to queue...178036
02-17 17:15:15.964: D/hlsjni(8898): pop ts data from queue... 178036
02-17 17:15:16.210: W/WVMExtractor(142): Failed to open libwvm.so
02-17 17:15:16.453: I/avc_utils(142): found AVC codec config (800 x 450, Main-profile level 3.0)
02-17 17:15:16.472: D/hlsjni(8898): segments[0].id => 5063 <-> cur_seq_no => 5066 <-> n_segments => 3
02-17 17:15:16.484: I/ESQueue(142): found AAC codec config (44100 Hz, 1 channels)
02-17 17:15:16.484: I/MPEG2TSExtractor(142): haveAudio=1, haveVideo=1
02-17 17:15:16.488: I/OMXCodec(142): [OMX.SEC.AVC.Decoder] AVC profile = 77 (Main), level = 30
02-17 17:15:16.488: I/OMXCodec(142): [OMX.SEC.AVC.Decoder] video dimensions are 800 x 450
02-17 17:15:17.492: D/hlsjni(8898): put ts data to queue...341032
02-17 17:15:17.492: D/hlsjni(8898): pop ts data from queue... 341032
02-17 17:15:17.511: D/PlayVideoActivity(8898): hoperun--onPreparedListener---->mp.weigth=800 mp.height = 450
02-17 17:15:17.511: D/VideoView(8898): hoperun------in the invoke-------mMediaPlayer:
02-17 17:15:17.511: E/Parcel(142): Reading a NULL string not supported here.
02-17 17:15:17.515: E/Parcel(142): Reading a NULL string not supported here.
02-17 17:15:17.515: E/TimedTextDriver(142): uri('') is not a file
02-17 17:15:17.515: W/System.err(8898): java.lang.reflect.InvocationTargetException
02-17 17:15:17.519: W/System.err(8898): 	at java.lang.reflect.Method.invokeNative(Native Method)
02-17 17:15:17.519: W/System.err(8898): 	at java.lang.reflect.Method.invoke(Method.java:511)
02-17 17:15:17.519: W/System.err(8898): 	at com.hoperun.live.widget.VideoView.invoke(VideoView.java:154)
02-17 17:15:17.523: W/System.err(8898): 	at com.hoperun.live.activity.PlayVideoActivity.setVideoScale(PlayVideoActivity.java:2463)
02-17 17:15:17.523: W/System.err(8898): 	at com.hoperun.live.activity.PlayVideoActivity.access$41(PlayVideoActivity.java:2449)
02-17 17:15:17.523: W/System.err(8898): 	at com.hoperun.live.activity.PlayVideoActivity$3.onPrepared(PlayVideoActivity.java:2240)
02-17 17:15:17.523: W/System.err(8898): 	at com.hoperun.live.widget.VideoView$2.onPrepared(VideoView.java:350)
02-17 17:15:17.527: W/System.err(8898): 	at android.media.MediaPlayer$EventHandler.handleMessage(MediaPlayer.java:1975)
02-17 17:15:17.531: W/System.err(8898): 	at android.os.Handler.dispatchMessage(Handler.java:99)
02-17 17:15:17.531: W/System.err(8898): 	at android.os.Looper.loop(Looper.java:137)
02-17 17:15:17.535: W/System.err(8898): 	at android.app.ActivityThread.main(ActivityThread.java:4931)
02-17 17:15:17.535: W/System.err(8898): 	at java.lang.reflect.Method.invokeNative(Native Method)
02-17 17:15:17.535: W/System.err(8898): 	at java.lang.reflect.Method.invoke(Method.java:511)
02-17 17:15:17.539: W/System.err(8898): 	at com.android.internal.os.ZygoteInit$MethodAndArgsCaller.run(ZygoteInit.java:791)
02-17 17:15:17.543: W/System.err(8898): 	at com.android.internal.os.ZygoteInit.main(ZygoteInit.java:558)
02-17 17:15:17.543: W/System.err(8898): 	at dalvik.system.NativeStart.main(Native Method)
02-17 17:15:17.543: W/System.err(8898): Caused by: java.lang.RuntimeException: failure code: -1010
02-17 17:15:17.546: W/System.err(8898): 	at android.media.MediaPlayer.invoke(MediaPlayer.java:644)
02-17 17:15:17.546: W/System.err(8898): 	... 16 more
02-17 17:15:17.546: D/VideoView(8898): hoperun--start----------mMediaPlayer  is true  mIsPrepared=true
02-17 17:15:17.546: D/PlayVideoActivity(8898): hoperun--mediaPlayerPrepared------>isReload=false
02-17 17:15:17.546: D/PlayVideoActivity(8898): hoperun--dismissWaitProgress-----------------------
02-17 17:15:17.550: D/PlayVideoActivity(8898): hoperun--updateLaseChannelTypeInfo--->lastUrihttp://gslb.tv.sohu.com/live?cid=60&type=hls,http://zb.v.qq.com:1863/?progid=857894899&ostype=ios,http://zb.v.qq.com:1863/?progid=2084914015&ostype=ios,http://live.gslb.letv.com/gslb?stream_id=guangdong&tag=live&ext=m3u8&sign=live_ipad,http://web-play.pptv.com/web-m3u8-300179.m3u8
02-17 17:15:17.550: D/ChannelDataOperate(8898): hoperun--==checkChannelType=
02-17 17:15:17.550: D/DBTool(8898): hoperun--query------>tableName= channel
02-17 17:15:17.554: D/PlayVideoActivity(8898): hoperun--updateLaseChannelTypeInfo--->channelid23 typeId =2
02-17 17:15:17.574: D/DBTool(8898): hoperun--updateRecord---->update last channel type ,rowID= 1
02-17 17:15:17.582: D/DBTool(8898): hoperun--updateRecord---->update last channel type ,rowID= 1
02-17 17:15:17.582: D/PlayVideoActivity(8898): hoperun--showBottomLayout--------------->
02-17 17:15:17.593: D/VideoView(8898): hoperun--surfaceChanged------------>
02-17 17:15:17.859: I/OMXCodec(142): [OMX.SEC.AVC.Decoder] video dimensions are 800 x 464
02-17 17:15:17.859: I/OMXCodec(142): [OMX.SEC.AVC.Decoder] Crop rect is 800 x 450 @ (0, 0)
02-17 17:15:17.890: E/(142): SsbSipMfcDecExe: IOCTL_MFC_DEC_EXE failed(ret : -2005)
02-17 17:15:17.921: I/SoftAAC2(142): Reconfiguring decoder: 44100 Hz, 1 channels
02-17 17:15:19.652: D/PlayVideoActivity(8898): hoperun--handleMessage---->FADE_CHANNEL_OUT
02-17 17:15:19.652: D/PlayVideoActivity(8898): hoperun--hideChannelLayout--------------->
02-17 17:15:19.656: D/PlayVideoActivity(8898): hoperun--tvRequestFocus--------------->centerlayout=true flag=true
02-17 17:15:19.679: D/PlayVideoActivity(8898): hoperun--handleMessage---->FADE_ID_OUT
02-17 17:15:19.976: D/hlsjni(8898): segments[0].id => 5064 <-> cur_seq_no => 5066 <-> n_segments => 3
02-17 17:15:20.093: D/hlsjni(8898): segments[0].id => 5064 <-> cur_seq_no => 5067 <-> n_segments => 3
02-17 17:15:21.351: D/PlayVideoActivity(8898): hoperun--onKeyDown------>keyCode = 25
02-17 17:15:21.949: D/PlayVideoActivity(8898): hoperun--onKeyDown------>keyCode = 25
02-17 17:15:22.585: D/PlayVideoActivity(8898): hoperun--handleMessage---->FADE_BOTTOM_OUT
02-17 17:15:22.585: D/PlayVideoActivity(8898): hoperun--hideBottomLayout--------------->
02-17 17:15:22.691: D/hlsjni(8898): put ts data to queue...287640
02-17 17:15:22.691: D/hlsjni(8898): pop ts data from queue... 287640
02-17 17:15:22.914: D/hlsjni(8898): segments[0].id => 63135 <-> cur_seq_no => 64214 <-> n_segments => 1080
02-17 17:15:25.152: D/hlsjni(8898): segments[0].id => 5065 <-> cur_seq_no => 5067 <-> n_segments => 3
02-17 17:15:25.296: D/hlsjni(8898): segments[0].id => 5065 <-> cur_seq_no => 5068 <-> n_segments => 3
02-17 17:15:27.296: D/hlsjni(8898): segments[0].id => 5065 <-> cur_seq_no => 5068 <-> n_segments => 3
02-17 17:15:28.820: D/hlsjni(8898): segments[0].id => 5065 <-> cur_seq_no => 5068 <-> n_segments => 3
02-17 17:15:28.886: D/hlsjni(8898): segments[0].id => 63135 <-> cur_seq_no => 64215 <-> n_segments => 1080
02-17 17:15:31.043: D/hlsjni(8898): put ts data to queue...350432
02-17 17:15:31.046: D/hlsjni(8898): pop ts data from queue... 350432
02-17 17:15:31.242: D/PlayVideoActivity(8898): hoperun--centerlayout-----------onclick
02-17 17:15:31.242: D/PlayVideoActivity(8898): hoperun--onKeyDown------>keyCode = 23
02-17 17:15:31.242: D/PlayVideoActivity(8898): hoperun--OnkeyDown--------->keycode_ok Visibility=0
02-17 17:15:31.242: D/PlayVideoActivity(8898): hoperun--showBottomLayout--------------->
02-17 17:15:31.242: D/PlayVideoActivity(8898): hoperun--showChannelLayout--------------->
02-17 17:15:31.246: D/ChannelDataOperate(8898): hoperun--queryChannelByType----->type = 2
02-17 17:15:31.246: D/DBTool(8898): hoperun--queryBySql-->sql=select * from channel a left join collect b on a.channelInfo_name=b.channel_name where channelInfo_typeId=2
02-17 17:15:31.250: D/ChannelDataOperate(8898): hoperun--getInfoByCursor----->isLaunch=false count = 43 isJoinTable=true
02-17 17:15:31.261: D/PlayVideoActivity(8898): hoperun--getListPosition--------->i===========3
02-17 17:15:31.261: D/PlayVideoActivity(8898): hoperun--loadData------------------>mPos=3  curChannelType=2
02-17 17:15:32.332: D/hlsjni(8898): segments[0].id => 5066 <-> cur_seq_no => 5068 <-> n_segments => 3
02-17 17:15:34.281: D/PlayVideoActivity(8898): hoperun--onItemClick------------>isShowChannel=true
02-17 17:15:34.281: D/PlayVideoActivity(8898): hoperun--onItemClick------------>curChannelType=2
02-17 17:15:34.281: D/PlayVideoActivity(8898): hoperun--showWaitProgress-----------------------
02-17 17:15:34.285: D/PlayVideoActivity(8898): hoperun--loadVideo--->isReload = false,isNeedInit=true,curInfo.id=24
02-17 17:15:34.285: D/PlayVideoActivity(8898): hoperun--loadVideo--->urlListIndex=0 urlListSize=6 curInfo.playUrl=http://gslb.tv.sohu.com/live?cid=31&type=hls,http://zb.v.qq.com:1863/?progid=1975434150&ostype=ios,http://zb.v.qq.com:1863/?progid=2907109968&ostype=ios,http://live.gslb.letv.com/gslb?stream_id=zhejiang&tag=live&ext=m3u8&sign=live_ipad,http://liveipad.wasu.cn/zjws_ipad/z.m3u8,http://web-play.pptv.com/web-m3u8-300164.m3u8
02-17 17:15:34.285: D/HttpUtil(8898): checkNetWork------->connectivityManager != null
02-17 17:15:34.285: D/HttpUtil(8898): checkNetWork------->networkInfos != null
02-17 17:15:34.285: D/HttpUtil(8898): checkNetWork------->return true
02-17 17:15:34.289: D/DBTool(8898): hoperun--queryBySql-->sql=select iscollect from collect where channel_name='浙江卫视'
02-17 17:15:34.289: D/DBTool(8898): hoperun--query------>tableName= channel
02-17 17:15:34.293: D/ChannelDataOperate(8898): hoperun--queryChannelIcon-->columnIndex--->0
02-17 17:15:34.293: D/PlayVideoActivity(8898): hoperun--refreshChannelInfo---->msg.arg1=24
02-17 17:15:34.293: D/HttpUtil(8898): checkNetWork------->connectivityManager != null
02-17 17:15:34.296: D/HttpUtil(8898): checkNetWork------->networkInfos != null
02-17 17:15:34.296: D/HttpUtil(8898): checkNetWork------->return true
02-17 17:15:34.300: D/ProgramUtil(8898): getProgramById---->cId24
02-17 17:15:34.300: D/HttpUtil(8898): checkNetWork------->connectivityManager != null
02-17 17:15:34.308: D/HttpUtil(8898): checkNetWork------->networkInfos != null
02-17 17:15:34.308: D/HttpUtil(8898): checkNetWork------->return true
02-17 17:15:34.320: D/hlsjni(8898): segments[0].id => 63136 <-> cur_seq_no => 64215 <-> n_segments => 1080
02-17 17:15:34.339: D/PlayVideoActivity(8898): hoperun--handleMessage---->REFRESH_CHANNEL_ID
02-17 17:15:34.339: D/PlayVideoActivity(8898): hoperun--curInfo===ChannelInfo [id=24, name=浙江卫视, typeId=2, index=, isCollect=false, iconUrl=http://feiying.hoperun.com:8081/hoperun/icon/zhejiang.png, playUrl=http://gslb.tv.sohu.com/live?cid=31&type=hls,http://zb.v.qq.com:1863/?progid=1975434150&ostype=ios,http://zb.v.qq.com:1863/?progid=2907109968&ostype=ios,http://live.gslb.letv.com/gslb?stream_id=zhejiang&tag=live&ext=m3u8&sign=live_ipad,http://liveipad.wasu.cn/zjws_ipad/z.m3u8,http://web-play.pptv.com/web-m3u8-300164.m3u8]
02-17 17:15:34.406: D/ProgramUtil(8898): getServerTime sucess: serverDate = 2013-02-17, serverTime = 17:17
02-17 17:15:34.425: D/DownloadImagesThread(8898): downSingleChannelIcon---->inputStream != null
02-17 17:15:34.453: D/ProgramUtil(8898): tempTime = 17:17, curMinute = 1037
02-17 17:15:34.468: D/ProgramUtil(8898): calcProgress----------->result=55
02-17 17:15:34.472: D/PlayVideoActivity(8898): hoperun--getProgramSucess----------->
02-17 17:15:34.472: D/PlayVideoActivity(8898): hoperun--handleMessage---->REFRESH_SUCESS_PROGRAM
02-17 17:15:34.492: D/DBTool(8898): hoperun--updateRecord---->update last channel type ,rowID= 1
02-17 17:15:34.492: D/ChannelDataOperate(8898): hoperun--updateChannelIcon--->true
02-17 17:15:34.492: D/PlayVideoActivity(8898): hoperun--handleMessage---->REFRESH_CHANNEL_ICON
02-17 17:15:34.492: D/PlayVideoActivity(8898): hoperun--handleMessage---->REFRESH_CHANNEL_ICON  id=24
02-17 17:15:34.789: D/PlayVideoActivity(8898): hoperun--handleMessage---->SET_VIDEO_PATH=http://gslb.tv.sohu.com/live?cid=31&type=hls
02-17 17:15:34.789: I/hlsjni(8898): hls start preparing ===> http://gslb.tv.sohu.com/live?cid=31&type=hls
02-17 17:15:34.789: I/hlsjni(8898): Playback ===> [http://gslb.tv.sohu.com/live?cid=31&type=hls]
02-17 17:15:34.789: I/hlsjni(8898): hls create a new thread...
02-17 17:15:34.796: I/hlsjni(8898): get into hls_live_thread
02-17 17:15:34.796: I/hlsjni(8898): get into [hls_live_play] thread
02-17 17:15:34.796: D/hlsjni(8898): ======>pointer [hls_ctx] = 0x2a4626c0
02-17 17:15:34.800: D/hlsjni(8898): packet_queue_init
02-17 17:15:35.246: D/hlsjni(8898): put ts data to queue...331632
02-17 17:15:35.246: D/hlsjni(8898): pop ts data from queue... 331632
02-17 17:15:35.621: D/hlsjni(8898): segments[0].id => 5067 <-> cur_seq_no => 5069 <-> n_segments => 3
02-17 17:15:36.921: D/hlsjni(8898): segments[0].id => 5067 <-> cur_seq_no => 5070 <-> n_segments => 3
02-17 17:15:39.324: D/PlayVideoActivity(8898): hoperun--handleMessage---->FADE_CHANNEL_OUT
02-17 17:15:39.328: D/PlayVideoActivity(8898): hoperun--hideChannelLayout--------------->
02-17 17:15:39.332: D/PlayVideoActivity(8898): hoperun--tvRequestFocus--------------->centerlayout=true flag=true
02-17 17:15:39.332: D/PlayVideoActivity(8898): hoperun--handleMessage---->FADE_BOTTOM_OUT
02-17 17:15:39.335: D/PlayVideoActivity(8898): hoperun--hideBottomLayout--------------->
02-17 17:15:39.390: D/hlsjni(8898): segments[0].id => 5067 <-> cur_seq_no => 5070 <-> n_segments => 3
02-17 17:15:39.402: D/PlayVideoActivity(8898): hoperun--handleMessage---->FADE_ID_OUT
02-17 17:15:41.675: D/hlsjni(8898): segments[0].id => 63136 <-> cur_seq_no => 64216 <-> n_segments => 1080
02-17 17:15:43.617: D/hlsjni(8898): segments[0].id => 5068 <-> cur_seq_no => 5070 <-> n_segments => 3
02-17 17:15:45.277: D/hlsjni(8898): redirect_url >>> http://61.160.228.19:80/playlist/31.m3u8?key=x4oCtDKYiRnGEoXe9euLi2JW3O9sGwLm90Uynw..&ver=segment&n=vPAve5G3cV4.
02-17 17:15:45.277: D/hlsjni(8898): new url >>> http://61.160.228.19:80/playlist/31.m3u8?key=x4oCtDKYiRnGEoXe9euLi2JW3O9sGwLm90Uynw..&ver=segment&n=vPAve5G3cV4.
02-17 17:15:45.949: D/hlsjni(8898): first step...
02-17 17:15:45.953: D/hlsjni(8898): http://61.160.228.19:80/playlist/31.m3u8?key=x4oCtDKYiRnGEoXe9euLi2JW3O9sGwLm90Uynw..&ver=segment&n=vPAve5G3cV4.
02-17 17:15:46.011: D/hlsjni(8898): >>>no variants, but segment is here, so create variant first	-- 1
02-17 17:15:46.011: D/hlsjni(8898): second step...
02-17 17:15:46.093: D/hlsjni(8898): put ts data to queue...1134956
02-17 17:15:46.097: D/hlsjni(8898): pop ts data from queue... 1134956
02-17 17:15:46.113: I/hlsjni(8898): -------------------------------------->>>MediaPlayer break liveTV
02-17 17:15:46.113: D/hlsjni(8898): mongoose callback to proxy_live
02-17 17:15:46.156: D/hlsjni(8898): http://61.160.228.19:80/playlist/31.m3u8?key=x4oCtDKYiRnGEoXe9euLi2JW3O9sGwLm90Uynw..&ver=segment&n=vPAve5G3cV4.
02-17 17:15:46.230: D/hlsjni(8898): packet_queue_init
02-17 17:15:46.230: I/hlsjni(8898): hls create a new thread...
02-17 17:15:46.230: D/hlsjni(8898): after first playlist : cur_seq_no = 5707
02-17 17:15:46.234: D/hlsjni(8898): get into playlist reloading loop...
02-17 17:15:46.242: D/hlsjni(8898): hls download thread are working now...
02-17 17:15:46.250: D/hlsjni(8898): segments[0].id => 63137 <-> cur_seq_no => 64216 <-> n_segments => 1080
02-17 17:15:47.105: D/hlsjni(8898): segments[0].id => 5704 <-> cur_seq_no => 5707 <-> n_segments => 3
02-17 17:15:49.519: I/AwesomePlayer(142): cache is running low (< 40000) , pausing.
02-17 17:15:49.519: W/MediaPlayer(8898): info/warning (703, 0)
02-17 17:15:49.519: W/MediaPlayer(8898): info/warning (701, 0)
02-17 17:15:49.519: I/MediaPlayer(8898): Info (703,0)
02-17 17:15:49.519: D/VideoView(8898): hoperun--OnInfoListener----> what=703  extra=0 mp.height=450 mp.width=800
02-17 17:15:49.519: I/MediaPlayer(8898): Info (701,0)
02-17 17:15:49.523: D/VideoView(8898): hoperun--OnInfoListener----> what=701  extra=0 mp.height=450 mp.width=800
02-17 17:15:49.523: D/PlayVideoActivity(8898): hoperun--OnInfoListener----> MEDIA_INFO_BUFFERING_START-----------isFristBuffer=true
02-17 17:15:49.593: D/hlsjni(8898): put ts data to queue...535988
02-17 17:15:49.593: D/hlsjni(8898): pop ts data from queue... 535988
02-17 17:15:49.921: D/hlsjni(8898): segments[0].id => 5705 <-> cur_seq_no => 5707 <-> n_segments => 3
02-17 17:15:49.949: D/hlsjni(8898): segments[0].id => 5069 <-> cur_seq_no => 5071 <-> n_segments => 3
02-17 17:15:50.085: D/hlsjni(8898): segments[0].id => 5705 <-> cur_seq_no => 5708 <-> n_segments => 3
02-17 17:15:50.140: D/hlsjni(8898): segments[0].id => 5069 <-> cur_seq_no => 5072 <-> n_segments => 3
02-17 17:15:50.210: I/hlsjni(8898): hls proxy buffing down, notice MediaPlayer start playing...
02-17 17:15:50.210: I/hlsjni(8898): >>>>>>>>>>>>>>>>>>>[stop the previous channel thread]
02-17 17:15:50.210: I/hlsjni(8898): get into hls_event_callback method
02-17 17:15:50.214: I/hlsjni(8898): hls_event_callback: failed to get JNI environment, assuming native thread
02-17 17:15:50.218: D/EventManager(8898): callback----->event = 260  mEventHandler.size()=1
02-17 17:15:50.218: D/EventManager(8898): callback----->for   i= 0
02-17 17:15:50.222: D/PlayVideoActivity(8898): hoperun--VideoPlayerEventHandler---->eventHandler=260
02-17 17:15:50.222: D/PlayVideoActivity(8898): hoperun--eventHandler------>MediaPlayerPlaying
02-17 17:15:50.222: D/PlayVideoActivity(8898): pathUri=http://localhost:8080/livetv.ts
02-17 17:15:50.242: I/hlsjni(8898): get out of hls_event_callback method
02-17 17:15:50.257: D/hlsjni(8898): put ts data to queue...425820
02-17 17:15:50.261: I/OMXCodec(142): [OMX.SEC.AVC.Decoder] AVC profile = 77 (Main), level = 30
02-17 17:15:50.261: I/OMXCodec(142): [OMX.SEC.AVC.Decoder] video dimensions are 800 x 450
02-17 17:15:50.277: W/TimedEventQueue(142): Event 2360 was not found in the queue, already cancelled?
02-17 17:15:50.285: W/AudioFlinger(142): session id 421 not found for pid 8898
02-17 17:15:50.285: V/VideoView(8898): reset duration to -1 in openVideo
02-17 17:15:50.285: D/MediaPlayer(8898): Couldn't open file on client side, trying server side
02-17 17:15:50.285: I/AwesomePlayer(142): setDataSource_l('http://localhost:8080/livetv.ts')
02-17 17:15:50.289: V/ChromiumHTTPDataSource(142): connect on behalf of uid 10048
02-17 17:15:50.289: I/ChromiumHTTPDataSource(142): connect to http://localhost:8080/livetv.ts @0
02-17 17:15:50.293: D/hlsjni(8898): mongoose callback to proxy_live
02-17 17:15:50.293: D/hlsjni(8898): mongoose callback to proxy_live
02-17 17:15:50.293: D/hlsjni(8898): mongoose callback to proxy_live
02-17 17:15:50.293: D/hlsjni(8898): mongoose callback to proxy_live
02-17 17:15:50.293: I/hlsjni(8898): mongoose proxy get queue from hls
02-17 17:15:50.293: D/hlsjni(8898): mongoose callback to proxy_live
02-17 17:15:50.293: D/hlsjni(8898): offset = 0, len = 4398046511104
02-17 17:15:50.293: I/hlsjni(8898): -------------------------------------->>>send live data to MediaPlayer
02-17 17:15:50.293: D/hlsjni(8898): ======>pointer [hls_ctx] = 0x2a4626c0
02-17 17:15:50.293: D/hlsjni(8898): ready to send TV data to Android MediaPlayer...
02-17 17:15:50.296: D/hlsjni(8898): pop ts data from queue... 425820
02-17 17:15:50.578: W/WVMExtractor(142): Failed to open libwvm.so
02-17 17:15:50.585: D/hlsjni(8898): put ts data to queue...293844
02-17 17:15:50.585: D/hlsjni(8898): pop ts data from queue... 293844
02-17 17:15:50.593: I/hlsjni(8898): -------------------------------------->>>MediaPlayer break liveTV
02-17 17:15:50.593: D/hlsjni(8898): mongoose callback to proxy_live
02-17 17:15:50.785: I/avc_utils(142): found AVC codec config (800 x 450, Main-profile level 3.0)
02-17 17:15:50.820: I/ESQueue(142): found AAC codec config (44100 Hz, 1 channels)
02-17 17:15:50.820: I/MPEG2TSExtractor(142): haveAudio=1, haveVideo=1
02-17 17:15:50.824: I/OMXCodec(142): [OMX.SEC.AVC.Decoder] AVC profile = 77 (Main), level = 30
02-17 17:15:50.828: I/OMXCodec(142): [OMX.SEC.AVC.Decoder] video dimensions are 800 x 450
02-17 17:15:51.796: D/hlsjni(8898): segments[0].id => 5070 <-> cur_seq_no => 5072 <-> n_segments => 3
02-17 17:15:51.796: D/hlsjni(8898): segments[0].id => 5705 <-> cur_seq_no => 5708 <-> n_segments => 3
02-17 17:15:51.871: D/PlayVideoActivity(8898): hoperun--onPreparedListener---->mp.weigth=800 mp.height = 450
02-17 17:15:51.871: D/VideoView(8898): hoperun------in the invoke-------mMediaPlayer:
02-17 17:15:51.871: E/Parcel(142): Reading a NULL string not supported here.
02-17 17:15:51.871: E/Parcel(142): Reading a NULL string not supported here.
02-17 17:15:51.875: E/TimedTextDriver(142): uri('') is not a file
02-17 17:15:51.882: W/System.err(8898): java.lang.reflect.InvocationTargetException
02-17 17:15:51.886: W/System.err(8898): 	at java.lang.reflect.Method.invokeNative(Native Method)
02-17 17:15:51.886: W/System.err(8898): 	at java.lang.reflect.Method.invoke(Method.java:511)
02-17 17:15:51.890: W/System.err(8898): 	at com.hoperun.live.widget.VideoView.invoke(VideoView.java:154)
02-17 17:15:51.890: W/System.err(8898): 	at com.hoperun.live.activity.PlayVideoActivity.setVideoScale(PlayVideoActivity.java:2463)
02-17 17:15:51.890: W/System.err(8898): 	at com.hoperun.live.activity.PlayVideoActivity.access$41(PlayVideoActivity.java:2449)
02-17 17:15:51.894: W/System.err(8898): 	at com.hoperun.live.activity.PlayVideoActivity$3.onPrepared(PlayVideoActivity.java:2240)
02-17 17:15:51.898: W/System.err(8898): 	at com.hoperun.live.widget.VideoView$2.onPrepared(VideoView.java:350)
02-17 17:15:51.898: W/System.err(8898): 	at android.media.MediaPlayer$EventHandler.handleMessage(MediaPlayer.java:1975)
02-17 17:15:51.898: W/System.err(8898): 	at android.os.Handler.dispatchMessage(Handler.java:99)
02-17 17:15:51.898: W/System.err(8898): 	at android.os.Looper.loop(Looper.java:137)
02-17 17:15:51.902: W/System.err(8898): 	at android.app.ActivityThread.main(ActivityThread.java:4931)
02-17 17:15:51.902: W/System.err(8898): 	at java.lang.reflect.Method.invokeNative(Native Method)
02-17 17:15:51.902: W/System.err(8898): 	at java.lang.reflect.Method.invoke(Method.java:511)
02-17 17:15:51.906: W/System.err(8898): 	at com.android.internal.os.ZygoteInit$MethodAndArgsCaller.run(ZygoteInit.java:791)
02-17 17:15:51.906: W/System.err(8898): 	at com.android.internal.os.ZygoteInit.main(ZygoteInit.java:558)
02-17 17:15:51.906: W/System.err(8898): 	at dalvik.system.NativeStart.main(Native Method)
02-17 17:15:51.906: W/System.err(8898): Caused by: java.lang.RuntimeException: failure code: -1010
02-17 17:15:51.910: W/System.err(8898): 	at android.media.MediaPlayer.invoke(MediaPlayer.java:644)
02-17 17:15:51.910: W/System.err(8898): 	... 16 more
02-17 17:15:51.914: D/VideoView(8898): hoperun--start----------mMediaPlayer  is true  mIsPrepared=true
02-17 17:15:51.914: D/PlayVideoActivity(8898): hoperun--mediaPlayerPrepared------>isReload=false
02-17 17:15:51.914: D/PlayVideoActivity(8898): hoperun--dismissWaitProgress-----------------------
